../Drivers/STM32F1xx_HAL_Driver/Src/stm32f1xx_hal_i2s.c:270:19:HAL_I2S_Init	40	static
../Drivers/STM32F1xx_HAL_Driver/Src/stm32f1xx_hal_i2s.c:448:19:HAL_I2S_DeInit	16	static
../Drivers/STM32F1xx_HAL_Driver/Src/stm32f1xx_hal_i2s.c:492:13:HAL_I2S_MspInit	16	static
../Drivers/STM32F1xx_HAL_Driver/Src/stm32f1xx_hal_i2s.c:508:13:HAL_I2S_MspDeInit	16	static
../Drivers/STM32F1xx_HAL_Driver/Src/stm32f1xx_hal_i2s.c:771:19:HAL_I2S_Transmit	32	static
../Drivers/STM32F1xx_HAL_Driver/Src/stm32f1xx_hal_i2s.c:890:19:HAL_I2S_Receive	40	static
../Drivers/STM32F1xx_HAL_Driver/Src/stm32f1xx_hal_i2s.c:988:19:HAL_I2S_Transmit_IT	32	static
../Drivers/STM32F1xx_HAL_Driver/Src/stm32f1xx_hal_i2s.c:1054:19:HAL_I2S_Receive_IT	32	static
../Drivers/STM32F1xx_HAL_Driver/Src/stm32f1xx_hal_i2s.c:1118:19:HAL_I2S_Transmit_DMA	32	static
../Drivers/STM32F1xx_HAL_Driver/Src/stm32f1xx_hal_i2s.c:1209:19:HAL_I2S_Receive_DMA	32	static
../Drivers/STM32F1xx_HAL_Driver/Src/stm32f1xx_hal_i2s.c:1298:19:HAL_I2S_DMAPause	16	static
../Drivers/STM32F1xx_HAL_Driver/Src/stm32f1xx_hal_i2s.c:1330:19:HAL_I2S_DMAResume	16	static
../Drivers/STM32F1xx_HAL_Driver/Src/stm32f1xx_hal_i2s.c:1369:19:HAL_I2S_DMAStop	32	static
../Drivers/STM32F1xx_HAL_Driver/Src/stm32f1xx_hal_i2s.c:1469:6:HAL_I2S_IRQHandler	24	static
../Drivers/STM32F1xx_HAL_Driver/Src/stm32f1xx_hal_i2s.c:1530:13:HAL_I2S_TxHalfCpltCallback	16	static
../Drivers/STM32F1xx_HAL_Driver/Src/stm32f1xx_hal_i2s.c:1546:13:HAL_I2S_TxCpltCallback	16	static
../Drivers/STM32F1xx_HAL_Driver/Src/stm32f1xx_hal_i2s.c:1562:13:HAL_I2S_RxHalfCpltCallback	16	static
../Drivers/STM32F1xx_HAL_Driver/Src/stm32f1xx_hal_i2s.c:1578:13:HAL_I2S_RxCpltCallback	16	static
../Drivers/STM32F1xx_HAL_Driver/Src/stm32f1xx_hal_i2s.c:1594:13:HAL_I2S_ErrorCallback	16	static
../Drivers/STM32F1xx_HAL_Driver/Src/stm32f1xx_hal_i2s.c:1629:22:HAL_I2S_GetState	16	static
../Drivers/STM32F1xx_HAL_Driver/Src/stm32f1xx_hal_i2s.c:1640:10:HAL_I2S_GetError	16	static
../Drivers/STM32F1xx_HAL_Driver/Src/stm32f1xx_hal_i2s.c:1661:13:I2S_DMATxCplt	24	static
../Drivers/STM32F1xx_HAL_Driver/Src/stm32f1xx_hal_i2s.c:1688:13:I2S_DMATxHalfCplt	24	static
../Drivers/STM32F1xx_HAL_Driver/Src/stm32f1xx_hal_i2s.c:1706:13:I2S_DMARxCplt	24	static
../Drivers/STM32F1xx_HAL_Driver/Src/stm32f1xx_hal_i2s.c:1732:13:I2S_DMARxHalfCplt	24	static
../Drivers/STM32F1xx_HAL_Driver/Src/stm32f1xx_hal_i2s.c:1750:13:I2S_DMAError	24	static
../Drivers/STM32F1xx_HAL_Driver/Src/stm32f1xx_hal_i2s.c:1777:13:I2S_Transmit_IT	16	static
../Drivers/STM32F1xx_HAL_Driver/Src/stm32f1xx_hal_i2s.c:1805:13:I2S_Receive_IT	16	static
../Drivers/STM32F1xx_HAL_Driver/Src/stm32f1xx_hal_i2s.c:1836:26:I2S_WaitFlagStateUntilTimeout	32	static
