Archive member included to satisfy reference by file (symbol)

/Applications/STM32CubeIDE.app/Contents/Eclipse/plugins/com.st.stm32cube.ide.mcu.externaltools.gnu-tools-for-stm32.10.3-2021.10.macos64_1.0.0.202111181127/tools/bin/../lib/gcc/arm-none-eabi/10.3.1/../../../../arm-none-eabi/lib/thumb/v7-m/nofp/libc_nano.a(lib_a-errno.o)
                              ./Core/Src/syscalls.o (__errno)
/Applications/STM32CubeIDE.app/Contents/Eclipse/plugins/com.st.stm32cube.ide.mcu.externaltools.gnu-tools-for-stm32.10.3-2021.10.macos64_1.0.0.202111181127/tools/bin/../lib/gcc/arm-none-eabi/10.3.1/../../../../arm-none-eabi/lib/thumb/v7-m/nofp/libc_nano.a(lib_a-exit.o)
                              /Applications/STM32CubeIDE.app/Contents/Eclipse/plugins/com.st.stm32cube.ide.mcu.externaltools.gnu-tools-for-stm32.10.3-2021.10.macos64_1.0.0.202111181127/tools/bin/../lib/gcc/arm-none-eabi/10.3.1/../../../../arm-none-eabi/lib/thumb/v7-m/nofp/crt0.o (exit)
/Applications/STM32CubeIDE.app/Contents/Eclipse/plugins/com.st.stm32cube.ide.mcu.externaltools.gnu-tools-for-stm32.10.3-2021.10.macos64_1.0.0.202111181127/tools/bin/../lib/gcc/arm-none-eabi/10.3.1/../../../../arm-none-eabi/lib/thumb/v7-m/nofp/libc_nano.a(lib_a-impure.o)
                              /Applications/STM32CubeIDE.app/Contents/Eclipse/plugins/com.st.stm32cube.ide.mcu.externaltools.gnu-tools-for-stm32.10.3-2021.10.macos64_1.0.0.202111181127/tools/bin/../lib/gcc/arm-none-eabi/10.3.1/../../../../arm-none-eabi/lib/thumb/v7-m/nofp/libc_nano.a(lib_a-exit.o) (_global_impure_ptr)
/Applications/STM32CubeIDE.app/Contents/Eclipse/plugins/com.st.stm32cube.ide.mcu.externaltools.gnu-tools-for-stm32.10.3-2021.10.macos64_1.0.0.202111181127/tools/bin/../lib/gcc/arm-none-eabi/10.3.1/../../../../arm-none-eabi/lib/thumb/v7-m/nofp/libc_nano.a(lib_a-init.o)
                              /Applications/STM32CubeIDE.app/Contents/Eclipse/plugins/com.st.stm32cube.ide.mcu.externaltools.gnu-tools-for-stm32.10.3-2021.10.macos64_1.0.0.202111181127/tools/bin/../lib/gcc/arm-none-eabi/10.3.1/../../../../arm-none-eabi/lib/thumb/v7-m/nofp/crt0.o (__libc_init_array)
/Applications/STM32CubeIDE.app/Contents/Eclipse/plugins/com.st.stm32cube.ide.mcu.externaltools.gnu-tools-for-stm32.10.3-2021.10.macos64_1.0.0.202111181127/tools/bin/../lib/gcc/arm-none-eabi/10.3.1/../../../../arm-none-eabi/lib/thumb/v7-m/nofp/libc_nano.a(lib_a-malloc.o)
                              ./Core/Src/maze.o (malloc)
/Applications/STM32CubeIDE.app/Contents/Eclipse/plugins/com.st.stm32cube.ide.mcu.externaltools.gnu-tools-for-stm32.10.3-2021.10.macos64_1.0.0.202111181127/tools/bin/../lib/gcc/arm-none-eabi/10.3.1/../../../../arm-none-eabi/lib/thumb/v7-m/nofp/libc_nano.a(lib_a-memset.o)
                              /Applications/STM32CubeIDE.app/Contents/Eclipse/plugins/com.st.stm32cube.ide.mcu.externaltools.gnu-tools-for-stm32.10.3-2021.10.macos64_1.0.0.202111181127/tools/bin/../lib/gcc/arm-none-eabi/10.3.1/../../../../arm-none-eabi/lib/thumb/v7-m/nofp/crt0.o (memset)
/Applications/STM32CubeIDE.app/Contents/Eclipse/plugins/com.st.stm32cube.ide.mcu.externaltools.gnu-tools-for-stm32.10.3-2021.10.macos64_1.0.0.202111181127/tools/bin/../lib/gcc/arm-none-eabi/10.3.1/../../../../arm-none-eabi/lib/thumb/v7-m/nofp/libc_nano.a(lib_a-nano-freer.o)
                              /Applications/STM32CubeIDE.app/Contents/Eclipse/plugins/com.st.stm32cube.ide.mcu.externaltools.gnu-tools-for-stm32.10.3-2021.10.macos64_1.0.0.202111181127/tools/bin/../lib/gcc/arm-none-eabi/10.3.1/../../../../arm-none-eabi/lib/thumb/v7-m/nofp/libc_nano.a(lib_a-malloc.o) (_free_r)
/Applications/STM32CubeIDE.app/Contents/Eclipse/plugins/com.st.stm32cube.ide.mcu.externaltools.gnu-tools-for-stm32.10.3-2021.10.macos64_1.0.0.202111181127/tools/bin/../lib/gcc/arm-none-eabi/10.3.1/../../../../arm-none-eabi/lib/thumb/v7-m/nofp/libc_nano.a(lib_a-nano-mallocr.o)
                              /Applications/STM32CubeIDE.app/Contents/Eclipse/plugins/com.st.stm32cube.ide.mcu.externaltools.gnu-tools-for-stm32.10.3-2021.10.macos64_1.0.0.202111181127/tools/bin/../lib/gcc/arm-none-eabi/10.3.1/../../../../arm-none-eabi/lib/thumb/v7-m/nofp/libc_nano.a(lib_a-malloc.o) (_malloc_r)
/Applications/STM32CubeIDE.app/Contents/Eclipse/plugins/com.st.stm32cube.ide.mcu.externaltools.gnu-tools-for-stm32.10.3-2021.10.macos64_1.0.0.202111181127/tools/bin/../lib/gcc/arm-none-eabi/10.3.1/../../../../arm-none-eabi/lib/thumb/v7-m/nofp/libc_nano.a(lib_a-nano-vfprintf_float.o)
                              (_printf_float)
/Applications/STM32CubeIDE.app/Contents/Eclipse/plugins/com.st.stm32cube.ide.mcu.externaltools.gnu-tools-for-stm32.10.3-2021.10.macos64_1.0.0.202111181127/tools/bin/../lib/gcc/arm-none-eabi/10.3.1/../../../../arm-none-eabi/lib/thumb/v7-m/nofp/libc_nano.a(lib_a-nano-vfprintf_i.o)
[...]
Memory Configuration

Name             Origin             Length             Attributes
RAM              0x0000000020000000 0x0000000000010000 xrw
FLASH            0x0000000008000000 0x0000000000080000 xr
*default*        0x0000000000000000 0xffffffffffffffff

Linker script and memory map

LOAD /Applications/STM32CubeIDE.app/Contents/Eclipse/plugins/com.st.stm32cube.ide.mcu.externaltools.gnu-tools-for-stm32.10.3-2021.10.macos64_1.0.0.202111181127/tools/bin/../lib/gcc/arm-none-eabi/10.3.1/thumb/v7-m/nofp/crti.o
LOAD /Applications/STM32CubeIDE.app/Contents/Eclipse/plugins/com.st.stm32cube.ide.mcu.externaltools.gnu-tools-for-stm32.10.3-2021.10.macos64_1.0.0.202111181127/tools/bin/../lib/gcc/arm-none-eabi/10.3.1/thumb/v7-m/nofp/crtbegin.o
LOAD /Applications/STM32CubeIDE.app/Contents/Eclipse/plugins/com.st.stm32cube.ide.mcu.externaltools.gnu-tools-for-stm32.10.3-2021.10.macos64_1.0.0.202111181127/tools/bin/../lib/gcc/arm-none-eabi/10.3.1/../../../../arm-none-eabi/lib/thumb/v7-m/nofp/crt0.o
LOAD ./Core/Src/clap.o
LOAD ./Core/Src/distance.o
LOAD ./Core/Src/game.o
LOAD ./Core/Src/handle.o
LOAD ./Core/Src/hm10.o
LOAD ./Core/Src/lcd.o
LOAD ./Core/Src/main.o
LOAD ./Core/Src/max7219.o
LOAD ./Core/Src/maze.o
LOAD ./Core/Src/move.o
LOAD ./Core/Src/mpu.o
LOAD ./Core/Src/mpu6050.o
LOAD ./Core/Src/sd_card.o
LOAD ./Core/Src/stm32f1xx_hal_msp.o
LOAD ./Core/Src/stm32f1xx_it.o
LOAD ./Core/Src/syscalls.o
LOAD ./Core/Src/sysmem.o
LOAD ./Core/Src/system_stm32f1xx.o
LOAD ./Core/Src/temp.o
LOAD ./Core/Src/wav.o
LOAD ./Core/Src/xpt2046.o
LOAD ./Core/Startup/startup_stm32f103vetx.o
LOAD ./Drivers/STM32F1xx_HAL_Driver/Src/stm32f1xx_hal.o
LOAD ./Drivers/STM32F1xx_HAL_Driver/Src/stm32f1xx_hal_adc.o
LOAD ./Drivers/STM32F1xx_HAL_Driver/Src/stm32f1xx_hal_adc_ex.o
LOAD ./Drivers/STM32F1xx_HAL_Driver/Src/stm32f1xx_hal_cortex.o
LOAD ./Drivers/STM32F1xx_HAL_Driver/Src/stm32f1xx_hal_dma.o
LOAD ./Drivers/STM32F1xx_HAL_Driver/Src/stm32f1xx_hal_exti.o
LOAD ./Drivers/STM32F1xx_HAL_Driver/Src/stm32f1xx_hal_flash.o
LOAD ./Drivers/STM32F1xx_HAL_Driver/Src/stm32f1xx_hal_flash_ex.o
LOAD ./Drivers/STM32F1xx_HAL_Driver/Src/stm32f1xx_hal_gpio.o
LOAD ./Drivers/STM32F1xx_HAL_Driver/Src/stm32f1xx_hal_gpio_ex.o
LOAD ./Drivers/STM32F1xx_HAL_Driver/Src/stm32f1xx_hal_i2c.o
LOAD ./Drivers/STM32F1xx_HAL_Driver/Src/stm32f1xx_hal_i2s.o
LOAD ./Drivers/STM32F1xx_HAL_Driver/Src/stm32f1xx_hal_pwr.o
LOAD ./Drivers/STM32F1xx_HAL_Driver/Src/stm32f1xx_hal_rcc.o
LOAD ./Drivers/STM32F1xx_HAL_Driver/Src/stm32f1xx_hal_rcc_ex.o
LOAD ./Drivers/STM32F1xx_HAL_Driver/Src/stm32f1xx_hal_sd.o
LOAD ./Drivers/STM32F1xx_HAL_Driver/Src/stm32f1xx_hal_spi.o
LOAD ./Drivers/STM32F1xx_HAL_Driver/Src/stm32f1xx_hal_sram.o
LOAD ./Drivers/STM32F1xx_HAL_Driver/Src/stm32f1xx_hal_tim.o
LOAD ./Drivers/STM32F1xx_HAL_Driver/Src/stm32f1xx_hal_tim_ex.o
LOAD ./Drivers/STM32F1xx_HAL_Driver/Src/stm32f1xx_hal_uart.o
LOAD ./Drivers/STM32F1xx_HAL_Driver/Src/stm32f1xx_ll_fsmc.o
LOAD ./Drivers/STM32F1xx_HAL_Driver/Src/stm32f1xx_ll_sdmmc.o
LOAD ./FATFS/App/fatfs.o
LOAD ./FATFS/Target/bsp_driver_sd.o
LOAD ./Middlewares/Third_Party/FatFs/src/diskio.o
LOAD ./Middlewares/Third_Party/FatFs/src/ff.o
LOAD ./Middlewares/Third_Party/FatFs/src/ff_gen_drv.o
LOAD ./Middlewares/Third_Party/FatFs/src/drivers/sd_diskio.o
LOAD ./Middlewares/Third_Party/FatFs/src/option/syscall.o
START GROUP
LOAD /Applications/STM32CubeIDE.app/Contents/Eclipse/plugins/com.st.stm32cube.ide.mcu.externaltools.gnu-tools-for-stm32.10.3-2021.10.macos64_1.0.0.202111181127/tools/bin/../lib/gcc/arm-none-eabi/10.3.1/../../../../arm-none-eabi/lib/thumb/v7-m/nofp/libc_nano.a
LOAD /Applications/STM32CubeIDE.app/Contents/Eclipse/plugins/com.st.stm32cube.ide.mcu.externaltools.gnu-tools-for-stm32.10.3-2021.10.macos64_1.0.0.202111181127/tools/bin/../lib/gcc/arm-none-eabi/10.3.1/../../../../arm-none-eabi/lib/thumb/v7-m/nofp/libm.a
END GROUP
START GROUP
LOAD /Applications/STM32CubeIDE.app/Contents/Eclipse/plugins/com.st.stm32cube.ide.mcu.externaltools.gnu-tools-for-stm32.10.3-2021.10.macos64_1.0.0.202111181127/tools/bin/../lib/gcc/arm-none-eabi/10.3.1/thumb/v7-m/nofp/libgcc.a
LOAD /Applications/STM32CubeIDE.app/Contents/Eclipse/plugins/com.st.stm32cube.ide.mcu.externaltools.gnu-tools-for-stm32.10.3-2021.10.macos64_1.0.0.202111181127/tools/bin/../lib/gcc/arm-none-eabi/10.3.1/../../../../arm-none-eabi/lib/thumb/v7-m/nofp/libc_nano.a
END GROUP
START GROUP
LOAD /Applications/STM32CubeIDE.app/Contents/Eclipse/plugins/com.st.stm32cube.ide.mcu.externaltools.gnu-tools-for-stm32.10.3-2021.10.macos64_1.0.0.202111181127/tools/bin/../lib/gcc/arm-none-eabi/10.3.1/thumb/v7-m/nofp/libgcc.a
LOAD /Applications/STM32CubeIDE.app/Contents/Eclipse/plugins/com.st.stm32cube.ide.mcu.externaltools.gnu-tools-for-stm32.10.3-2021.10.macos64_1.0.0.202111181127/tools/bin/../lib/gcc/arm-none-eabi/10.3.1/../../../../arm-none-eabi/lib/thumb/v7-m/nofp/libc_nano.a
LOAD /Applications/STM32CubeIDE.app/Contents/Eclipse/plugins/com.st.stm32cube.ide.mcu.externaltools.gnu-tools-for-stm32.10.3-2021.10.macos64_1.0.0.202111181127/tools/bin/../lib/gcc/arm-none-eabi/10.3.1/../../../../arm-none-eabi/lib/thumb/v7-m/nofp/libnosys.a
END GROUP
START GROUP
LOAD /Applications/STM32CubeIDE.app/Contents/Eclipse/plugins/com.st.stm32cube.ide.mcu.externaltools.gnu-tools-for-stm32.10.3-2021.10.macos64_1.0.0.202111181127/tools/bin/../lib/gcc/arm-none-eabi/10.3.1/thumb/v7-m/nofp/libgcc.a
LOAD /Applications/STM32CubeIDE.app/Contents/Eclipse/plugins/com.st.stm32cube.ide.mcu.externaltools.gnu-tools-for-stm32.10.3-2021.10.macos64_1.0.0.202111181127/tools/bin/../lib/gcc/arm-none-eabi/10.3.1/../../../../arm-none-eabi/lib/thumb/v7-m/nofp/libc_nano.a
LOAD /Applications/STM32CubeIDE.app/Contents/Eclipse/plugins/com.st.stm32cube.ide.mcu.externaltools.gnu-tools-for-stm32.10.3-2021.10.macos64_1.0.0.202111181127/tools/bin/../lib/gcc/arm-none-eabi/10.3.1/../../../../arm-none-eabi/lib/thumb/v7-m/nofp/libnosys.a
END GROUP
LOAD /Applications/STM32CubeIDE.app/Contents/Eclipse/plugins/com.st.stm32cube.ide.mcu.externaltools.gnu-tools-for-stm32.10.3-2021.10.macos64_1.0.0.202111181127/tools/bin/../lib/gcc/arm-none-eabi/10.3.1/thumb/v7-m/nofp/crtend.o
LOAD /Applications/STM32CubeIDE.app/Contents/Eclipse/plugins/com.st.stm32cube.ide.mcu.externaltools.gnu-tools-for-stm32.10.3-2021.10.macos64_1.0.0.202111181127/tools/bin/../lib/gcc/arm-none-eabi/10.3.1/thumb/v7-m/nofp/crtn.o
                0x0000000020010000                _estack = (ORIGIN (RAM) + LENGTH (RAM))
                0x0000000000000200                _Min_Heap_Size = 0x200
                0x0000000000000400                _Min_Stack_Size = 0x400

.isr_vector     0x0000000008000000      0x1e4
                0x0000000008000000                . = ALIGN (0x4)
 *(.isr_vector)
 .isr_vector    0x0000000008000000      0x1e4 ./Core/Startup/startup_stm32f103vetx.o
                0x0000000008000000                g_pfnVectors
                0x00000000080001e4                . = ALIGN (0x4)

.text           0x00000000080001e8    0x15150
                0x00000000080001e8                . = ALIGN (0x4)
 *(.text)
 .text          0x00000000080001e8       0x40 /Applications/STM32CubeIDE.app/Contents/Eclipse/plugins/com.st.stm32cube.ide.mcu.externaltools.gnu-tools-for-stm32.10.3-2021.10.macos64_1.0.0.202111181127/tools/bin/../lib/gcc/arm-none-eabi/10.3.1/thumb/v7-m/nofp/crtbegin.o
 .text          0x0000000008000228       0x10 /Applications/STM32CubeIDE.app/Contents/Eclipse/plugins/com.st.stm32cube.ide.mcu.externaltools.gnu-tools-for-stm32.10.3-2021.10.macos64_1.0.0.202111181127/tools/bin/../lib/gcc/arm-none-eabi/10.3.1/../../../../arm-none-eabi/lib/thumb/v7-m/nofp/libc_nano.a(lib_a-strlen.o)
                0x0000000008000228                strlen
 .text          0x0000000008000238      0x378 /Applications/STM32CubeIDE.app/Contents/Eclipse/plugins/com.st.stm32cube.ide.mcu.externaltools.gnu-tools-for-stm32.10.3-2021.10.macos64_1.0.0.202111181127/tools/bin/../lib/gcc/arm-none-eabi/10.3.1/thumb/v7-m/nofp/libgcc.a(_arm_addsubdf3.o)
                0x0000000008000238                __aeabi_drsub
                0x0000000008000240                __subdf3
                0x0000000008000240                __aeabi_dsub
                0x0000000008000244                __aeabi_dadd
                0x0000000008000244                __adddf3
                0x00000000080004bc                __aeabi_ui2d
                0x00000000080004bc                __floatunsidf
                0x00000000080004dc                __floatsidf
                0x00000000080004dc                __aeabi_i2d
                0x0000000008000500                __extendsfdf2
                0x0000000008000500                __aeabi_f2d
                0x0000000008000544                __aeabi_ul2d
                0x0000000008000544                __floatundidf
                0x0000000008000554                __aeabi_l2d
                0x0000000008000554                __floatdidf
 .text          0x00000000080005b0      0x424 /Applications/STM32CubeIDE.app/Contents/Eclipse/plugins/com.st.stm32cube.ide.mcu.externaltools.gnu-tools-for-stm32.10.3-2021.10.macos64_1.0.0.202111181127/tools/bin/../lib/gcc/arm-none-eabi/10.3.1/thumb/v7-m/nofp/libgcc.a(_arm_muldivdf3.o)
                0x00000000080005b0                __aeabi_dmul
                0x00000000080005b0                __muldf3
                0x0000000008000804                __aeabi_ddiv
                0x0000000008000804                __divdf3
 .text          0x00000000080009d4      0x110 /Applications/STM32CubeIDE.app/Contents/Eclipse/plugins/com.st.stm32cube.ide.mcu.externaltools.gnu-tools-for-stm32.10.3-2021.10.macos64_1.0.0.202111181127/tools/bin/../lib/gcc/arm-none-eabi/10.3.1/thumb/v7-m/nofp/libgcc.a(_arm_cmpdf2.o)
                0x00000000080009d4                __gedf2
                0x00000000080009d4                __gtdf2
                0x00000000080009dc                __ledf2
                0x00000000080009dc                __ltdf2
                0x00000000080009e4                __cmpdf2
                0x00000000080009e4                __eqdf2
                0x00000000080009e4                __nedf2
                0x0000000008000a60                __aeabi_cdrcmple
                0x0000000008000a70                __aeabi_cdcmple
                0x0000000008000a70                __aeabi_cdcmpeq
                0x0000000008000a80                __aeabi_dcmpeq
                0x0000000008000a94                __aeabi_dcmplt
                0x0000000008000aa8                __aeabi_dcmple
                0x0000000008000abc                __aeabi_dcmpge
                0x0000000008000ad0                __aeabi_dcmpgt
 .text          0x0000000008000ae4       0x2c /Applications/STM32CubeIDE.app/Contents/Eclipse/plugins/com.st.stm32cube.ide.mcu.externaltools.gnu-tools-for-stm32.10.3-2021.10.macos64_1.0.0.202111181127/tools/bin/../lib/gcc/arm-none-eabi/10.3.1/thumb/v7-m/nofp/libgcc.a(_arm_unorddf2.o)
                0x0000000008000ae4                __aeabi_dcmpun
                0x0000000008000ae4                __unorddf2
 .text          0x0000000008000b10       0x50 /Applications/STM32CubeIDE.app/Contents/Eclipse/plugins/com.st.stm32cube.ide.mcu.externaltools.gnu-tools-for-stm32.10.3-2021.10.macos64_1.0.0.202111181127/tools/bin/../lib/gcc/arm-none-eabi/10.3.1/thumb/v7-m/nofp/libgcc.a(_arm_fixdfsi.o)
                0x0000000008000b10                __fixdfsi
                0x0000000008000b10                __aeabi_d2iz
 .text          0x0000000008000b60       0x40 /Applications/STM32CubeIDE.app/Contents/Eclipse/plugins/com.st.stm32cube.ide.mcu.externaltools.gnu-tools-for-stm32.10.3-2021.10.macos64_1.0.0.202111181127/tools/bin/../lib/gcc/arm-none-eabi/10.3.1/thumb/v7-m/nofp/libgcc.a(_arm_fixunsdfsi.o)
                0x0000000008000b60                __fixunsdfsi
                0x0000000008000b60                __aeabi_d2uiz
 .text          0x0000000008000ba0       0xa0 /Applications/STM32CubeIDE.app/Contents/Eclipse/plugins/com.st.stm32cube.ide.mcu.externaltools.gnu-tools-for-stm32.10.3-2021.10.macos64_1.0.0.202111181127/tools/bin/../lib/gcc/arm-none-eabi/10.3.1/thumb/v7-m/nofp/libgcc.a(_arm_truncdfsf2.o)
                0x0000000008000ba0                __aeabi_d2f
                0x0000000008000ba0                __truncdfsf2
 .text          0x0000000008000c40      0x21c /Applications/STM32CubeIDE.app/Contents/Eclipse/plugins/com.st.stm32cube.ide.mcu.externaltools.gnu-tools-for-stm32.10.3-2021.10.macos64_1.0.0.202111181127/tools/bin/../lib/gcc/arm-none-eabi/10.3.1/thumb/v7-m/nofp/libgcc.a(_arm_addsubsf3.o)
                0x0000000008000c40                __aeabi_frsub
                0x0000000008000c48                __aeabi_fsub
                0x0000000008000c48                __subsf3
                0x0000000008000c4c                __aeabi_fadd
                0x0000000008000c4c                __addsf3
                0x0000000008000dac                __aeabi_ui2f
                0x0000000008000dac                __floatunsisf
                0x0000000008000db4                __floatsisf
                0x0000000008000db4                __aeabi_i2f
                0x0000000008000dd0                __aeabi_ul2f
                0x0000000008000dd0                __floatundisf
                0x0000000008000de0                __aeabi_l2f
                0x0000000008000de0                __floatdisf
 .text          0x0000000008000e5c      0x2a0 /Applications/STM32CubeIDE.app/Contents/Eclipse/plugins/com.st.stm32cube.ide.mcu.externaltools.gnu-tools-for-stm32.10.3-2021.10.macos64_1.0.0.202111181127/tools/bin/../lib/gcc/arm-none-eabi/10.3.1/thumb/v7-m/nofp/libgcc.a(_arm_muldivsf3.o)
                0x0000000008000e5c                __mulsf3
                0x0000000008000e5c                __aeabi_fmul
                0x0000000008000fc4                __divsf3
                0x0000000008000fc4                __aeabi_fdiv
 .text          0x00000000080010fc       0xec /Applications/STM32CubeIDE.app/Contents/Eclipse/plugins/com.st.stm32cube.ide.mcu.externaltools.gnu-tools-for-stm32.10.3-2021.10.macos64_1.0.0.202111181127/tools/bin/../lib/gcc/arm-none-eabi/10.3.1/thumb/v7-m/nofp/libgcc.a(_arm_cmpsf2.o)
                0x00000000080010fc                __gesf2
                0x00000000080010fc                __gtsf2
                0x0000000008001104                __ltsf2
                0x0000000008001104                __lesf2
                0x000000000800110c                __nesf2
                0x000000000800110c                __eqsf2
                0x000000000800110c                __cmpsf2
                0x000000000800116c                __aeabi_cfrcmple
                0x0000000008001174                __aeabi_cfcmpeq
                0x0000000008001174                __aeabi_cfcmple
                0x0000000008001184                __aeabi_fcmpeq
                0x0000000008001198                __aeabi_fcmplt
                0x00000000080011ac                __aeabi_fcmple
                0x00000000080011c0                __aeabi_fcmpge
                0x00000000080011d4                __aeabi_fcmpgt
 *(.text*)
 .text.generate_sequence_clap
                0x00000000080011e8       0x58 ./Core/Src/clap.o
                0x00000000080011e8                generate_sequence_clap
 .text.show_sequence_clap
                0x0000000008001240       0x84 ./Core/Src/clap.o
                0x0000000008001240                show_sequence_clap
 .text.wait_for_user_input_clap
                0x00000000080012c4       0xd4 ./Core/Src/clap.o
                0x00000000080012c4                wait_for_user_input_clap
 .text.play_game
                0x0000000008001398       0xb8 ./Core/Src/clap.o
                0x0000000008001398                play_game
 .text.playGuessingGame_Distance
                0x0000000008001450       0x44 ./Core/Src/distance.o
                0x0000000008001450                playGuessingGame_Distance
 *fill*         0x0000000008001494        0x4 
 .text.measureDistance
                0x0000000008001498      0x144 ./Core/Src/distance.o
                0x0000000008001498                measureDistance
 .text.game_Distance
                0x00000000080015dc       0x88 ./Core/Src/distance.o
                0x00000000080015dc                game_Distance
 .text.shuffle  0x0000000008001664       0x64 ./Core/Src/game.o
                0x0000000008001664                shuffle
 .text.generate_sequence
                0x00000000080016c8       0xa8 ./Core/Src/game.o
                0x00000000080016c8                generate_sequence
 .text.show_sequence
                0x0000000008001770       0xe4 ./Core/Src/game.o
                0x0000000008001770                show_sequence
 .text.user_input
                0x0000000008001854       0xe0 ./Core/Src/game.o
                0x0000000008001854                user_input
 .text.check_match
                0x0000000008001934       0x50 ./Core/Src/game.o
                0x0000000008001934                check_match
 .text.light_pattern
                0x0000000008001984       0x1a ./Core/Src/game.o
                0x0000000008001984                light_pattern
 *fill*         0x000000000800199e        0x2 
 .text.update_display
                0x00000000080019a0      0x134 ./Core/Src/handle.o
                0x00000000080019a0                update_display
 .text.handle_lose
                0x0000000008001ad4       0x70 ./Core/Src/handle.o
                0x0000000008001ad4                handle_lose
 .text.handle_empty
                0x0000000008001b44       0x60 ./Core/Src/handle.o
                0x0000000008001b44                handle_empty
 .text.handle_endpt
                0x0000000008001ba4      0x10c ./Core/Src/handle.o
                0x0000000008001ba4                handle_endpt
 .text.handle_key
                0x0000000008001cb0       0x88 ./Core/Src/handle.o
                0x0000000008001cb0                handle_key
 .text.handle_game1
                0x0000000008001d38      0x130 ./Core/Src/handle.o
                0x0000000008001d38                handle_game1
 .text.handle_game2
                0x0000000008001e68      0x1a4 ./Core/Src/handle.o
                0x0000000008001e68                handle_game2
 .text.handle_game3
                0x000000000800200c      0x130 ./Core/Src/handle.o
                0x000000000800200c                handle_game3
 .text.handle_dark
                0x000000000800213c      0x1fc ./Core/Src/handle.o
                0x000000000800213c                handle_dark
 .text.handle_bright
                0x0000000008002338      0x200 ./Core/Src/handle.o
                0x0000000008002338                handle_bright
 .text.handle_ice
                0x0000000008002538      0x1bc ./Core/Src/handle.o
                0x0000000008002538                handle_ice
 .text.handle_fire
                0x00000000080026f4      0x1bc ./Core/Src/handle.o
                0x00000000080026f4                handle_fire
 .text.handle_ghost
                0x00000000080028b0      0x1e8 ./Core/Src/handle.o
                0x00000000080028b0                handle_ghost
 .text.handle_stone
                0x0000000008002a98      0x138 ./Core/Src/handle.o
                0x0000000008002a98                handle_stone
 .text.handle_door
                0x0000000008002bd0      0x138 ./Core/Src/handle.o
                0x0000000008002bd0                handle_door
 .text.handle_addheart
                0x0000000008002d08       0xd4 ./Core/Src/handle.o
                0x0000000008002d08                handle_addheart
 .text.handle_prison
                0x0000000008002ddc       0x8c ./Core/Src/handle.o
                0x0000000008002ddc                handle_prison
 .text.handle_hidden
                0x0000000008002e68      0x13c ./Core/Src/handle.o
                0x0000000008002e68                handle_hidden
 .text.get_question
                0x0000000008002fa4      0x100 ./Core/Src/hm10.o
                0x0000000008002fa4                get_question
 .text.Delay    0x00000000080030a4       0x22 ./Core/Src/lcd.o
                0x00000000080030a4                Delay
 .text.LCD_INIT
                0x00000000080030c6       0x2e ./Core/Src/lcd.o
                0x00000000080030c6                LCD_INIT
 .text.LCD_Rst  0x00000000080030f4       0x30 ./Core/Src/lcd.o
                0x00000000080030f4                LCD_Rst
 .text.LCD_BackLed_Control
                0x0000000008003124       0x38 ./Core/Src/lcd.o
                0x0000000008003124                LCD_BackLed_Control
 .text.LCD_Write_Cmd
                0x000000000800315c       0x1c ./Core/Src/lcd.o
                0x000000000800315c                LCD_Write_Cmd
 .text.LCD_Write_Data
                0x0000000008003178       0x20 ./Core/Src/lcd.o
                0x0000000008003178                LCD_Write_Data
 .text.LCD_REG_Config
                0x0000000008003198      0x234 ./Core/Src/lcd.o
                0x0000000008003198                LCD_REG_Config
 .text.LCD_OpenWindow
                0x00000000080033cc       0xb2 ./Core/Src/lcd.o
                0x00000000080033cc                LCD_OpenWindow
 .text.LCD_FillColor
                0x000000000800347e       0x3c ./Core/Src/lcd.o
                0x000000000800347e                LCD_FillColor
 .text.LCD_Clear
                0x00000000080034ba       0x46 ./Core/Src/lcd.o
                0x00000000080034ba                LCD_Clear
 .text.LCD_DrawChar
                0x0000000008003500       0x9c ./Core/Src/lcd.o
                0x0000000008003500                LCD_DrawChar
 .text.LCD_DrawString
                0x000000000800359c       0xc0 ./Core/Src/lcd.o
                0x000000000800359c                LCD_DrawString
 .text.LCD_DrawBox
                0x000000000800365c       0x5e ./Core/Src/lcd.o
                0x000000000800365c                LCD_DrawBox
 .text.LCD_DrawDot
                0x00000000080036ba       0x30 ./Core/Src/lcd.o
                0x00000000080036ba                LCD_DrawDot
 *fill*         0x00000000080036ea        0x2 
 .text.LCD_maze
                0x00000000080036ec      0x524 ./Core/Src/lcd.o
                0x00000000080036ec                LCD_maze
 .text.LCD_Drawelement
                0x0000000008003c10       0xd2 ./Core/Src/lcd.o
                0x0000000008003c10                LCD_Drawelement
 *fill*         0x0000000008003ce2        0x2 
 .text.LCD_Drawkey
                0x0000000008003ce4       0xd0 ./Core/Src/lcd.o
                0x0000000008003ce4                LCD_Drawkey
 .text.LCD_Drawheart
                0x0000000008003db4       0xd0 ./Core/Src/lcd.o
                0x0000000008003db4                LCD_Drawheart
 .text.LCD_DrawChar_Color
                0x0000000008003e84       0x9c ./Core/Src/lcd.o
                0x0000000008003e84                LCD_DrawChar_Color
 .text.LCD_DrawCross
                0x0000000008003f20       0x44 ./Core/Src/lcd.o
                0x0000000008003f20                LCD_DrawCross
 .text.LCD_DrawString_Color
                0x0000000008003f64       0x6a ./Core/Src/lcd.o
                0x0000000008003f64                LCD_DrawString_Color
 *fill*         0x0000000008003fce        0x2 
 .text.main     0x0000000008003fd0       0xbc ./Core/Src/main.o
                0x0000000008003fd0                main
 .text.SystemClock_Config
                0x000000000800408c       0xbe ./Core/Src/main.o
                0x000000000800408c                SystemClock_Config
 *fill*         0x000000000800414a        0x2 
 .text.MX_ADC1_Init
                0x000000000800414c       0x7c ./Core/Src/main.o
 .text.MX_ADC3_Init
                0x00000000080041c8       0x9c ./Core/Src/main.o
 .text.MX_I2C2_Init
                0x0000000008004264       0x5c ./Core/Src/main.o
 .text.MX_I2S2_Init
                0x00000000080042c0       0x50 ./Core/Src/main.o
 .text.MX_SDIO_SD_Init
                0x0000000008004310       0x60 ./Core/Src/main.o
 .text.MX_SPI1_Init
                0x0000000008004370       0x6c ./Core/Src/main.o
 .text.MX_TIM1_Init
                0x00000000080043dc       0xa0 ./Core/Src/main.o
 .text.MX_TIM2_Init
                0x000000000800447c       0x98 ./Core/Src/main.o
 .text.MX_TIM3_Init
                0x0000000008004514       0x9c ./Core/Src/main.o
 .text.MX_USART1_UART_Init
                0x00000000080045b0       0x54 ./Core/Src/main.o
 .text.MX_DMA_Init
                0x0000000008004604       0x74 ./Core/Src/main.o
 .text.MX_GPIO_Init
                0x0000000008004678      0x248 ./Core/Src/main.o
 .text.MX_FSMC_Init
                0x00000000080048c0       0xc8 ./Core/Src/main.o
 .text.HAL_TIM_PeriodElapsedCallback
                0x0000000008004988       0x40 ./Core/Src/main.o
                0x0000000008004988                HAL_TIM_PeriodElapsedCallback
 .text.Error_Handler
                0x00000000080049c8        0xa ./Core/Src/main.o
                0x00000000080049c8                Error_Handler
 *fill*         0x00000000080049d2        0x2 
 .text.print_digit
                0x00000000080049d4       0xa4 ./Core/Src/max7219.o
                0x00000000080049d4                print_digit
 .text.max7219_Init
                0x0000000008004a78       0x48 ./Core/Src/max7219.o
                0x0000000008004a78                max7219_Init
 .text.max7219_Clean
                0x0000000008004ac0       0x3e ./Core/Src/max7219.o
                0x0000000008004ac0                max7219_Clean
 *fill*         0x0000000008004afe        0x2 
 .text.max7219_SendData
                0x0000000008004b00       0x74 ./Core/Src/max7219.o
                0x0000000008004b00                max7219_SendData
 .text.restart  0x0000000008004b74       0x50 ./Core/Src/maze.o
                0x0000000008004b74                restart
 .text.maze_all
                0x0000000008004bc4       0x20 ./Core/Src/maze.o
                0x0000000008004bc4                maze_all
 .text.start_page
                0x0000000008004be4       0xe8 ./Core/Src/maze.o
                0x0000000008004be4                start_page
 .text.adjust_level
                0x0000000008004ccc       0x9c ./Core/Src/maze.o
                0x0000000008004ccc                adjust_level
 .text.LCD_Display
                0x0000000008004d68       0xf0 ./Core/Src/maze.o
                0x0000000008004d68                LCD_Display
 .text.generate_whole_maze
                0x0000000008004e58       0xc8 ./Core/Src/maze.o
                0x0000000008004e58                generate_whole_maze
 .text.setRandomSeed
                0x0000000008004f20      0x104 ./Core/Src/maze.o
                0x0000000008004f20                setRandomSeed
 .text.get_random_row_col
                0x0000000008005024       0x8c ./Core/Src/maze.o
                0x0000000008005024                get_random_row_col
 .text.get_random_start
                0x00000000080050b0      0x12c ./Core/Src/maze.o
                0x00000000080050b0                get_random_start
 .text.get_random_end
                0x00000000080051dc      0x168 ./Core/Src/maze.o
                0x00000000080051dc                get_random_end
 .text.init_maze_array
                0x0000000008005344       0x64 ./Core/Src/maze.o
                0x0000000008005344                init_maze_array
 .text.free_maze_array
                0x00000000080053a8       0x64 ./Core/Src/maze.o
                0x00000000080053a8                free_maze_array
 .text.generate_maze
                0x000000000800540c      0x18c ./Core/Src/maze.o
                0x000000000800540c                generate_maze
 .text.add_start_end_maze
                0x0000000008005598       0x50 ./Core/Src/maze.o
                0x0000000008005598                add_start_end_maze
 .text.add_key_maze
                0x00000000080055e8       0x90 ./Core/Src/maze.o
                0x00000000080055e8                add_key_maze
 .text.shuffle_array
                0x0000000008005678       0x64 ./Core/Src/maze.o
                0x0000000008005678                shuffle_array
 .text.add_obstacle_maze
                0x00000000080056dc      0x140 ./Core/Src/maze.o
                0x00000000080056dc                add_obstacle_maze
 .text.move     0x000000000800581c       0x8c ./Core/Src/move.o
                0x000000000800581c                move
 .text.move_up  0x00000000080058a8       0x30 ./Core/Src/move.o
                0x00000000080058a8                move_up
 .text.move_down
                0x00000000080058d8       0x30 ./Core/Src/move.o
                0x00000000080058d8                move_down
 .text.move_left
                0x0000000008005908       0x30 ./Core/Src/move.o
                0x0000000008005908                move_left
 .text.move_right
                0x0000000008005938       0x30 ./Core/Src/move.o
                0x0000000008005938                move_right
 .text.handle_move
                0x0000000008005968       0xf4 ./Core/Src/move.o
                0x0000000008005968                handle_move
 .text.check_valid
                0x0000000008005a5c       0x38 ./Core/Src/move.o
                0x0000000008005a5c                check_valid
 .text.MPU6050_Init
                0x0000000008005a94       0xac ./Core/Src/mpu.o
                0x0000000008005a94                MPU6050_Init
 .text.MPU6050_Read_Accel
                0x0000000008005b40       0xf8 ./Core/Src/mpu.o
                0x0000000008005b40                MPU6050_Read_Accel
 .text.push     0x0000000008005c38       0x84 ./Core/Src/mpu.o
                0x0000000008005c38                push
 *fill*         0x0000000008005cbc        0x4 
 .text.pull     0x0000000008005cc0       0x84 ./Core/Src/mpu.o
                0x0000000008005cc0                pull
 .text.game_record
                0x0000000008005d44      0x1f4 ./Core/Src/sd_card.o
                0x0000000008005d44                game_record
 .text.HAL_MspInit
                0x0000000008005f38       0x64 ./Core/Src/stm32f1xx_hal_msp.o
                0x0000000008005f38                HAL_MspInit
 .text.HAL_ADC_MspInit
                0x0000000008005f9c      0x124 ./Core/Src/stm32f1xx_hal_msp.o
                0x0000000008005f9c                HAL_ADC_MspInit
 .text.HAL_I2C_MspInit
                0x00000000080060c0       0x80 ./Core/Src/stm32f1xx_hal_msp.o
                0x00000000080060c0                HAL_I2C_MspInit
 .text.HAL_I2S_MspInit
                0x0000000008006140       0xd8 ./Core/Src/stm32f1xx_hal_msp.o
                0x0000000008006140                HAL_I2S_MspInit
 .text.HAL_SD_MspInit
                0x0000000008006218       0xb4 ./Core/Src/stm32f1xx_hal_msp.o
                0x0000000008006218                HAL_SD_MspInit
 .text.HAL_SPI_MspInit
                0x00000000080062cc       0xd0 ./Core/Src/stm32f1xx_hal_msp.o
                0x00000000080062cc                HAL_SPI_MspInit
 .text.HAL_TIM_Base_MspInit
                0x000000000800639c       0x98 ./Core/Src/stm32f1xx_hal_msp.o
                0x000000000800639c                HAL_TIM_Base_MspInit
 .text.HAL_UART_MspInit
                0x0000000008006434       0x98 ./Core/Src/stm32f1xx_hal_msp.o
                0x0000000008006434                HAL_UART_MspInit
 .text.HAL_FSMC_MspInit
                0x00000000080064cc       0x88 ./Core/Src/stm32f1xx_hal_msp.o
 .text.HAL_SRAM_MspInit
                0x0000000008006554       0x14 ./Core/Src/stm32f1xx_hal_msp.o
                0x0000000008006554                HAL_SRAM_MspInit
 .text.NMI_Handler
                0x0000000008006568        0x6 ./Core/Src/stm32f1xx_it.o
                0x0000000008006568                NMI_Handler
 .text.HardFault_Handler
                0x000000000800656e        0x6 ./Core/Src/stm32f1xx_it.o
                0x000000000800656e                HardFault_Handler
 .text.MemManage_Handler
                0x0000000008006574        0x6 ./Core/Src/stm32f1xx_it.o
                0x0000000008006574                MemManage_Handler
 .text.BusFault_Handler
                0x000000000800657a        0x6 ./Core/Src/stm32f1xx_it.o
                0x000000000800657a                BusFault_Handler
 .text.UsageFault_Handler
                0x0000000008006580        0x6 ./Core/Src/stm32f1xx_it.o
                0x0000000008006580                UsageFault_Handler
 .text.SVC_Handler
                0x0000000008006586        0xc ./Core/Src/stm32f1xx_it.o
                0x0000000008006586                SVC_Handler
 .text.DebugMon_Handler
                0x0000000008006592        0xc ./Core/Src/stm32f1xx_it.o
                0x0000000008006592                DebugMon_Handler
 .text.PendSV_Handler
                0x000000000800659e        0xc ./Core/Src/stm32f1xx_it.o
                0x000000000800659e                PendSV_Handler
 .text.SysTick_Handler
                0x00000000080065aa        0xc ./Core/Src/stm32f1xx_it.o
                0x00000000080065aa                SysTick_Handler
 *fill*         0x00000000080065b6        0x2 
 .text.EXTI0_IRQHandler
                0x00000000080065b8       0x34 ./Core/Src/stm32f1xx_it.o
                0x00000000080065b8                EXTI0_IRQHandler
 .text.EXTI4_IRQHandler
                0x00000000080065ec       0x34 ./Core/Src/stm32f1xx_it.o
                0x00000000080065ec                EXTI4_IRQHandler
 .text.DMA1_Channel3_IRQHandler
                0x0000000008006620       0x14 ./Core/Src/stm32f1xx_it.o
                0x0000000008006620                DMA1_Channel3_IRQHandler
 .text.DMA1_Channel5_IRQHandler
                0x0000000008006634       0x14 ./Core/Src/stm32f1xx_it.o
                0x0000000008006634                DMA1_Channel5_IRQHandler
 .text.TIM3_IRQHandler
                0x0000000008006648       0x14 ./Core/Src/stm32f1xx_it.o
                0x0000000008006648                TIM3_IRQHandler
 .text.DMA2_Channel4_5_IRQHandler
                0x000000000800665c       0x14 ./Core/Src/stm32f1xx_it.o
                0x000000000800665c                DMA2_Channel4_5_IRQHandler
 .text._getpid  0x0000000008006670        0xe ./Core/Src/syscalls.o
                0x0000000008006670                _getpid
 .text._kill    0x000000000800667e       0x20 ./Core/Src/syscalls.o
                0x000000000800667e                _kill
 .text._exit    0x000000000800669e       0x14 ./Core/Src/syscalls.o
                0x000000000800669e                _exit
 .text._read    0x00000000080066b2       0x3a ./Core/Src/syscalls.o
                0x00000000080066b2                _read
 .text._write   0x00000000080066ec       0x38 ./Core/Src/syscalls.o
                0x00000000080066ec                _write
 .text._close   0x0000000008006724       0x16 ./Core/Src/syscalls.o
                0x0000000008006724                _close
 .text._fstat   0x000000000800673a       0x1e ./Core/Src/syscalls.o
                0x000000000800673a                _fstat
 .text._isatty  0x0000000008006758       0x14 ./Core/Src/syscalls.o
                0x0000000008006758                _isatty
 .text._lseek   0x000000000800676c       0x18 ./Core/Src/syscalls.o
                0x000000000800676c                _lseek
 .text._sbrk    0x0000000008006784       0x6c ./Core/Src/sysmem.o
                0x0000000008006784                _sbrk
 .text.SystemInit
                0x00000000080067f0        0xc ./Core/Src/system_stm32f1xx.o
                0x00000000080067f0                SystemInit
 .text.delay    0x00000000080067fc       0x30 ./Core/Src/temp.o
                0x00000000080067fc                delay
 .text.gpio_set_input
                0x000000000800682c       0x2c ./Core/Src/temp.o
                0x000000000800682c                gpio_set_input
 .text.gpio_set_output
                0x0000000008006858       0x30 ./Core/Src/temp.o
                0x0000000008006858                gpio_set_output
 .text.ds18b20_init
                0x0000000008006888       0x50 ./Core/Src/temp.o
                0x0000000008006888                ds18b20_init
 .text.write_ds
                0x00000000080068d8       0x78 ./Core/Src/temp.o
                0x00000000080068d8                write_ds
 .text.read_ds  0x0000000008006950       0x70 ./Core/Src/temp.o
                0x0000000008006950                read_ds
 .text.temp_value
                0x00000000080069c0       0xa0 ./Core/Src/temp.o
                0x00000000080069c0                temp_value
 .text.play_audio
                0x0000000008006a60      0x124 ./Core/Src/wav.o
                0x0000000008006a60                play_audio
 .text.HAL_I2S_TxHalfCpltCallback
                0x0000000008006b84       0x1c ./Core/Src/wav.o
                0x0000000008006b84                HAL_I2S_TxHalfCpltCallback
 .text.HAL_I2S_TxCpltCallback
                0x0000000008006ba0       0x2c ./Core/Src/wav.o
                0x0000000008006ba0                HAL_I2S_TxCpltCallback
 .text.XPT2046_DelayUS
                0x0000000008006bcc       0x38 ./Core/Src/xpt2046.o
 .text.XPT2046_WriteCMD
                0x0000000008006c04       0x88 ./Core/Src/xpt2046.o
 .text.XPT2046_ReadCMD
                0x0000000008006c8c       0x78 ./Core/Src/xpt2046.o
 .text.XPT2046_ReadAdc
                0x0000000008006d04       0x20 ./Core/Src/xpt2046.o
 .text.XPT2046_ReadAdc_XY
                0x0000000008006d24       0x38 ./Core/Src/xpt2046.o
 .text.XPT2046_ReadAdc_Smooth_XY
                0x0000000008006d5c      0x22c ./Core/Src/xpt2046.o
 .text.XPT2046_Calculate_CalibrationFactor
                0x0000000008006f88      0x31a ./Core/Src/xpt2046.o
 *fill*         0x00000000080072a2        0x2 
 .text.XPT2046_Touch_Calibrate
                0x00000000080072a4      0x478 ./Core/Src/xpt2046.o
                0x00000000080072a4                XPT2046_Touch_Calibrate
 .text.XPT2046_Get_TouchedPoint
                0x000000000800771c      0x10e ./Core/Src/xpt2046.o
                0x000000000800771c                XPT2046_Get_TouchedPoint
 *fill*         0x000000000800782a        0x2 
 .text.Check_touchkey
                0x000000000800782c       0x60 ./Core/Src/xpt2046.o
                0x000000000800782c                Check_touchkey
 .text.Check_touchkey_start
                0x000000000800788c       0x48 ./Core/Src/xpt2046.o
                0x000000000800788c                Check_touchkey_start
 .text.Check_touchkey_flag
                0x00000000080078d4       0x5c ./Core/Src/xpt2046.o
                0x00000000080078d4                Check_touchkey_flag
 .text.Reset_Handler
                0x0000000008007930       0x48 ./Core/Startup/startup_stm32f103vetx.o
                0x0000000008007930                Reset_Handler
 .text.Default_Handler
                0x0000000008007978        0x2 ./Core/Startup/startup_stm32f103vetx.o
                0x0000000008007978                DMA2_Channel3_IRQHandler
                0x0000000008007978                EXTI2_IRQHandler
                0x0000000008007978                TIM8_TRG_COM_IRQHandler
                0x0000000008007978                TIM8_CC_IRQHandler
                0x0000000008007978                TIM1_CC_IRQHandler
                0x0000000008007978                TIM6_IRQHandler
                0x0000000008007978                PVD_IRQHandler
                0x0000000008007978                SDIO_IRQHandler
                0x0000000008007978                EXTI3_IRQHandler
                0x0000000008007978                I2C2_EV_IRQHandler
                0x0000000008007978                ADC1_2_IRQHandler
                0x0000000008007978                SPI1_IRQHandler
                0x0000000008007978                TAMPER_IRQHandler
                0x0000000008007978                TIM8_UP_IRQHandler
                0x0000000008007978                DMA2_Channel2_IRQHandler
                0x0000000008007978                DMA1_Channel4_IRQHandler
                0x0000000008007978                USART3_IRQHandler
                0x0000000008007978                RTC_IRQHandler
                0x0000000008007978                DMA1_Channel7_IRQHandler
                0x0000000008007978                CAN1_RX1_IRQHandler
                0x0000000008007978                UART5_IRQHandler
                0x0000000008007978                ADC3_IRQHandler
                0x0000000008007978                TIM4_IRQHandler
                0x0000000008007978                DMA2_Channel1_IRQHandler
                0x0000000008007978                I2C1_EV_IRQHandler
                0x0000000008007978                DMA1_Channel6_IRQHandler
                0x0000000008007978                UART4_IRQHandler
                0x0000000008007978                RCC_IRQHandler
                0x0000000008007978                TIM1_TRG_COM_IRQHandler
                0x0000000008007978                DMA1_Channel1_IRQHandler
                0x0000000008007978                Default_Handler
                0x0000000008007978                EXTI15_10_IRQHandler
                0x0000000008007978                TIM7_IRQHandler
                0x0000000008007978                TIM5_IRQHandler
                0x0000000008007978                EXTI9_5_IRQHandler
                0x0000000008007978                SPI2_IRQHandler
                0x0000000008007978                USB_LP_CAN1_RX0_IRQHandler
                0x0000000008007978                USB_HP_CAN1_TX_IRQHandler
                0x0000000008007978                FSMC_IRQHandler
                0x0000000008007978                TIM1_UP_IRQHandler
                0x0000000008007978                WWDG_IRQHandler
                0x0000000008007978                TIM2_IRQHandler
                0x0000000008007978                TIM1_BRK_IRQHandler
                0x0000000008007978                EXTI1_IRQHandler
                0x0000000008007978                USART2_IRQHandler
                0x0000000008007978                I2C2_ER_IRQHandler
                0x0000000008007978                DMA1_Channel2_IRQHandler
                0x0000000008007978                TIM8_BRK_IRQHandler
                0x0000000008007978                CAN1_SCE_IRQHandler
                0x0000000008007978                FLASH_IRQHandler
                0x0000000008007978                USART1_IRQHandler
                0x0000000008007978                SPI3_IRQHandler
                0x0000000008007978                I2C1_ER_IRQHandler
                0x0000000008007978                USBWakeUp_IRQHandler
                0x0000000008007978                RTC_Alarm_IRQHandler
 *fill*         0x000000000800797a        0x2 
 .text.HAL_Init
                0x000000000800797c       0x2c ./Drivers/STM32F1xx_HAL_Driver/Src/stm32f1xx_hal.o
                0x000000000800797c                HAL_Init
 .text.HAL_InitTick
                0x00000000080079a8       0x60 ./Drivers/STM32F1xx_HAL_Driver/Src/stm32f1xx_hal.o
                0x00000000080079a8                HAL_InitTick
 .text.HAL_IncTick
                0x0000000008007a08       0x24 ./Drivers/STM32F1xx_HAL_Driver/Src/stm32f1xx_hal.o
                0x0000000008007a08                HAL_IncTick
 .text.HAL_GetTick
                0x0000000008007a2c       0x14 ./Drivers/STM32F1xx_HAL_Driver/Src/stm32f1xx_hal.o
                0x0000000008007a2c                HAL_GetTick
 .text.HAL_Delay
                0x0000000008007a40       0x48 ./Drivers/STM32F1xx_HAL_Driver/Src/stm32f1xx_hal.o
                0x0000000008007a40                HAL_Delay
 .text.HAL_ADC_Init
                0x0000000008007a88      0x1d4 ./Drivers/STM32F1xx_HAL_Driver/Src/stm32f1xx_hal_adc.o
                0x0000000008007a88                HAL_ADC_Init
 .text.HAL_ADC_Start
                0x0000000008007c5c      0x15c ./Drivers/STM32F1xx_HAL_Driver/Src/stm32f1xx_hal_adc.o
                0x0000000008007c5c                HAL_ADC_Start
 .text.HAL_ADC_PollForConversion
                0x0000000008007db8      0x20c ./Drivers/STM32F1xx_HAL_Driver/Src/stm32f1xx_hal_adc.o
                0x0000000008007db8                HAL_ADC_PollForConversion
 .text.HAL_ADC_Start_DMA
                0x0000000008007fc4      0x1bc ./Drivers/STM32F1xx_HAL_Driver/Src/stm32f1xx_hal_adc.o
                0x0000000008007fc4                HAL_ADC_Start_DMA
 .text.HAL_ADC_GetValue
                0x0000000008008180       0x18 ./Drivers/STM32F1xx_HAL_Driver/Src/stm32f1xx_hal_adc.o
                0x0000000008008180                HAL_ADC_GetValue
 .text.HAL_ADC_ConvCpltCallback
                0x0000000008008198       0x12 ./Drivers/STM32F1xx_HAL_Driver/Src/stm32f1xx_hal_adc.o
                0x0000000008008198                HAL_ADC_ConvCpltCallback
 .text.HAL_ADC_ConvHalfCpltCallback
                0x00000000080081aa       0x12 ./Drivers/STM32F1xx_HAL_Driver/Src/stm32f1xx_hal_adc.o
                0x00000000080081aa                HAL_ADC_ConvHalfCpltCallback
 .text.HAL_ADC_ErrorCallback
                0x00000000080081bc       0x12 ./Drivers/STM32F1xx_HAL_Driver/Src/stm32f1xx_hal_adc.o
                0x00000000080081bc                HAL_ADC_ErrorCallback
 *fill*         0x00000000080081ce        0x2 
 .text.HAL_ADC_ConfigChannel
                0x00000000080081d0      0x1f0 ./Drivers/STM32F1xx_HAL_Driver/Src/stm32f1xx_hal_adc.o
                0x00000000080081d0                HAL_ADC_ConfigChannel
 .text.ADC_Enable
                0x00000000080083c0       0xb4 ./Drivers/STM32F1xx_HAL_Driver/Src/stm32f1xx_hal_adc.o
                0x00000000080083c0                ADC_Enable
 .text.ADC_ConversionStop_Disable
                0x0000000008008474       0x82 ./Drivers/STM32F1xx_HAL_Driver/Src/stm32f1xx_hal_adc.o
                0x0000000008008474                ADC_ConversionStop_Disable
 .text.ADC_DMAConvCplt
                0x00000000080084f6       0x7c ./Drivers/STM32F1xx_HAL_Driver/Src/stm32f1xx_hal_adc.o
                0x00000000080084f6                ADC_DMAConvCplt
 .text.ADC_DMAHalfConvCplt
                0x0000000008008572       0x1c ./Drivers/STM32F1xx_HAL_Driver/Src/stm32f1xx_hal_adc.o
                0x0000000008008572                ADC_DMAHalfConvCplt
 .text.ADC_DMAError
                0x000000000800858e       0x34 ./Drivers/STM32F1xx_HAL_Driver/Src/stm32f1xx_hal_adc.o
                0x000000000800858e                ADC_DMAError
 *fill*         0x00000000080085c2        0x2 
 .text.HAL_ADCEx_Calibration_Start
                0x00000000080085c4      0x158 ./Drivers/STM32F1xx_HAL_Driver/Src/stm32f1xx_hal_adc_ex.o
                0x00000000080085c4                HAL_ADCEx_Calibration_Start
 .text.__NVIC_SetPriorityGrouping
                0x000000000800871c       0x48 ./Drivers/STM32F1xx_HAL_Driver/Src/stm32f1xx_hal_cortex.o
 .text.__NVIC_GetPriorityGrouping
                0x0000000008008764       0x1c ./Drivers/STM32F1xx_HAL_Driver/Src/stm32f1xx_hal_cortex.o
 .text.__NVIC_EnableIRQ
                0x0000000008008780       0x38 ./Drivers/STM32F1xx_HAL_Driver/Src/stm32f1xx_hal_cortex.o
 .text.__NVIC_SetPriority
                0x00000000080087b8       0x54 ./Drivers/STM32F1xx_HAL_Driver/Src/stm32f1xx_hal_cortex.o
 .text.NVIC_EncodePriority
                0x000000000800880c       0x64 ./Drivers/STM32F1xx_HAL_Driver/Src/stm32f1xx_hal_cortex.o
 .text.SysTick_Config
                0x0000000008008870       0x44 ./Drivers/STM32F1xx_HAL_Driver/Src/stm32f1xx_hal_cortex.o
 .text.HAL_NVIC_SetPriorityGrouping
                0x00000000080088b4       0x16 ./Drivers/STM32F1xx_HAL_Driver/Src/stm32f1xx_hal_cortex.o
                0x00000000080088b4                HAL_NVIC_SetPriorityGrouping
 .text.HAL_NVIC_SetPriority
                0x00000000080088ca       0x38 ./Drivers/STM32F1xx_HAL_Driver/Src/stm32f1xx_hal_cortex.o
                0x00000000080088ca                HAL_NVIC_SetPriority
 .text.HAL_NVIC_EnableIRQ
                0x0000000008008902       0x1c ./Drivers/STM32F1xx_HAL_Driver/Src/stm32f1xx_hal_cortex.o
                0x0000000008008902                HAL_NVIC_EnableIRQ
 .text.HAL_SYSTICK_Config
                0x000000000800891e       0x18 ./Drivers/STM32F1xx_HAL_Driver/Src/stm32f1xx_hal_cortex.o
                0x000000000800891e                HAL_SYSTICK_Config
 *fill*         0x0000000008008936        0x2 
 .text.HAL_DMA_Init
                0x0000000008008938       0xec ./Drivers/STM32F1xx_HAL_Driver/Src/stm32f1xx_hal_dma.o
                0x0000000008008938                HAL_DMA_Init
 .text.HAL_DMA_Start_IT
                0x0000000008008a24       0xbe ./Drivers/STM32F1xx_HAL_Driver/Src/stm32f1xx_hal_dma.o
                0x0000000008008a24                HAL_DMA_Start_IT
 .text.HAL_DMA_Abort
                0x0000000008008ae2       0x74 ./Drivers/STM32F1xx_HAL_Driver/Src/stm32f1xx_hal_dma.o
                0x0000000008008ae2                HAL_DMA_Abort
 *fill*         0x0000000008008b56        0x2 
 .text.HAL_DMA_IRQHandler
                0x0000000008008b58      0x478 ./Drivers/STM32F1xx_HAL_Driver/Src/stm32f1xx_hal_dma.o
                0x0000000008008b58                HAL_DMA_IRQHandler
 .text.DMA_SetConfig
                0x0000000008008fd0       0x5a ./Drivers/STM32F1xx_HAL_Driver/Src/stm32f1xx_hal_dma.o
 *fill*         0x000000000800902a        0x2 
 .text.HAL_GPIO_Init
                0x000000000800902c      0x328 ./Drivers/STM32F1xx_HAL_Driver/Src/stm32f1xx_hal_gpio.o
                0x000000000800902c                HAL_GPIO_Init
 .text.HAL_GPIO_ReadPin
                0x0000000008009354       0x2e ./Drivers/STM32F1xx_HAL_Driver/Src/stm32f1xx_hal_gpio.o
                0x0000000008009354                HAL_GPIO_ReadPin
 .text.HAL_GPIO_WritePin
                0x0000000008009382       0x30 ./Drivers/STM32F1xx_HAL_Driver/Src/stm32f1xx_hal_gpio.o
                0x0000000008009382                HAL_GPIO_WritePin
 *fill*         0x00000000080093b2        0x2 
 .text.HAL_GPIO_EXTI_IRQHandler
                0x00000000080093b4       0x30 ./Drivers/STM32F1xx_HAL_Driver/Src/stm32f1xx_hal_gpio.o
                0x00000000080093b4                HAL_GPIO_EXTI_IRQHandler
 .text.HAL_GPIO_EXTI_Callback
                0x00000000080093e4       0x14 ./Drivers/STM32F1xx_HAL_Driver/Src/stm32f1xx_hal_gpio.o
                0x00000000080093e4                HAL_GPIO_EXTI_Callback
 .text.HAL_I2C_Init
                0x00000000080093f8      0x288 ./Drivers/STM32F1xx_HAL_Driver/Src/stm32f1xx_hal_i2c.o
                0x00000000080093f8                HAL_I2C_Init
 .text.HAL_I2C_Mem_Write
                0x0000000008009680      0x1f4 ./Drivers/STM32F1xx_HAL_Driver/Src/stm32f1xx_hal_i2c.o
                0x0000000008009680                HAL_I2C_Mem_Write
 .text.HAL_I2C_Mem_Read
                0x0000000008009874      0x4d0 ./Drivers/STM32F1xx_HAL_Driver/Src/stm32f1xx_hal_i2c.o
                0x0000000008009874                HAL_I2C_Mem_Read
 .text.I2C_RequestMemoryWrite
                0x0000000008009d44      0x12c ./Drivers/STM32F1xx_HAL_Driver/Src/stm32f1xx_hal_i2c.o
 .text.I2C_RequestMemoryRead
                0x0000000008009e70      0x1d0 ./Drivers/STM32F1xx_HAL_Driver/Src/stm32f1xx_hal_i2c.o
 .text.I2C_WaitOnFlagUntilTimeout
                0x000000000800a040       0xae ./Drivers/STM32F1xx_HAL_Driver/Src/stm32f1xx_hal_i2c.o
 .text.I2C_WaitOnMasterAddressFlagUntilTimeout
                0x000000000800a0ee       0xfe ./Drivers/STM32F1xx_HAL_Driver/Src/stm32f1xx_hal_i2c.o
 .text.I2C_WaitOnTXEFlagUntilTimeout
                0x000000000800a1ec       0x82 ./Drivers/STM32F1xx_HAL_Driver/Src/stm32f1xx_hal_i2c.o
 .text.I2C_WaitOnBTFFlagUntilTimeout
                0x000000000800a26e       0x82 ./Drivers/STM32F1xx_HAL_Driver/Src/stm32f1xx_hal_i2c.o
 .text.I2C_WaitOnRXNEFlagUntilTimeout
                0x000000000800a2f0       0xac ./Drivers/STM32F1xx_HAL_Driver/Src/stm32f1xx_hal_i2c.o
 .text.I2C_IsAcknowledgeFailed
                0x000000000800a39c       0x5c ./Drivers/STM32F1xx_HAL_Driver/Src/stm32f1xx_hal_i2c.o
 .text.HAL_I2S_Init
                0x000000000800a3f8      0x1cc ./Drivers/STM32F1xx_HAL_Driver/Src/stm32f1xx_hal_i2s.o
                0x000000000800a3f8                HAL_I2S_Init
 .text.HAL_I2S_Transmit_DMA
                0x000000000800a5c4      0x150 ./Drivers/STM32F1xx_HAL_Driver/Src/stm32f1xx_hal_i2s.o
                0x000000000800a5c4                HAL_I2S_Transmit_DMA
 .text.HAL_I2S_DMAStop
                0x000000000800a714      0x178 ./Drivers/STM32F1xx_HAL_Driver/Src/stm32f1xx_hal_i2s.o
                0x000000000800a714                HAL_I2S_DMAStop
 .text.HAL_I2S_ErrorCallback
                0x000000000800a88c       0x12 ./Drivers/STM32F1xx_HAL_Driver/Src/stm32f1xx_hal_i2s.o
                0x000000000800a88c                HAL_I2S_ErrorCallback
 .text.I2S_DMATxCplt
                0x000000000800a89e       0x42 ./Drivers/STM32F1xx_HAL_Driver/Src/stm32f1xx_hal_i2s.o
 .text.I2S_DMATxHalfCplt
                0x000000000800a8e0       0x1c ./Drivers/STM32F1xx_HAL_Driver/Src/stm32f1xx_hal_i2s.o
 .text.I2S_DMAError
                0x000000000800a8fc       0x4c ./Drivers/STM32F1xx_HAL_Driver/Src/stm32f1xx_hal_i2s.o
 .text.I2S_WaitFlagStateUntilTimeout
                0x000000000800a948       0x72 ./Drivers/STM32F1xx_HAL_Driver/Src/stm32f1xx_hal_i2s.o
 *fill*         0x000000000800a9ba        0x2 
 .text.HAL_RCC_OscConfig
                0x000000000800a9bc      0x504 ./Drivers/STM32F1xx_HAL_Driver/Src/stm32f1xx_hal_rcc.o
                0x000000000800a9bc                HAL_RCC_OscConfig
 .text.HAL_RCC_ClockConfig
                0x000000000800aec0      0x1d4 ./Drivers/STM32F1xx_HAL_Driver/Src/stm32f1xx_hal_rcc.o
                0x000000000800aec0                HAL_RCC_ClockConfig
 .text.HAL_RCC_GetSysClockFreq
                0x000000000800b094       0xbc ./Drivers/STM32F1xx_HAL_Driver/Src/stm32f1xx_hal_rcc.o
                0x000000000800b094                HAL_RCC_GetSysClockFreq
 .text.HAL_RCC_GetHCLKFreq
                0x000000000800b150       0x14 ./Drivers/STM32F1xx_HAL_Driver/Src/stm32f1xx_hal_rcc.o
                0x000000000800b150                HAL_RCC_GetHCLKFreq
 .text.HAL_RCC_GetPCLK1Freq
                0x000000000800b164       0x28 ./Drivers/STM32F1xx_HAL_Driver/Src/stm32f1xx_hal_rcc.o
                0x000000000800b164                HAL_RCC_GetPCLK1Freq
 .text.HAL_RCC_GetPCLK2Freq
                0x000000000800b18c       0x28 ./Drivers/STM32F1xx_HAL_Driver/Src/stm32f1xx_hal_rcc.o
                0x000000000800b18c                HAL_RCC_GetPCLK2Freq
 .text.RCC_Delay
                0x000000000800b1b4       0x3c ./Drivers/STM32F1xx_HAL_Driver/Src/stm32f1xx_hal_rcc.o
 .text.HAL_RCCEx_PeriphCLKConfig
                0x000000000800b1f0      0x16c ./Drivers/STM32F1xx_HAL_Driver/Src/stm32f1xx_hal_rcc_ex.o
                0x000000000800b1f0                HAL_RCCEx_PeriphCLKConfig
 .text.HAL_RCCEx_GetPeriphCLKFreq
                0x000000000800b35c      0x1c8 ./Drivers/STM32F1xx_HAL_Driver/Src/stm32f1xx_hal_rcc_ex.o
                0x000000000800b35c                HAL_RCCEx_GetPeriphCLKFreq
 .text.HAL_SD_Init
                0x000000000800b524       0x60 ./Drivers/STM32F1xx_HAL_Driver/Src/stm32f1xx_hal_sd.o
                0x000000000800b524                HAL_SD_Init
 .text.HAL_SD_InitCard
                0x000000000800b584       0xfc ./Drivers/STM32F1xx_HAL_Driver/Src/stm32f1xx_hal_sd.o
                0x000000000800b584                HAL_SD_InitCard
 .text.HAL_SD_ReadBlocks
                0x000000000800b680      0x3bc ./Drivers/STM32F1xx_HAL_Driver/Src/stm32f1xx_hal_sd.o
                0x000000000800b680                HAL_SD_ReadBlocks
 .text.HAL_SD_WriteBlocks
                0x000000000800ba3c      0x30c ./Drivers/STM32F1xx_HAL_Driver/Src/stm32f1xx_hal_sd.o
                0x000000000800ba3c                HAL_SD_WriteBlocks
 .text.HAL_SD_GetCardCSD
                0x000000000800bd48      0x348 ./Drivers/STM32F1xx_HAL_Driver/Src/stm32f1xx_hal_sd.o
                0x000000000800bd48                HAL_SD_GetCardCSD
 .text.HAL_SD_GetCardInfo
                0x000000000800c090       0x56 ./Drivers/STM32F1xx_HAL_Driver/Src/stm32f1xx_hal_sd.o
                0x000000000800c090                HAL_SD_GetCardInfo
 *fill*         0x000000000800c0e6        0x2 
 .text.HAL_SD_ConfigWideBusOperation
                0x000000000800c0e8      0x134 ./Drivers/STM32F1xx_HAL_Driver/Src/stm32f1xx_hal_sd.o
                0x000000000800c0e8                HAL_SD_ConfigWideBusOperation
 .text.HAL_SD_GetCardState
                0x000000000800c21c       0x40 ./Drivers/STM32F1xx_HAL_Driver/Src/stm32f1xx_hal_sd.o
                0x000000000800c21c                HAL_SD_GetCardState
 .text.SD_InitCard
                0x000000000800c25c      0x19c ./Drivers/STM32F1xx_HAL_Driver/Src/stm32f1xx_hal_sd.o
 .text.SD_PowerON
                0x000000000800c3f8      0x11c ./Drivers/STM32F1xx_HAL_Driver/Src/stm32f1xx_hal_sd.o
 .text.SD_SendStatus
                0x000000000800c514       0x50 ./Drivers/STM32F1xx_HAL_Driver/Src/stm32f1xx_hal_sd.o
 .text.SD_WideBus_Enable
                0x000000000800c564       0x96 ./Drivers/STM32F1xx_HAL_Driver/Src/stm32f1xx_hal_sd.o
 .text.SD_WideBus_Disable
                0x000000000800c5fa       0x96 ./Drivers/STM32F1xx_HAL_Driver/Src/stm32f1xx_hal_sd.o
 .text.SD_FindSCR
                0x000000000800c690      0x1a6 ./Drivers/STM32F1xx_HAL_Driver/Src/stm32f1xx_hal_sd.o
 .text.HAL_SPI_Init
                0x000000000800c836      0x108 ./Drivers/STM32F1xx_HAL_Driver/Src/stm32f1xx_hal_spi.o
                0x000000000800c836                HAL_SPI_Init
 *fill*         0x000000000800c93e        0x2 
 .text.HAL_SPI_Transmit_DMA
                0x000000000800c940      0x16c ./Drivers/STM32F1xx_HAL_Driver/Src/stm32f1xx_hal_spi.o
                0x000000000800c940                HAL_SPI_Transmit_DMA
 .text.HAL_SPI_TxCpltCallback
                0x000000000800caac       0x12 ./Drivers/STM32F1xx_HAL_Driver/Src/stm32f1xx_hal_spi.o
                0x000000000800caac                HAL_SPI_TxCpltCallback
 .text.HAL_SPI_TxHalfCpltCallback
                0x000000000800cabe       0x12 ./Drivers/STM32F1xx_HAL_Driver/Src/stm32f1xx_hal_spi.o
                0x000000000800cabe                HAL_SPI_TxHalfCpltCallback
 .text.HAL_SPI_ErrorCallback
                0x000000000800cad0       0x12 ./Drivers/STM32F1xx_HAL_Driver/Src/stm32f1xx_hal_spi.o
                0x000000000800cad0                HAL_SPI_ErrorCallback
 .text.SPI_DMATransmitCplt
                0x000000000800cae2       0xa6 ./Drivers/STM32F1xx_HAL_Driver/Src/stm32f1xx_hal_spi.o
 .text.SPI_DMAHalfTransmitCplt
                0x000000000800cb88       0x1c ./Drivers/STM32F1xx_HAL_Driver/Src/stm32f1xx_hal_spi.o
 .text.SPI_DMAError
                0x000000000800cba4       0x40 ./Drivers/STM32F1xx_HAL_Driver/Src/stm32f1xx_hal_spi.o
 .text.SPI_WaitFlagStateUntilTimeout
                0x000000000800cbe4      0x110 ./Drivers/STM32F1xx_HAL_Driver/Src/stm32f1xx_hal_spi.o
 .text.SPI_EndRxTxTransaction
                0x000000000800ccf4       0x3c ./Drivers/STM32F1xx_HAL_Driver/Src/stm32f1xx_hal_spi.o
 .text.HAL_SRAM_Init
                0x000000000800cd30       0x9a ./Drivers/STM32F1xx_HAL_Driver/Src/stm32f1xx_hal_sram.o
                0x000000000800cd30                HAL_SRAM_Init
 .text.HAL_TIM_Base_Init
                0x000000000800cdca       0x9e ./Drivers/STM32F1xx_HAL_Driver/Src/stm32f1xx_hal_tim.o
                0x000000000800cdca                HAL_TIM_Base_Init
 .text.HAL_TIM_Base_Start
                0x000000000800ce68       0xb0 ./Drivers/STM32F1xx_HAL_Driver/Src/stm32f1xx_hal_tim.o
                0x000000000800ce68                HAL_TIM_Base_Start
 .text.HAL_TIM_Base_Start_IT
                0x000000000800cf18       0xc0 ./Drivers/STM32F1xx_HAL_Driver/Src/stm32f1xx_hal_tim.o
                0x000000000800cf18                HAL_TIM_Base_Start_IT
 .text.HAL_TIM_IRQHandler
                0x000000000800cfd8      0x210 ./Drivers/STM32F1xx_HAL_Driver/Src/stm32f1xx_hal_tim.o
                0x000000000800cfd8                HAL_TIM_IRQHandler
 .text.HAL_TIM_ConfigClockSource
                0x000000000800d1e8      0x188 ./Drivers/STM32F1xx_HAL_Driver/Src/stm32f1xx_hal_tim.o
                0x000000000800d1e8                HAL_TIM_ConfigClockSource
 .text.HAL_TIM_OC_DelayElapsedCallback
                0x000000000800d370       0x12 ./Drivers/STM32F1xx_HAL_Driver/Src/stm32f1xx_hal_tim.o
                0x000000000800d370                HAL_TIM_OC_DelayElapsedCallback
 .text.HAL_TIM_IC_CaptureCallback
                0x000000000800d382       0x12 ./Drivers/STM32F1xx_HAL_Driver/Src/stm32f1xx_hal_tim.o
                0x000000000800d382                HAL_TIM_IC_CaptureCallback
 .text.HAL_TIM_PWM_PulseFinishedCallback
                0x000000000800d394       0x12 ./Drivers/STM32F1xx_HAL_Driver/Src/stm32f1xx_hal_tim.o
                0x000000000800d394                HAL_TIM_PWM_PulseFinishedCallback
 .text.HAL_TIM_TriggerCallback
                0x000000000800d3a6       0x12 ./Drivers/STM32F1xx_HAL_Driver/Src/stm32f1xx_hal_tim.o
                0x000000000800d3a6                HAL_TIM_TriggerCallback
 .text.TIM_Base_SetConfig
                0x000000000800d3b8       0xf4 ./Drivers/STM32F1xx_HAL_Driver/Src/stm32f1xx_hal_tim.o
                0x000000000800d3b8                TIM_Base_SetConfig
 .text.TIM_TI1_ConfigInputStage
                0x000000000800d4ac       0x5c ./Drivers/STM32F1xx_HAL_Driver/Src/stm32f1xx_hal_tim.o
 .text.TIM_TI2_ConfigInputStage
                0x000000000800d508       0x5e ./Drivers/STM32F1xx_HAL_Driver/Src/stm32f1xx_hal_tim.o
 .text.TIM_ITRx_SetConfig
                0x000000000800d566       0x34 ./Drivers/STM32F1xx_HAL_Driver/Src/stm32f1xx_hal_tim.o
 .text.TIM_ETR_SetConfig
                0x000000000800d59a       0x3e ./Drivers/STM32F1xx_HAL_Driver/Src/stm32f1xx_hal_tim.o
                0x000000000800d59a                TIM_ETR_SetConfig
 .text.HAL_TIMEx_MasterConfigSynchronization
                0x000000000800d5d8       0xd8 ./Drivers/STM32F1xx_HAL_Driver/Src/stm32f1xx_hal_tim_ex.o
                0x000000000800d5d8                HAL_TIMEx_MasterConfigSynchronization
 .text.HAL_TIMEx_CommutCallback
                0x000000000800d6b0       0x12 ./Drivers/STM32F1xx_HAL_Driver/Src/stm32f1xx_hal_tim_ex.o
                0x000000000800d6b0                HAL_TIMEx_CommutCallback
 .text.HAL_TIMEx_BreakCallback
                0x000000000800d6c2       0x12 ./Drivers/STM32F1xx_HAL_Driver/Src/stm32f1xx_hal_tim_ex.o
                0x000000000800d6c2                HAL_TIMEx_BreakCallback
 .text.HAL_UART_Init
                0x000000000800d6d4       0x9a ./Drivers/STM32F1xx_HAL_Driver/Src/stm32f1xx_hal_uart.o
                0x000000000800d6d4                HAL_UART_Init
 .text.HAL_UART_Receive
                0x000000000800d76e      0x144 ./Drivers/STM32F1xx_HAL_Driver/Src/stm32f1xx_hal_uart.o
                0x000000000800d76e                HAL_UART_Receive
 .text.UART_WaitOnFlagUntilTimeout
                0x000000000800d8b2       0x94 ./Drivers/STM32F1xx_HAL_Driver/Src/stm32f1xx_hal_uart.o
 *fill*         0x000000000800d946        0x2 
 .text.UART_SetConfig
                0x000000000800d948      0x11c ./Drivers/STM32F1xx_HAL_Driver/Src/stm32f1xx_hal_uart.o
 .text.FSMC_NORSRAM_Init
                0x000000000800da64       0xd4 ./Drivers/STM32F1xx_HAL_Driver/Src/stm32f1xx_ll_fsmc.o
                0x000000000800da64                FSMC_NORSRAM_Init
 .text.FSMC_NORSRAM_Timing_Init
                0x000000000800db38       0x68 ./Drivers/STM32F1xx_HAL_Driver/Src/stm32f1xx_ll_fsmc.o
                0x000000000800db38                FSMC_NORSRAM_Timing_Init
 .text.FSMC_NORSRAM_Extended_Timing_Init
                0x000000000800dba0       0x70 ./Drivers/STM32F1xx_HAL_Driver/Src/stm32f1xx_ll_fsmc.o
                0x000000000800dba0                FSMC_NORSRAM_Extended_Timing_Init
 .text.SDIO_Init
                0x000000000800dc10       0x54 ./Drivers/STM32F1xx_HAL_Driver/Src/stm32f1xx_ll_sdmmc.o
                0x000000000800dc10                SDIO_Init
 .text.SDIO_ReadFIFO
                0x000000000800dc64       0x18 ./Drivers/STM32F1xx_HAL_Driver/Src/stm32f1xx_ll_sdmmc.o
                0x000000000800dc64                SDIO_ReadFIFO
 .text.SDIO_WriteFIFO
                0x000000000800dc7c       0x20 ./Drivers/STM32F1xx_HAL_Driver/Src/stm32f1xx_ll_sdmmc.o
                0x000000000800dc7c                SDIO_WriteFIFO
 .text.SDIO_PowerState_ON
                0x000000000800dc9c       0x1e ./Drivers/STM32F1xx_HAL_Driver/Src/stm32f1xx_ll_sdmmc.o
                0x000000000800dc9c                SDIO_PowerState_ON
 .text.SDIO_GetPowerState
                0x000000000800dcba       0x1a ./Drivers/STM32F1xx_HAL_Driver/Src/stm32f1xx_ll_sdmmc.o
                0x000000000800dcba                SDIO_GetPowerState
 .text.SDIO_SendCommand
                0x000000000800dcd4       0x52 ./Drivers/STM32F1xx_HAL_Driver/Src/stm32f1xx_ll_sdmmc.o
                0x000000000800dcd4                SDIO_SendCommand
 .text.SDIO_GetCommandResponse
                0x000000000800dd26       0x18 ./Drivers/STM32F1xx_HAL_Driver/Src/stm32f1xx_ll_sdmmc.o
                0x000000000800dd26                SDIO_GetCommandResponse
 .text.SDIO_GetResponse
                0x000000000800dd3e       0x24 ./Drivers/STM32F1xx_HAL_Driver/Src/stm32f1xx_ll_sdmmc.o
                0x000000000800dd3e                SDIO_GetResponse
 .text.SDIO_ConfigData
                0x000000000800dd62       0x56 ./Drivers/STM32F1xx_HAL_Driver/Src/stm32f1xx_ll_sdmmc.o
                0x000000000800dd62                SDIO_ConfigData
 .text.SDMMC_CmdBlockLength
                0x000000000800ddb8       0x44 ./Drivers/STM32F1xx_HAL_Driver/Src/stm32f1xx_ll_sdmmc.o
                0x000000000800ddb8                SDMMC_CmdBlockLength
 .text.SDMMC_CmdReadSingleBlock
                0x000000000800ddfc       0x44 ./Drivers/STM32F1xx_HAL_Driver/Src/stm32f1xx_ll_sdmmc.o
                0x000000000800ddfc                SDMMC_CmdReadSingleBlock
 .text.SDMMC_CmdReadMultiBlock
                0x000000000800de40       0x44 ./Drivers/STM32F1xx_HAL_Driver/Src/stm32f1xx_ll_sdmmc.o
                0x000000000800de40                SDMMC_CmdReadMultiBlock
 .text.SDMMC_CmdWriteSingleBlock
                0x000000000800de84       0x44 ./Drivers/STM32F1xx_HAL_Driver/Src/stm32f1xx_ll_sdmmc.o
                0x000000000800de84                SDMMC_CmdWriteSingleBlock
 .text.SDMMC_CmdWriteMultiBlock
                0x000000000800dec8       0x44 ./Drivers/STM32F1xx_HAL_Driver/Src/stm32f1xx_ll_sdmmc.o
                0x000000000800dec8                SDMMC_CmdWriteMultiBlock
 .text.SDMMC_CmdStopTransfer
                0x000000000800df0c       0x44 ./Drivers/STM32F1xx_HAL_Driver/Src/stm32f1xx_ll_sdmmc.o
                0x000000000800df0c                SDMMC_CmdStopTransfer
 .text.SDMMC_CmdSelDesel
                0x000000000800df50       0x46 ./Drivers/STM32F1xx_HAL_Driver/Src/stm32f1xx_ll_sdmmc.o
                0x000000000800df50                SDMMC_CmdSelDesel
 .text.SDMMC_CmdGoIdleState
                0x000000000800df96       0x3c ./Drivers/STM32F1xx_HAL_Driver/Src/stm32f1xx_ll_sdmmc.o
                0x000000000800df96                SDMMC_CmdGoIdleState
 .text.SDMMC_CmdOperCond
                0x000000000800dfd2       0x3e ./Drivers/STM32F1xx_HAL_Driver/Src/stm32f1xx_ll_sdmmc.o
                0x000000000800dfd2                SDMMC_CmdOperCond
 .text.SDMMC_CmdAppCommand
                0x000000000800e010       0x44 ./Drivers/STM32F1xx_HAL_Driver/Src/stm32f1xx_ll_sdmmc.o
                0x000000000800e010                SDMMC_CmdAppCommand
 .text.SDMMC_CmdAppOperCommand
                0x000000000800e054       0x46 ./Drivers/STM32F1xx_HAL_Driver/Src/stm32f1xx_ll_sdmmc.o
                0x000000000800e054                SDMMC_CmdAppOperCommand
 .text.SDMMC_CmdBusWidth
                0x000000000800e09a       0x44 ./Drivers/STM32F1xx_HAL_Driver/Src/stm32f1xx_ll_sdmmc.o
                0x000000000800e09a                SDMMC_CmdBusWidth
 .text.SDMMC_CmdSendSCR
                0x000000000800e0de       0x42 ./Drivers/STM32F1xx_HAL_Driver/Src/stm32f1xx_ll_sdmmc.o
                0x000000000800e0de                SDMMC_CmdSendSCR
 .text.SDMMC_CmdSendCID
                0x000000000800e120       0x3c ./Drivers/STM32F1xx_HAL_Driver/Src/stm32f1xx_ll_sdmmc.o
                0x000000000800e120                SDMMC_CmdSendCID
 .text.SDMMC_CmdSendCSD
                0x000000000800e15c       0x3e ./Drivers/STM32F1xx_HAL_Driver/Src/stm32f1xx_ll_sdmmc.o
                0x000000000800e15c                SDMMC_CmdSendCSD
 .text.SDMMC_CmdSetRelAdd
                0x000000000800e19a       0x42 ./Drivers/STM32F1xx_HAL_Driver/Src/stm32f1xx_ll_sdmmc.o
                0x000000000800e19a                SDMMC_CmdSetRelAdd
 .text.SDMMC_CmdSendStatus
                0x000000000800e1dc       0x44 ./Drivers/STM32F1xx_HAL_Driver/Src/stm32f1xx_ll_sdmmc.o
                0x000000000800e1dc                SDMMC_CmdSendStatus
 .text.SDMMC_GetCmdError
                0x000000000800e220       0x54 ./Drivers/STM32F1xx_HAL_Driver/Src/stm32f1xx_ll_sdmmc.o
 .text.SDMMC_GetCmdResp1
                0x000000000800e274      0x1dc ./Drivers/STM32F1xx_HAL_Driver/Src/stm32f1xx_ll_sdmmc.o
 .text.SDMMC_GetCmdResp2
                0x000000000800e450       0x90 ./Drivers/STM32F1xx_HAL_Driver/Src/stm32f1xx_ll_sdmmc.o
 .text.SDMMC_GetCmdResp3
                0x000000000800e4e0       0x78 ./Drivers/STM32F1xx_HAL_Driver/Src/stm32f1xx_ll_sdmmc.o
 .text.SDMMC_GetCmdResp6
                0x000000000800e558       0xec ./Drivers/STM32F1xx_HAL_Driver/Src/stm32f1xx_ll_sdmmc.o
 .text.SDMMC_GetCmdResp7
                0x000000000800e644       0x9c ./Drivers/STM32F1xx_HAL_Driver/Src/stm32f1xx_ll_sdmmc.o
 .text.MX_FATFS_Init
                0x000000000800e6e0       0x24 ./FATFS/App/fatfs.o
                0x000000000800e6e0                MX_FATFS_Init
 .text.get_fattime
                0x000000000800e704        0xe ./FATFS/App/fatfs.o
                0x000000000800e704                get_fattime
 *fill*         0x000000000800e712        0x2 
 .text.BSP_SD_Init
                0x000000000800e714       0x30 ./FATFS/Target/bsp_driver_sd.o
                0x000000000800e714                BSP_SD_Init
 .text.BSP_SD_ReadBlocks
                0x000000000800e744       0x3c ./FATFS/Target/bsp_driver_sd.o
                0x000000000800e744                BSP_SD_ReadBlocks
 .text.BSP_SD_WriteBlocks
                0x000000000800e780       0x3c ./FATFS/Target/bsp_driver_sd.o
                0x000000000800e780                BSP_SD_WriteBlocks
 .text.BSP_SD_GetCardState
                0x000000000800e7bc       0x20 ./FATFS/Target/bsp_driver_sd.o
                0x000000000800e7bc                BSP_SD_GetCardState
 .text.BSP_SD_GetCardInfo
                0x000000000800e7dc       0x1c ./FATFS/Target/bsp_driver_sd.o
                0x000000000800e7dc                BSP_SD_GetCardInfo
 .text.BSP_SD_IsDetected
                0x000000000800e7f8       0x18 ./FATFS/Target/bsp_driver_sd.o
                0x000000000800e7f8                BSP_SD_IsDetected
 .text.disk_status
                0x000000000800e810       0x34 ./Middlewares/Third_Party/FatFs/src/diskio.o
                0x000000000800e810                disk_status
 .text.disk_initialize
                0x000000000800e844       0x4c ./Middlewares/Third_Party/FatFs/src/diskio.o
                0x000000000800e844                disk_initialize
 .text.disk_read
                0x000000000800e890       0x40 ./Middlewares/Third_Party/FatFs/src/diskio.o
                0x000000000800e890                disk_read
 .text.disk_write
                0x000000000800e8d0       0x40 ./Middlewares/Third_Party/FatFs/src/diskio.o
                0x000000000800e8d0                disk_write
 .text.disk_ioctl
                0x000000000800e910       0x3c ./Middlewares/Third_Party/FatFs/src/diskio.o
                0x000000000800e910                disk_ioctl
 .text.mem_cpy  0x000000000800e94c       0x3c ./Middlewares/Third_Party/FatFs/src/ff.o
 .text.mem_set  0x000000000800e988       0x34 ./Middlewares/Third_Party/FatFs/src/ff.o
 .text.mem_cmp  0x000000000800e9bc       0x4c ./Middlewares/Third_Party/FatFs/src/ff.o
 .text.chk_chr  0x000000000800ea08       0x34 ./Middlewares/Third_Party/FatFs/src/ff.o
 .text.chk_lock
                0x000000000800ea3c       0xe0 ./Middlewares/Third_Party/FatFs/src/ff.o
 .text.enq_lock
                0x000000000800eb1c       0x48 ./Middlewares/Third_Party/FatFs/src/ff.o
 .text.inc_lock
                0x000000000800eb64      0x178 ./Middlewares/Third_Party/FatFs/src/ff.o
 .text.dec_lock
                0x000000000800ecdc       0x88 ./Middlewares/Third_Party/FatFs/src/ff.o
 .text.clear_lock
                0x000000000800ed64       0x54 ./Middlewares/Third_Party/FatFs/src/ff.o
 .text.sync_window
                0x000000000800edb8       0xa4 ./Middlewares/Third_Party/FatFs/src/ff.o
 .text.move_window
                0x000000000800ee5c       0x64 ./Middlewares/Third_Party/FatFs/src/ff.o
 .text.sync_fs  0x000000000800eec0      0x17e ./Middlewares/Third_Party/FatFs/src/ff.o
 .text.clust2sect
                0x000000000800f03e       0x48 ./Middlewares/Third_Party/FatFs/src/ff.o
                0x000000000800f03e                clust2sect
 .text.get_fat  0x000000000800f086      0x1f8 ./Middlewares/Third_Party/FatFs/src/ff.o
                0x000000000800f086                get_fat
 .text.put_fat  0x000000000800f27e      0x2a6 ./Middlewares/Third_Party/FatFs/src/ff.o
                0x000000000800f27e                put_fat
 .text.remove_chain
                0x000000000800f524       0xc2 ./Middlewares/Third_Party/FatFs/src/ff.o
 .text.create_chain
                0x000000000800f5e6      0x150 ./Middlewares/Third_Party/FatFs/src/ff.o
 .text.clmt_clust
                0x000000000800f736       0x80 ./Middlewares/Third_Party/FatFs/src/ff.o
 .text.dir_sdi  0x000000000800f7b6      0x19c ./Middlewares/Third_Party/FatFs/src/ff.o
 .text.dir_next
                0x000000000800f952      0x294 ./Middlewares/Third_Party/FatFs/src/ff.o
 .text.dir_alloc
                0x000000000800fbe6       0x9c ./Middlewares/Third_Party/FatFs/src/ff.o
 .text.ld_clust
                0x000000000800fc82       0x5c ./Middlewares/Third_Party/FatFs/src/ff.o
 .text.st_clust
                0x000000000800fcde       0x4c ./Middlewares/Third_Party/FatFs/src/ff.o
 .text.dir_find
                0x000000000800fd2a       0xa6 ./Middlewares/Third_Party/FatFs/src/ff.o
 .text.dir_register
                0x000000000800fdd0       0x80 ./Middlewares/Third_Party/FatFs/src/ff.o
 .text.create_name
                0x000000000800fe50      0x184 ./Middlewares/Third_Party/FatFs/src/ff.o
 .text.follow_path
                0x000000000800ffd4       0xec ./Middlewares/Third_Party/FatFs/src/ff.o
 .text.get_ldnumber
                0x00000000080100c0       0x86 ./Middlewares/Third_Party/FatFs/src/ff.o
 *fill*         0x0000000008010146        0x2 
 .text.check_fs
                0x0000000008010148       0xdc ./Middlewares/Third_Party/FatFs/src/ff.o
 .text.find_volume
                0x0000000008010224      0x664 ./Middlewares/Third_Party/FatFs/src/ff.o
 .text.validate
                0x0000000008010888       0x76 ./Middlewares/Third_Party/FatFs/src/ff.o
 *fill*         0x00000000080108fe        0x2 
 .text.f_mount  0x0000000008010900       0x94 ./Middlewares/Third_Party/FatFs/src/ff.o
                0x0000000008010900                f_mount
 .text.f_open   0x0000000008010994      0x60c ./Middlewares/Third_Party/FatFs/src/ff.o
                0x0000000008010994                f_open
 .text.f_read   0x0000000008010fa0      0x3d0 ./Middlewares/Third_Party/FatFs/src/ff.o
                0x0000000008010fa0                f_read
 .text.f_write  0x0000000008011370      0x472 ./Middlewares/Third_Party/FatFs/src/ff.o
                0x0000000008011370                f_write
 .text.f_sync   0x00000000080117e2      0x19c ./Middlewares/Third_Party/FatFs/src/ff.o
                0x00000000080117e2                f_sync
 .text.f_close  0x000000000801197e       0x56 ./Middlewares/Third_Party/FatFs/src/ff.o
                0x000000000801197e                f_close
 .text.f_lseek  0x00000000080119d4      0x5e2 ./Middlewares/Third_Party/FatFs/src/ff.o
                0x00000000080119d4                f_lseek
 .text.f_gets   0x0000000008011fb6       0x7a ./Middlewares/Third_Party/FatFs/src/ff.o
                0x0000000008011fb6                f_gets
 .text.putc_bfd
                0x0000000008012030       0x7a ./Middlewares/Third_Party/FatFs/src/ff.o
 .text.f_puts   0x00000000080120aa       0x72 ./Middlewares/Third_Party/FatFs/src/ff.o
                0x00000000080120aa                f_puts
 .text.FATFS_LinkDriverEx
                0x000000000801211c       0x94 ./Middlewares/Third_Party/FatFs/src/ff_gen_drv.o
                0x000000000801211c                FATFS_LinkDriverEx
 .text.FATFS_LinkDriver
                0x00000000080121b0       0x1e ./Middlewares/Third_Party/FatFs/src/ff_gen_drv.o
                0x00000000080121b0                FATFS_LinkDriver
 *fill*         0x00000000080121ce        0x2 
 .text.SD_initialize
                0x00000000080121d0       0x3c ./Middlewares/Third_Party/FatFs/src/drivers/sd_diskio.o
                0x00000000080121d0                SD_initialize
 .text.SD_status
                0x000000000801220c       0x3c ./Middlewares/Third_Party/FatFs/src/drivers/sd_diskio.o
                0x000000000801220c                SD_status
 .text.SD_read  0x0000000008012248       0x5c ./Middlewares/Third_Party/FatFs/src/drivers/sd_diskio.o
                0x0000000008012248                SD_read
 .text.SD_write
                0x00000000080122a4       0x5c ./Middlewares/Third_Party/FatFs/src/drivers/sd_diskio.o
                0x00000000080122a4                SD_write
 .text.SD_ioctl
                0x0000000008012300       0xac ./Middlewares/Third_Party/FatFs/src/drivers/sd_diskio.o
                0x0000000008012300                SD_ioctl
 .text.__errno  0x00000000080123ac        0xc /Applications/STM32CubeIDE.app/Contents/Eclipse/plugins/com.st.stm32cube.ide.mcu.externaltools.gnu-tools-for-stm32.10.3-2021.10.macos64_1.0.0.202111181127/tools/bin/../lib/gcc/arm-none-eabi/10.3.1/../../../../arm-none-eabi/lib/thumb/v7-m/nofp/libc_nano.a(lib_a-errno.o)
                0x00000000080123ac                __errno
 .text.__libc_init_array
                0x00000000080123b8       0x48 /Applications/STM32CubeIDE.app/Contents/Eclipse/plugins/com.st.stm32cube.ide.mcu.externaltools.gnu-tools-for-stm32.10.3-2021.10.macos64_1.0.0.202111181127/tools/bin/../lib/gcc/arm-none-eabi/10.3.1/../../../../arm-none-eabi/lib/thumb/v7-m/nofp/libc_nano.a(lib_a-init.o)
                0x00000000080123b8                __libc_init_array
 .text.malloc   0x0000000008012400       0x10 /Applications/STM32CubeIDE.app/Contents/Eclipse/plugins/com.st.stm32cube.ide.mcu.externaltools.gnu-tools-for-stm32.10.3-2021.10.macos64_1.0.0.202111181127/tools/bin/../lib/gcc/arm-none-eabi/10.3.1/../../../../arm-none-eabi/lib/thumb/v7-m/nofp/libc_nano.a(lib_a-malloc.o)
                0x0000000008012400                malloc
 .text.free     0x0000000008012410       0x10 /Applications/STM32CubeIDE.app/Contents/Eclipse/plugins/com.st.stm32cube.ide.mcu.externaltools.gnu-tools-for-stm32.10.3-2021.10.macos64_1.0.0.202111181127/tools/bin/../lib/gcc/arm-none-eabi/10.3.1/../../../../arm-none-eabi/lib/thumb/v7-m/nofp/libc_nano.a(lib_a-malloc.o)
                0x0000000008012410                free
 .text.memset   0x0000000008012420       0x10 /Applications/STM32CubeIDE.app/Contents/Eclipse/plugins/com.st.stm32cube.ide.mcu.externaltools.gnu-tools-for-stm32.10.3-2021.10.macos64_1.0.0.202111181127/tools/bin/../lib/gcc/arm-none-eabi/10.3.1/../../../../arm-none-eabi/lib/thumb/v7-m/nofp/libc_nano.a(lib_a-memset.o)
                0x0000000008012420                memset
 .text._free_r  0x0000000008012430       0x90 /Applications/STM32CubeIDE.app/Contents/Eclipse/plugins/com.st.stm32cube.ide.mcu.externaltools.gnu-tools-for-stm32.10.3-2021.10.macos64_1.0.0.202111181127/tools/bin/../lib/gcc/arm-none-eabi/10.3.1/../../../../arm-none-eabi/lib/thumb/v7-m/nofp/libc_nano.a(lib_a-nano-freer.o)
                0x0000000008012430                _free_r
 .text.sbrk_aligned
                0x00000000080124c0       0x40 /Applications/STM32CubeIDE.app/Contents/Eclipse/plugins/com.st.stm32cube.ide.mcu.externaltools.gnu-tools-for-stm32.10.3-2021.10.macos64_1.0.0.202111181127/tools/bin/../lib/gcc/arm-none-eabi/10.3.1/../../../../arm-none-eabi/lib/thumb/v7-m/nofp/libc_nano.a(lib_a-nano-mallocr.o)
 .text._malloc_r
                0x0000000008012500       0xe8 /Applications/STM32CubeIDE.app/Contents/Eclipse/plugins/com.st.stm32cube.ide.mcu.externaltools.gnu-tools-for-stm32.10.3-2021.10.macos64_1.0.0.202111181127/tools/bin/../lib/gcc/arm-none-eabi/10.3.1/../../../../arm-none-eabi/lib/thumb/v7-m/nofp/libc_nano.a(lib_a-nano-mallocr.o)
                0x0000000008012500                _malloc_r
 .text.__cvt    0x00000000080125e8       0xbe /Applications/STM32CubeIDE.app/Contents/Eclipse/plugins/com.st.stm32cube.ide.mcu.externaltools.gnu-tools-for-stm32.10.3-2021.10.macos64_1.0.0.202111181127/tools/bin/../lib/gcc/arm-none-eabi/10.3.1/../../../../arm-none-eabi/lib/thumb/v7-m/nofp/libc_nano.a(lib_a-nano-vfprintf_float.o)
                0x00000000080125e8                __cvt
 .text.__exponent
                0x00000000080126a6       0x7c /Applications/STM32CubeIDE.app/Contents/Eclipse/plugins/com.st.stm32cube.ide.mcu.externaltools.gnu-tools-for-stm32.10.3-2021.10.macos64_1.0.0.202111181127/tools/bin/../lib/gcc/arm-none-eabi/10.3.1/../../../../arm-none-eabi/lib/thumb/v7-m/nofp/libc_nano.a(lib_a-nano-vfprintf_float.o)
                0x00000000080126a6                __exponent
 *fill*         0x0000000008012722        0x2 
 .text._printf_float
                0x0000000008012724      0x458 /Applications/STM32CubeIDE.app/Contents/Eclipse/plugins/com.st.stm32cube.ide.mcu.externaltools.gnu-tools-for-stm32.10.3-2021.10.macos64_1.0.0.202111181127/tools/bin/../lib/gcc/arm-none-eabi/10.3.1/../../../../arm-none-eabi/lib/thumb/v7-m/nofp/libc_nano.a(lib_a-nano-vfprintf_float.o)
                0x0000000008012724                _printf_float
 .text._printf_common
                0x0000000008012b7c       0xde /Applications/STM32CubeIDE.app/Contents/Eclipse/plugins/com.st.stm32cube.ide.mcu.externaltools.gnu-tools-for-stm32.10.3-2021.10.macos64_1.0.0.202111181127/tools/bin/../lib/gcc/arm-none-eabi/10.3.1/../../../../arm-none-eabi/lib/thumb/v7-m/nofp/libc_nano.a(lib_a-nano-vfprintf_i.o)
                0x0000000008012b7c                _printf_common
 *fill*         0x0000000008012c5a        0x2 
 .text._printf_i
                0x0000000008012c5c      0x24c /Applications/STM32CubeIDE.app/Contents/Eclipse/plugins/com.st.stm32cube.ide.mcu.externaltools.gnu-tools-for-stm32.10.3-2021.10.macos64_1.0.0.202111181127/tools/bin/../lib/gcc/arm-none-eabi/10.3.1/../../../../arm-none-eabi/lib/thumb/v7-m/nofp/libc_nano.a(lib_a-nano-vfprintf_i.o)
                0x0000000008012c5c                _printf_i
 .text.srand    0x0000000008012ea8       0x5c /Applications/STM32CubeIDE.app/Contents/Eclipse/plugins/com.st.stm32cube.ide.mcu.externaltools.gnu-tools-for-stm32.10.3-2021.10.macos64_1.0.0.202111181127/tools/bin/../lib/gcc/arm-none-eabi/10.3.1/../../../../arm-none-eabi/lib/thumb/v7-m/nofp/libc_nano.a(lib_a-rand.o)
                0x0000000008012ea8                srand
 .text.rand     0x0000000008012f04       0x7c /Applications/STM32CubeIDE.app/Contents/Eclipse/plugins/com.st.stm32cube.ide.mcu.externaltools.gnu-tools-for-stm32.10.3-2021.10.macos64_1.0.0.202111181127/tools/bin/../lib/gcc/arm-none-eabi/10.3.1/../../../../arm-none-eabi/lib/thumb/v7-m/nofp/libc_nano.a(lib_a-rand.o)
                0x0000000008012f04                rand
 .text._sbrk_r  0x0000000008012f80       0x20 /Applications/STM32CubeIDE.app/Contents/Eclipse/plugins/com.st.stm32cube.ide.mcu.externaltools.gnu-tools-for-stm32.10.3-2021.10.macos64_1.0.0.202111181127/tools/bin/../lib/gcc/arm-none-eabi/10.3.1/../../../../arm-none-eabi/lib/thumb/v7-m/nofp/libc_nano.a(lib_a-sbrkr.o)
                0x0000000008012f80                _sbrk_r
 .text.sprintf  0x0000000008012fa0       0x40 /Applications/STM32CubeIDE.app/Contents/Eclipse/plugins/com.st.stm32cube.ide.mcu.externaltools.gnu-tools-for-stm32.10.3-2021.10.macos64_1.0.0.202111181127/tools/bin/../lib/gcc/arm-none-eabi/10.3.1/../../../../arm-none-eabi/lib/thumb/v7-m/nofp/libc_nano.a(lib_a-sprintf.o)
                0x0000000008012fa0                sprintf
                0x0000000008012fa0                siprintf
 .text.strncmp  0x0000000008012fe0       0x28 /Applications/STM32CubeIDE.app/Contents/Eclipse/plugins/com.st.stm32cube.ide.mcu.externaltools.gnu-tools-for-stm32.10.3-2021.10.macos64_1.0.0.202111181127/tools/bin/../lib/gcc/arm-none-eabi/10.3.1/../../../../arm-none-eabi/lib/thumb/v7-m/nofp/libc_nano.a(lib_a-strncmp.o)
                0x0000000008012fe0                strncmp
 .text.getpid   0x0000000008013008        0xc /Applications/STM32CubeIDE.app/Contents/Eclipse/plugins/com.st.stm32cube.ide.mcu.externaltools.gnu-tools-for-stm32.10.3-2021.10.macos64_1.0.0.202111181127/tools/bin/../lib/gcc/arm-none-eabi/10.3.1/../../../../arm-none-eabi/lib/thumb/v7-m/nofp/libc_nano.a(lib_a-sysgetpid.o)
                0x0000000008013008                getpid
 .text.gettimeofday
                0x0000000008013014       0x10 /Applications/STM32CubeIDE.app/Contents/Eclipse/plugins/com.st.stm32cube.ide.mcu.externaltools.gnu-tools-for-stm32.10.3-2021.10.macos64_1.0.0.202111181127/tools/bin/../lib/gcc/arm-none-eabi/10.3.1/../../../../arm-none-eabi/lib/thumb/v7-m/nofp/libc_nano.a(lib_a-sysgettod.o)
                0x0000000008013014                gettimeofday
 .text.__assert_func
                0x0000000008013024       0x3c /Applications/STM32CubeIDE.app/Contents/Eclipse/plugins/com.st.stm32cube.ide.mcu.externaltools.gnu-tools-for-stm32.10.3-2021.10.macos64_1.0.0.202111181127/tools/bin/../lib/gcc/arm-none-eabi/10.3.1/../../../../arm-none-eabi/lib/thumb/v7-m/nofp/libc_nano.a(lib_a-assert.o)
                0x0000000008013024                __assert_func
 .text.quorem   0x0000000008013060      0x118 /Applications/STM32CubeIDE.app/Contents/Eclipse/plugins/com.st.stm32cube.ide.mcu.externaltools.gnu-tools-for-stm32.10.3-2021.10.macos64_1.0.0.202111181127/tools/bin/../lib/gcc/arm-none-eabi/10.3.1/../../../../arm-none-eabi/lib/thumb/v7-m/nofp/libc_nano.a(lib_a-dtoa.o)
 .text._dtoa_r  0x0000000008013178      0xbdc /Applications/STM32CubeIDE.app/Contents/Eclipse/plugins/com.st.stm32cube.ide.mcu.externaltools.gnu-tools-for-stm32.10.3-2021.10.macos64_1.0.0.202111181127/tools/bin/../lib/gcc/arm-none-eabi/10.3.1/../../../../arm-none-eabi/lib/thumb/v7-m/nofp/libc_nano.a(lib_a-dtoa.o)
                0x0000000008013178                _dtoa_r
 .text.fprintf  0x0000000008013d54       0x24 /Applications/STM32CubeIDE.app/Contents/Eclipse/plugins/com.st.stm32cube.ide.mcu.externaltools.gnu-tools-for-stm32.10.3-2021.10.macos64_1.0.0.202111181127/tools/bin/../lib/gcc/arm-none-eabi/10.3.1/../../../../arm-none-eabi/lib/thumb/v7-m/nofp/libc_nano.a(lib_a-fprintf.o)
                0x0000000008013d54                fprintf
                0x0000000008013d54                fiprintf
 .text._gettimeofday_r
                0x0000000008013d78       0x24 /Applications/STM32CubeIDE.app/Contents/Eclipse/plugins/com.st.stm32cube.ide.mcu.externaltools.gnu-tools-for-stm32.10.3-2021.10.macos64_1.0.0.202111181127/tools/bin/../lib/gcc/arm-none-eabi/10.3.1/../../../../arm-none-eabi/lib/thumb/v7-m/nofp/libc_nano.a(lib_a-gettimeofdayr.o)
                0x0000000008013d78                _gettimeofday_r
 .text._localeconv_r
                0x0000000008013d9c        0x8 /Applications/STM32CubeIDE.app/Contents/Eclipse/plugins/com.st.stm32cube.ide.mcu.externaltools.gnu-tools-for-stm32.10.3-2021.10.macos64_1.0.0.202111181127/tools/bin/../lib/gcc/arm-none-eabi/10.3.1/../../../../arm-none-eabi/lib/thumb/v7-m/nofp/libc_nano.a(lib_a-localeconv.o)
                0x0000000008013d9c                _localeconv_r
 .text.memchr   0x0000000008013da4       0x1c /Applications/STM32CubeIDE.app/Contents/Eclipse/plugins/com.st.stm32cube.ide.mcu.externaltools.gnu-tools-for-stm32.10.3-2021.10.macos64_1.0.0.202111181127/tools/bin/../lib/gcc/arm-none-eabi/10.3.1/../../../../arm-none-eabi/lib/thumb/v7-m/nofp/libc_nano.a(lib_a-memchr-stub.o)
                0x0000000008013da4                memchr
 .text.memcpy   0x0000000008013dc0       0x1c /Applications/STM32CubeIDE.app/Contents/Eclipse/plugins/com.st.stm32cube.ide.mcu.externaltools.gnu-tools-for-stm32.10.3-2021.10.macos64_1.0.0.202111181127/tools/bin/../lib/gcc/arm-none-eabi/10.3.1/../../../../arm-none-eabi/lib/thumb/v7-m/nofp/libc_nano.a(lib_a-memcpy-stub.o)
                0x0000000008013dc0                memcpy
 .text.__malloc_lock
                0x0000000008013ddc        0xc /Applications/STM32CubeIDE.app/Contents/Eclipse/plugins/com.st.stm32cube.ide.mcu.externaltools.gnu-tools-for-stm32.10.3-2021.10.macos64_1.0.0.202111181127/tools/bin/../lib/gcc/arm-none-eabi/10.3.1/../../../../arm-none-eabi/lib/thumb/v7-m/nofp/libc_nano.a(lib_a-mlock.o)
                0x0000000008013ddc                __malloc_lock
 .text.__malloc_unlock
                0x0000000008013de8        0xc /Applications/STM32CubeIDE.app/Contents/Eclipse/plugins/com.st.stm32cube.ide.mcu.externaltools.gnu-tools-for-stm32.10.3-2021.10.macos64_1.0.0.202111181127/tools/bin/../lib/gcc/arm-none-eabi/10.3.1/../../../../arm-none-eabi/lib/thumb/v7-m/nofp/libc_nano.a(lib_a-mlock.o)
                0x0000000008013de8                __malloc_unlock
 .text._Balloc  0x0000000008013df4       0x80 /Applications/STM32CubeIDE.app/Contents/Eclipse/plugins/com.st.stm32cube.ide.mcu.externaltools.gnu-tools-for-stm32.10.3-2021.10.macos64_1.0.0.202111181127/tools/bin/../lib/gcc/arm-none-eabi/10.3.1/../../../../arm-none-eabi/lib/thumb/v7-m/nofp/libc_nano.a(lib_a-mprec.o)
                0x0000000008013df4                _Balloc
 .text._Bfree   0x0000000008013e74       0x44 /Applications/STM32CubeIDE.app/Contents/Eclipse/plugins/com.st.stm32cube.ide.mcu.externaltools.gnu-tools-for-stm32.10.3-2021.10.macos64_1.0.0.202111181127/tools/bin/../lib/gcc/arm-none-eabi/10.3.1/../../../../arm-none-eabi/lib/thumb/v7-m/nofp/libc_nano.a(lib_a-mprec.o)
                0x0000000008013e74                _Bfree
 .text.__multadd
                0x0000000008013eb8       0x8c /Applications/STM32CubeIDE.app/Contents/Eclipse/plugins/com.st.stm32cube.ide.mcu.externaltools.gnu-tools-for-stm32.10.3-2021.10.macos64_1.0.0.202111181127/tools/bin/../lib/gcc/arm-none-eabi/10.3.1/../../../../arm-none-eabi/lib/thumb/v7-m/nofp/libc_nano.a(lib_a-mprec.o)
                0x0000000008013eb8                __multadd
 .text.__hi0bits
                0x0000000008013f44       0x40 /Applications/STM32CubeIDE.app/Contents/Eclipse/plugins/com.st.stm32cube.ide.mcu.externaltools.gnu-tools-for-stm32.10.3-2021.10.macos64_1.0.0.202111181127/tools/bin/../lib/gcc/arm-none-eabi/10.3.1/../../../../arm-none-eabi/lib/thumb/v7-m/nofp/libc_nano.a(lib_a-mprec.o)
                0x0000000008013f44                __hi0bits
 .text.__lo0bits
                0x0000000008013f84       0x5a /Applications/STM32CubeIDE.app/Contents/Eclipse/plugins/com.st.stm32cube.ide.mcu.externaltools.gnu-tools-for-stm32.10.3-2021.10.macos64_1.0.0.202111181127/tools/bin/../lib/gcc/arm-none-eabi/10.3.1/../../../../arm-none-eabi/lib/thumb/v7-m/nofp/libc_nano.a(lib_a-mprec.o)
                0x0000000008013f84                __lo0bits
 *fill*         0x0000000008013fde        0x2 
 .text.__i2b    0x0000000008013fe0       0x2c /Applications/STM32CubeIDE.app/Contents/Eclipse/plugins/com.st.stm32cube.ide.mcu.externaltools.gnu-tools-for-stm32.10.3-2021.10.macos64_1.0.0.202111181127/tools/bin/../lib/gcc/arm-none-eabi/10.3.1/../../../../arm-none-eabi/lib/thumb/v7-m/nofp/libc_nano.a(lib_a-mprec.o)
                0x0000000008013fe0                __i2b
 .text.__multiply
                0x000000000801400c      0x150 /Applications/STM32CubeIDE.app/Contents/Eclipse/plugins/com.st.stm32cube.ide.mcu.externaltools.gnu-tools-for-stm32.10.3-2021.10.macos64_1.0.0.202111181127/tools/bin/../lib/gcc/arm-none-eabi/10.3.1/../../../../arm-none-eabi/lib/thumb/v7-m/nofp/libc_nano.a(lib_a-mprec.o)
                0x000000000801400c                __multiply
 .text.__pow5mult
                0x000000000801415c       0xb4 /Applications/STM32CubeIDE.app/Contents/Eclipse/plugins/com.st.stm32cube.ide.mcu.externaltools.gnu-tools-for-stm32.10.3-2021.10.macos64_1.0.0.202111181127/tools/bin/../lib/gcc/arm-none-eabi/10.3.1/../../../../arm-none-eabi/lib/thumb/v7-m/nofp/libc_nano.a(lib_a-mprec.o)
                0x000000000801415c                __pow5mult
 .text.__lshift
                0x0000000008014210       0xe0 /Applications/STM32CubeIDE.app/Contents/Eclipse/plugins/com.st.stm32cube.ide.mcu.externaltools.gnu-tools-for-stm32.10.3-2021.10.macos64_1.0.0.202111181127/tools/bin/../lib/gcc/arm-none-eabi/10.3.1/../../../../arm-none-eabi/lib/thumb/v7-m/nofp/libc_nano.a(lib_a-mprec.o)
                0x0000000008014210                __lshift
 .text.__mcmp   0x00000000080142f0       0x36 /Applications/STM32CubeIDE.app/Contents/Eclipse/plugins/com.st.stm32cube.ide.mcu.externaltools.gnu-tools-for-stm32.10.3-2021.10.macos64_1.0.0.202111181127/tools/bin/../lib/gcc/arm-none-eabi/10.3.1/../../../../arm-none-eabi/lib/thumb/v7-m/nofp/libc_nano.a(lib_a-mprec.o)
                0x00000000080142f0                __mcmp
 *fill*         0x0000000008014326        0x2 
 .text.__mdiff  0x0000000008014328      0x118 /Applications/STM32CubeIDE.app/Contents/Eclipse/plugins/com.st.stm32cube.ide.mcu.externaltools.gnu-tools-for-stm32.10.3-2021.10.macos64_1.0.0.202111181127/tools/bin/../lib/gcc/arm-none-eabi/10.3.1/../../../../arm-none-eabi/lib/thumb/v7-m/nofp/libc_nano.a(lib_a-mprec.o)
                0x0000000008014328                __mdiff
 .text.__d2b    0x0000000008014440       0xb8 /Applications/STM32CubeIDE.app/Contents/Eclipse/plugins/com.st.stm32cube.ide.mcu.externaltools.gnu-tools-for-stm32.10.3-2021.10.macos64_1.0.0.202111181127/tools/bin/../lib/gcc/arm-none-eabi/10.3.1/../../../../arm-none-eabi/lib/thumb/v7-m/nofp/libc_nano.a(lib_a-mprec.o)
                0x0000000008014440                __d2b
 .text._calloc_r
                0x00000000080144f8       0x28 /Applications/STM32CubeIDE.app/Contents/Eclipse/plugins/com.st.stm32cube.ide.mcu.externaltools.gnu-tools-for-stm32.10.3-2021.10.macos64_1.0.0.202111181127/tools/bin/../lib/gcc/arm-none-eabi/10.3.1/../../../../arm-none-eabi/lib/thumb/v7-m/nofp/libc_nano.a(lib_a-nano-callocr.o)
                0x00000000080144f8                _calloc_r
 .text.__ssputs_r