Archive member included to satisfy reference by file (symbol)

/Applications/STM32CubeIDE.app/Contents/Eclipse/plugins/com.st.stm32cube.ide.mcu.externaltools.gnu-tools-for-stm32.10.3-2021.10.macos64_1.0.0.202111181127/tools/bin/../lib/gcc/arm-none-eabi/10.3.1/../../../../arm-none-eabi/lib/thumb/v7-m/nofp/libc_nano.a(lib_a-errno.o)
                              ./Core/Src/syscalls.o (__errno)
/Applications/STM32CubeIDE.app/Contents/Eclipse/plugins/com.st.stm32cube.ide.mcu.externaltools.gnu-tools-for-stm32.10.3-2021.10.macos64_1.0.0.202111181127/tools/bin/../lib/gcc/arm-none-eabi/10.3.1/../../../../arm-none-eabi/lib/thumb/v7-m/nofp/libc_nano.a(lib_a-exit.o)
                              /Applications/STM32CubeIDE.app/Contents/Eclipse/plugins/com.st.stm32cube.ide.mcu.externaltools.gnu-tools-for-stm32.10.3-2021.10.macos64_1.0.0.202111181127/tools/bin/../lib/gcc/arm-none-eabi/10.3.1/../../../../arm-none-eabi/lib/thumb/v7-m/nofp/crt0.o (exit)
/Applications/STM32CubeIDE.app/Contents/Eclipse/plugins/com.st.stm32cube.ide.mcu.externaltools.gnu-tools-for-stm32.10.3-2021.10.macos64_1.0.0.202111181127/tools/bin/../lib/gcc/arm-none-eabi/10.3.1/../../../../arm-none-eabi/lib/thumb/v7-m/nofp/libc_nano.a(lib_a-impure.o)
                              /Applications/STM32CubeIDE.app/Contents/Eclipse/plugins/com.st.stm32cube.ide.mcu.externaltools.gnu-tools-for-stm32.10.3-2021.10.macos64_1.0.0.202111181127/tools/bin/../lib/gcc/arm-none-eabi/10.3.1/../../../../arm-none-eabi/lib/thumb/v7-m/nofp/libc_nano.a(lib_a-exit.o) (_global_impure_ptr)
/Applications/STM32CubeIDE.app/Contents/Eclipse/plugins/com.st.stm32cube.ide.mcu.externaltools.gnu-tools-for-stm32.10.3-2021.10.macos64_1.0.0.202111181127/tools/bin/../lib/gcc/arm-none-eabi/10.3.1/../../../../arm-none-eabi/lib/thumb/v7-m/nofp/libc_nano.a(lib_a-init.o)
                              /Applications/STM32CubeIDE.app/Contents/Eclipse/plugins/com.st.stm32cube.ide.mcu.externaltools.gnu-tools-for-stm32.10.3-2021.10.macos64_1.0.0.202111181127/tools/bin/../lib/gcc/arm-none-eabi/10.3.1/../../../../arm-none-eabi/lib/thumb/v7-m/nofp/crt0.o (__libc_init_array)
/Applications/STM32CubeIDE.app/Contents/Eclipse/plugins/com.st.stm32cube.ide.mcu.externaltools.gnu-tools-for-stm32.10.3-2021.10.macos64_1.0.0.202111181127/tools/bin/../lib/gcc/arm-none-eabi/10.3.1/../../../../arm-none-eabi/lib/thumb/v7-m/nofp/libc_nano.a(lib_a-malloc.o)
                              ./Core/Src/maze.o (malloc)
/Applications/STM32CubeIDE.app/Contents/Eclipse/plugins/com.st.stm32cube.ide.mcu.externaltools.gnu-tools-for-stm32.10.3-2021.10.macos64_1.0.0.202111181127/tools/bin/../lib/gcc/arm-none-eabi/10.3.1/../../../../arm-none-eabi/lib/thumb/v7-m/nofp/libc_nano.a(lib_a-memset.o)
                              /Applications/STM32CubeIDE.app/Contents/Eclipse/plugins/com.st.stm32cube.ide.mcu.externaltools.gnu-tools-for-stm32.10.3-2021.10.macos64_1.0.0.202111181127/tools/bin/../lib/gcc/arm-none-eabi/10.3.1/../../../../arm-none-eabi/lib/thumb/v7-m/nofp/crt0.o (memset)
/Applications/STM32CubeIDE.app/Contents/Eclipse/plugins/com.st.stm32cube.ide.mcu.externaltools.gnu-tools-for-stm32.10.3-2021.10.macos64_1.0.0.202111181127/tools/bin/../lib/gcc/arm-none-eabi/10.3.1/../../../../arm-none-eabi/lib/thumb/v7-m/nofp/libc_nano.a(lib_a-nano-freer.o)
                              /Applications/STM32CubeIDE.app/Contents/Eclipse/plugins/com.st.stm32cube.ide.mcu.externaltools.gnu-tools-for-stm32.10.3-2021.10.macos64_1.0.0.202111181127/tools/bin/../lib/gcc/arm-none-eabi/10.3.1/../../../../arm-none-eabi/lib/thumb/v7-m/nofp/libc_nano.a(lib_a-malloc.o) (_free_r)
/Applications/STM32CubeIDE.app/Contents/Eclipse/plugins/com.st.stm32cube.ide.mcu.externaltools.gnu-tools-for-stm32.10.3-2021.10.macos64_1.0.0.202111181127/tools/bin/../lib/gcc/arm-none-eabi/10.3.1/../../../../arm-none-eabi/lib/thumb/v7-m/nofp/libc_nano.a(lib_a-nano-mallocr.o)
                              /Applications/STM32CubeIDE.app/Contents/Eclipse/plugins/com.st.stm32cube.ide.mcu.externaltools.gnu-tools-for-stm32.10.3-2021.10.macos64_1.0.0.202111181127/tools/bin/../lib/gcc/arm-none-eabi/10.3.1/../../../../arm-none-eabi/lib/thumb/v7-m/nofp/libc_nano.a(lib_a-malloc.o) (_malloc_r)
/Applications/STM32CubeIDE.app/Contents/Eclipse/plugins/com.st.stm32cube.ide.mcu.externaltools.gnu-tools-for-stm32.10.3-2021.10.macos64_1.0.0.202111181127/tools/bin/../lib/gcc/arm-none-eabi/10.3.1/../../../../arm-none-eabi/lib/thumb/v7-m/nofp/libc_nano.a(lib_a-nano-vfprintf_float.o)
                              (_printf_float)
/Applications/STM32CubeIDE.app/Contents/Eclipse/plugins/com.st.stm32cube.ide.mcu.externaltools.gnu-tools-for-stm32.10.3-2021.10.macos64_1.0.0.202111181127/tools/bin/../lib/gcc/arm-none-eabi/10.3.1/../../../../arm-none-eabi/lib/thumb/v7-m/nofp/libc_nano.a(lib_a-nano-vfprintf_i.o)
[...]
Memory Configuration

Name             Origin             Length             Attributes
RAM              0x0000000020000000 0x0000000000010000 xrw
FLASH            0x0000000008000000 0x0000000000080000 xr
*default*        0x0000000000000000 0xffffffffffffffff

Linker script and memory map

LOAD /Applications/STM32CubeIDE.app/Contents/Eclipse/plugins/com.st.stm32cube.ide.mcu.externaltools.gnu-tools-for-stm32.10.3-2021.10.macos64_1.0.0.202111181127/tools/bin/../lib/gcc/arm-none-eabi/10.3.1/thumb/v7-m/nofp/crti.o
LOAD /Applications/STM32CubeIDE.app/Contents/Eclipse/plugins/com.st.stm32cube.ide.mcu.externaltools.gnu-tools-for-stm32.10.3-2021.10.macos64_1.0.0.202111181127/tools/bin/../lib/gcc/arm-none-eabi/10.3.1/thumb/v7-m/nofp/crtbegin.o
LOAD /Applications/STM32CubeIDE.app/Contents/Eclipse/plugins/com.st.stm32cube.ide.mcu.externaltools.gnu-tools-for-stm32.10.3-2021.10.macos64_1.0.0.202111181127/tools/bin/../lib/gcc/arm-none-eabi/10.3.1/../../../../arm-none-eabi/lib/thumb/v7-m/nofp/crt0.o
LOAD ./Core/Src/clap.o
LOAD ./Core/Src/distance.o
LOAD ./Core/Src/game.o
LOAD ./Core/Src/handle.o
LOAD ./Core/Src/hm10.o
LOAD ./Core/Src/lcd.o
LOAD ./Core/Src/main.o
LOAD ./Core/Src/max7219.o
LOAD ./Core/Src/maze.o
LOAD ./Core/Src/move.o
LOAD ./Core/Src/mpu6050.o
LOAD ./Core/Src/sd_card.o
LOAD ./Core/Src/stm32f1xx_hal_msp.o
LOAD ./Core/Src/stm32f1xx_it.o
LOAD ./Core/Src/syscalls.o
LOAD ./Core/Src/sysmem.o
LOAD ./Core/Src/system_stm32f1xx.o
LOAD ./Core/Src/temp.o
LOAD ./Core/Src/wav.o
LOAD ./Core/Src/xpt2046.o
LOAD ./Core/Startup/startup_stm32f103vetx.o
LOAD ./Drivers/STM32F1xx_HAL_Driver/Src/stm32f1xx_hal.o
LOAD ./Drivers/STM32F1xx_HAL_Driver/Src/stm32f1xx_hal_adc.o
LOAD ./Drivers/STM32F1xx_HAL_Driver/Src/stm32f1xx_hal_adc_ex.o
LOAD ./Drivers/STM32F1xx_HAL_Driver/Src/stm32f1xx_hal_cortex.o
LOAD ./Drivers/STM32F1xx_HAL_Driver/Src/stm32f1xx_hal_dma.o
LOAD ./Drivers/STM32F1xx_HAL_Driver/Src/stm32f1xx_hal_exti.o
LOAD ./Drivers/STM32F1xx_HAL_Driver/Src/stm32f1xx_hal_flash.o
LOAD ./Drivers/STM32F1xx_HAL_Driver/Src/stm32f1xx_hal_flash_ex.o
LOAD ./Drivers/STM32F1xx_HAL_Driver/Src/stm32f1xx_hal_gpio.o
LOAD ./Drivers/STM32F1xx_HAL_Driver/Src/stm32f1xx_hal_gpio_ex.o
LOAD ./Drivers/STM32F1xx_HAL_Driver/Src/stm32f1xx_hal_i2c.o
LOAD ./Drivers/STM32F1xx_HAL_Driver/Src/stm32f1xx_hal_i2s.o
LOAD ./Drivers/STM32F1xx_HAL_Driver/Src/stm32f1xx_hal_pwr.o
LOAD ./Drivers/STM32F1xx_HAL_Driver/Src/stm32f1xx_hal_rcc.o
LOAD ./Drivers/STM32F1xx_HAL_Driver/Src/stm32f1xx_hal_rcc_ex.o
LOAD ./Drivers/STM32F1xx_HAL_Driver/Src/stm32f1xx_hal_sd.o
LOAD ./Drivers/STM32F1xx_HAL_Driver/Src/stm32f1xx_hal_spi.o
LOAD ./Drivers/STM32F1xx_HAL_Driver/Src/stm32f1xx_hal_sram.o
LOAD ./Drivers/STM32F1xx_HAL_Driver/Src/stm32f1xx_hal_tim.o
LOAD ./Drivers/STM32F1xx_HAL_Driver/Src/stm32f1xx_hal_tim_ex.o
LOAD ./Drivers/STM32F1xx_HAL_Driver/Src/stm32f1xx_hal_uart.o
LOAD ./Drivers/STM32F1xx_HAL_Driver/Src/stm32f1xx_ll_fsmc.o
LOAD ./Drivers/STM32F1xx_HAL_Driver/Src/stm32f1xx_ll_sdmmc.o
LOAD ./FATFS/App/fatfs.o
LOAD ./FATFS/Target/bsp_driver_sd.o
LOAD ./Middlewares/Third_Party/FatFs/src/diskio.o
LOAD ./Middlewares/Third_Party/FatFs/src/ff.o
LOAD ./Middlewares/Third_Party/FatFs/src/ff_gen_drv.o
LOAD ./Middlewares/Third_Party/FatFs/src/drivers/sd_diskio.o
LOAD ./Middlewares/Third_Party/FatFs/src/option/syscall.o
START GROUP
LOAD /Applications/STM32CubeIDE.app/Contents/Eclipse/plugins/com.st.stm32cube.ide.mcu.externaltools.gnu-tools-for-stm32.10.3-2021.10.macos64_1.0.0.202111181127/tools/bin/../lib/gcc/arm-none-eabi/10.3.1/../../../../arm-none-eabi/lib/thumb/v7-m/nofp/libc_nano.a
LOAD /Applications/STM32CubeIDE.app/Contents/Eclipse/plugins/com.st.stm32cube.ide.mcu.externaltools.gnu-tools-for-stm32.10.3-2021.10.macos64_1.0.0.202111181127/tools/bin/../lib/gcc/arm-none-eabi/10.3.1/../../../../arm-none-eabi/lib/thumb/v7-m/nofp/libm.a
END GROUP
START GROUP
LOAD /Applications/STM32CubeIDE.app/Contents/Eclipse/plugins/com.st.stm32cube.ide.mcu.externaltools.gnu-tools-for-stm32.10.3-2021.10.macos64_1.0.0.202111181127/tools/bin/../lib/gcc/arm-none-eabi/10.3.1/thumb/v7-m/nofp/libgcc.a
LOAD /Applications/STM32CubeIDE.app/Contents/Eclipse/plugins/com.st.stm32cube.ide.mcu.externaltools.gnu-tools-for-stm32.10.3-2021.10.macos64_1.0.0.202111181127/tools/bin/../lib/gcc/arm-none-eabi/10.3.1/../../../../arm-none-eabi/lib/thumb/v7-m/nofp/libc_nano.a
END GROUP
START GROUP
LOAD /Applications/STM32CubeIDE.app/Contents/Eclipse/plugins/com.st.stm32cube.ide.mcu.externaltools.gnu-tools-for-stm32.10.3-2021.10.macos64_1.0.0.202111181127/tools/bin/../lib/gcc/arm-none-eabi/10.3.1/thumb/v7-m/nofp/libgcc.a
LOAD /Applications/STM32CubeIDE.app/Contents/Eclipse/plugins/com.st.stm32cube.ide.mcu.externaltools.gnu-tools-for-stm32.10.3-2021.10.macos64_1.0.0.202111181127/tools/bin/../lib/gcc/arm-none-eabi/10.3.1/../../../../arm-none-eabi/lib/thumb/v7-m/nofp/libc_nano.a
LOAD /Applications/STM32CubeIDE.app/Contents/Eclipse/plugins/com.st.stm32cube.ide.mcu.externaltools.gnu-tools-for-stm32.10.3-2021.10.macos64_1.0.0.202111181127/tools/bin/../lib/gcc/arm-none-eabi/10.3.1/../../../../arm-none-eabi/lib/thumb/v7-m/nofp/libnosys.a
END GROUP
START GROUP
LOAD /Applications/STM32CubeIDE.app/Contents/Eclipse/plugins/com.st.stm32cube.ide.mcu.externaltools.gnu-tools-for-stm32.10.3-2021.10.macos64_1.0.0.202111181127/tools/bin/../lib/gcc/arm-none-eabi/10.3.1/thumb/v7-m/nofp/libgcc.a
LOAD /Applications/STM32CubeIDE.app/Contents/Eclipse/plugins/com.st.stm32cube.ide.mcu.externaltools.gnu-tools-for-stm32.10.3-2021.10.macos64_1.0.0.202111181127/tools/bin/../lib/gcc/arm-none-eabi/10.3.1/../../../../arm-none-eabi/lib/thumb/v7-m/nofp/libc_nano.a
LOAD /Applications/STM32CubeIDE.app/Contents/Eclipse/plugins/com.st.stm32cube.ide.mcu.externaltools.gnu-tools-for-stm32.10.3-2021.10.macos64_1.0.0.202111181127/tools/bin/../lib/gcc/arm-none-eabi/10.3.1/../../../../arm-none-eabi/lib/thumb/v7-m/nofp/libnosys.a
END GROUP
LOAD /Applications/STM32CubeIDE.app/Contents/Eclipse/plugins/com.st.stm32cube.ide.mcu.externaltools.gnu-tools-for-stm32.10.3-2021.10.macos64_1.0.0.202111181127/tools/bin/../lib/gcc/arm-none-eabi/10.3.1/thumb/v7-m/nofp/crtend.o
LOAD /Applications/STM32CubeIDE.app/Contents/Eclipse/plugins/com.st.stm32cube.ide.mcu.externaltools.gnu-tools-for-stm32.10.3-2021.10.macos64_1.0.0.202111181127/tools/bin/../lib/gcc/arm-none-eabi/10.3.1/thumb/v7-m/nofp/crtn.o
                0x0000000020010000                _estack = (ORIGIN (RAM) + LENGTH (RAM))
                0x0000000000000200                _Min_Heap_Size = 0x200
                0x0000000000000400                _Min_Stack_Size = 0x400

.isr_vector     0x0000000008000000      0x1e4
                0x0000000008000000                . = ALIGN (0x4)
 *(.isr_vector)
 .isr_vector    0x0000000008000000      0x1e4 ./Core/Startup/startup_stm32f103vetx.o
                0x0000000008000000                g_pfnVectors
                0x00000000080001e4                . = ALIGN (0x4)

.text           0x00000000080001e8    0x13b30
                0x00000000080001e8                . = ALIGN (0x4)
 *(.text)
 .text          0x00000000080001e8       0x40 /Applications/STM32CubeIDE.app/Contents/Eclipse/plugins/com.st.stm32cube.ide.mcu.externaltools.gnu-tools-for-stm32.10.3-2021.10.macos64_1.0.0.202111181127/tools/bin/../lib/gcc/arm-none-eabi/10.3.1/thumb/v7-m/nofp/crtbegin.o
 .text          0x0000000008000228       0x10 /Applications/STM32CubeIDE.app/Contents/Eclipse/plugins/com.st.stm32cube.ide.mcu.externaltools.gnu-tools-for-stm32.10.3-2021.10.macos64_1.0.0.202111181127/tools/bin/../lib/gcc/arm-none-eabi/10.3.1/../../../../arm-none-eabi/lib/thumb/v7-m/nofp/libc_nano.a(lib_a-strlen.o)
                0x0000000008000228                strlen
 .text          0x0000000008000238      0x378 /Applications/STM32CubeIDE.app/Contents/Eclipse/plugins/com.st.stm32cube.ide.mcu.externaltools.gnu-tools-for-stm32.10.3-2021.10.macos64_1.0.0.202111181127/tools/bin/../lib/gcc/arm-none-eabi/10.3.1/thumb/v7-m/nofp/libgcc.a(_arm_addsubdf3.o)
                0x0000000008000238                __aeabi_drsub
                0x0000000008000240                __subdf3
                0x0000000008000240                __aeabi_dsub
                0x0000000008000244                __aeabi_dadd
                0x0000000008000244                __adddf3
                0x00000000080004bc                __aeabi_ui2d
                0x00000000080004bc                __floatunsidf
                0x00000000080004dc                __floatsidf
                0x00000000080004dc                __aeabi_i2d
                0x0000000008000500                __extendsfdf2
                0x0000000008000500                __aeabi_f2d
                0x0000000008000544                __aeabi_ul2d
                0x0000000008000544                __floatundidf
                0x0000000008000554                __aeabi_l2d
                0x0000000008000554                __floatdidf
 .text          0x00000000080005b0      0x424 /Applications/STM32CubeIDE.app/Contents/Eclipse/plugins/com.st.stm32cube.ide.mcu.externaltools.gnu-tools-for-stm32.10.3-2021.10.macos64_1.0.0.202111181127/tools/bin/../lib/gcc/arm-none-eabi/10.3.1/thumb/v7-m/nofp/libgcc.a(_arm_muldivdf3.o)
                0x00000000080005b0                __aeabi_dmul
                0x00000000080005b0                __muldf3
                0x0000000008000804                __aeabi_ddiv
                0x0000000008000804                __divdf3
 .text          0x00000000080009d4      0x110 /Applications/STM32CubeIDE.app/Contents/Eclipse/plugins/com.st.stm32cube.ide.mcu.externaltools.gnu-tools-for-stm32.10.3-2021.10.macos64_1.0.0.202111181127/tools/bin/../lib/gcc/arm-none-eabi/10.3.1/thumb/v7-m/nofp/libgcc.a(_arm_cmpdf2.o)
                0x00000000080009d4                __gedf2
                0x00000000080009d4                __gtdf2
                0x00000000080009dc                __ledf2
                0x00000000080009dc                __ltdf2
                0x00000000080009e4                __cmpdf2
                0x00000000080009e4                __eqdf2
                0x00000000080009e4                __nedf2
                0x0000000008000a60                __aeabi_cdrcmple
                0x0000000008000a70                __aeabi_cdcmple
                0x0000000008000a70                __aeabi_cdcmpeq
                0x0000000008000a80                __aeabi_dcmpeq
                0x0000000008000a94                __aeabi_dcmplt
                0x0000000008000aa8                __aeabi_dcmple
                0x0000000008000abc                __aeabi_dcmpge
                0x0000000008000ad0                __aeabi_dcmpgt
 .text          0x0000000008000ae4       0x2c /Applications/STM32CubeIDE.app/Contents/Eclipse/plugins/com.st.stm32cube.ide.mcu.externaltools.gnu-tools-for-stm32.10.3-2021.10.macos64_1.0.0.202111181127/tools/bin/../lib/gcc/arm-none-eabi/10.3.1/thumb/v7-m/nofp/libgcc.a(_arm_unorddf2.o)
                0x0000000008000ae4                __aeabi_dcmpun
                0x0000000008000ae4                __unorddf2
 .text          0x0000000008000b10       0x50 /Applications/STM32CubeIDE.app/Contents/Eclipse/plugins/com.st.stm32cube.ide.mcu.externaltools.gnu-tools-for-stm32.10.3-2021.10.macos64_1.0.0.202111181127/tools/bin/../lib/gcc/arm-none-eabi/10.3.1/thumb/v7-m/nofp/libgcc.a(_arm_fixdfsi.o)
                0x0000000008000b10                __fixdfsi
                0x0000000008000b10                __aeabi_d2iz
 .text          0x0000000008000b60       0x40 /Applications/STM32CubeIDE.app/Contents/Eclipse/plugins/com.st.stm32cube.ide.mcu.externaltools.gnu-tools-for-stm32.10.3-2021.10.macos64_1.0.0.202111181127/tools/bin/../lib/gcc/arm-none-eabi/10.3.1/thumb/v7-m/nofp/libgcc.a(_arm_fixunsdfsi.o)
                0x0000000008000b60                __fixunsdfsi
                0x0000000008000b60                __aeabi_d2uiz
 .text          0x0000000008000ba0      0x21c /Applications/STM32CubeIDE.app/Contents/Eclipse/plugins/com.st.stm32cube.ide.mcu.externaltools.gnu-tools-for-stm32.10.3-2021.10.macos64_1.0.0.202111181127/tools/bin/../lib/gcc/arm-none-eabi/10.3.1/thumb/v7-m/nofp/libgcc.a(_arm_addsubsf3.o)
                0x0000000008000ba0                __aeabi_frsub
                0x0000000008000ba8                __aeabi_fsub
                0x0000000008000ba8                __subsf3
                0x0000000008000bac                __aeabi_fadd
                0x0000000008000bac                __addsf3
                0x0000000008000d0c                __aeabi_ui2f
                0x0000000008000d0c                __floatunsisf
                0x0000000008000d14                __floatsisf
                0x0000000008000d14                __aeabi_i2f
                0x0000000008000d30                __aeabi_ul2f
                0x0000000008000d30                __floatundisf
                0x0000000008000d40                __aeabi_l2f
                0x0000000008000d40                __floatdisf
 .text          0x0000000008000dbc      0x2a0 /Applications/STM32CubeIDE.app/Contents/Eclipse/plugins/com.st.stm32cube.ide.mcu.externaltools.gnu-tools-for-stm32.10.3-2021.10.macos64_1.0.0.202111181127/tools/bin/../lib/gcc/arm-none-eabi/10.3.1/thumb/v7-m/nofp/libgcc.a(_arm_muldivsf3.o)
                0x0000000008000dbc                __mulsf3
                0x0000000008000dbc                __aeabi_fmul
                0x0000000008000f24                __divsf3
                0x0000000008000f24                __aeabi_fdiv
 .text          0x000000000800105c       0xec /Applications/STM32CubeIDE.app/Contents/Eclipse/plugins/com.st.stm32cube.ide.mcu.externaltools.gnu-tools-for-stm32.10.3-2021.10.macos64_1.0.0.202111181127/tools/bin/../lib/gcc/arm-none-eabi/10.3.1/thumb/v7-m/nofp/libgcc.a(_arm_cmpsf2.o)
                0x000000000800105c                __gesf2
                0x000000000800105c                __gtsf2
                0x0000000008001064                __ltsf2
                0x0000000008001064                __lesf2
                0x000000000800106c                __nesf2
                0x000000000800106c                __eqsf2
                0x000000000800106c                __cmpsf2
                0x00000000080010cc                __aeabi_cfrcmple
                0x00000000080010d4                __aeabi_cfcmpeq
                0x00000000080010d4                __aeabi_cfcmple
                0x00000000080010e4                __aeabi_fcmpeq
                0x00000000080010f8                __aeabi_fcmplt
                0x000000000800110c                __aeabi_fcmple
                0x0000000008001120                __aeabi_fcmpge
                0x0000000008001134                __aeabi_fcmpgt
 *(.text*)
 .text.playGuessingGame_Distance
                0x0000000008001148       0x44 ./Core/Src/distance.o
                0x0000000008001148                playGuessingGame_Distance
 *fill*         0x000000000800118c        0x4 
 .text.measureDistance
                0x0000000008001190      0x144 ./Core/Src/distance.o
                0x0000000008001190                measureDistance
 .text.game_Distance
                0x00000000080012d4       0x88 ./Core/Src/distance.o
                0x00000000080012d4                game_Distance
 .text.shuffle  0x000000000800135c       0x64 ./Core/Src/game.o
                0x000000000800135c                shuffle
 .text.generate_sequence
                0x00000000080013c0       0xa8 ./Core/Src/game.o
                0x00000000080013c0                generate_sequence
 .text.show_sequence
                0x0000000008001468       0xe4 ./Core/Src/game.o
                0x0000000008001468                show_sequence
 .text.user_input
                0x000000000800154c       0xdc ./Core/Src/game.o
                0x000000000800154c                user_input
 .text.check_match
                0x0000000008001628       0x50 ./Core/Src/game.o
                0x0000000008001628                check_match
 .text.light_pattern
                0x0000000008001678       0x1a ./Core/Src/game.o
                0x0000000008001678                light_pattern
 *fill*         0x0000000008001692        0x2 
 .text.update_display
                0x0000000008001694      0x134 ./Core/Src/handle.o
                0x0000000008001694                update_display
 .text.handle_lose
                0x00000000080017c8       0x68 ./Core/Src/handle.o
                0x00000000080017c8                handle_lose
 .text.handle_empty
                0x0000000008001830       0x60 ./Core/Src/handle.o
                0x0000000008001830                handle_empty
 .text.handle_endpt
                0x0000000008001890      0x100 ./Core/Src/handle.o
                0x0000000008001890                handle_endpt
 .text.handle_key
                0x0000000008001990       0x88 ./Core/Src/handle.o
                0x0000000008001990                handle_key
 .text.handle_game1
                0x0000000008001a18      0x130 ./Core/Src/handle.o
                0x0000000008001a18                handle_game1
 .text.handle_game2
                0x0000000008001b48       0x60 ./Core/Src/handle.o
                0x0000000008001b48                handle_game2
 .text.handle_game3
                0x0000000008001ba8      0x130 ./Core/Src/handle.o
                0x0000000008001ba8                handle_game3
 .text.handle_dark
                0x0000000008001cd8      0x1fc ./Core/Src/handle.o
                0x0000000008001cd8                handle_dark
 .text.handle_bright
                0x0000000008001ed4      0x1fc ./Core/Src/handle.o
                0x0000000008001ed4                handle_bright
 .text.handle_ice
                0x00000000080020d0      0x1b8 ./Core/Src/handle.o
                0x00000000080020d0                handle_ice
 .text.handle_fire
                0x0000000008002288      0x1b8 ./Core/Src/handle.o
                0x0000000008002288                handle_fire
 .text.handle_ghost
                0x0000000008002440      0x1e8 ./Core/Src/handle.o
                0x0000000008002440                handle_ghost
 .text.handle_stone
                0x0000000008002628       0x60 ./Core/Src/handle.o
                0x0000000008002628                handle_stone
 .text.handle_door
                0x0000000008002688       0x60 ./Core/Src/handle.o
                0x0000000008002688                handle_door
 .text.handle_addheart
                0x00000000080026e8       0xd4 ./Core/Src/handle.o
                0x00000000080026e8                handle_addheart
 .text.handle_prison
                0x00000000080027bc       0x8c ./Core/Src/handle.o
                0x00000000080027bc                handle_prison
 .text.handle_hidden
                0x0000000008002848      0x13c ./Core/Src/handle.o
                0x0000000008002848                handle_hidden
 .text.get_question
                0x0000000008002984      0x10c ./Core/Src/hm10.o
                0x0000000008002984                get_question
 .text.Delay    0x0000000008002a90       0x22 ./Core/Src/lcd.o
                0x0000000008002a90                Delay
 .text.LCD_INIT
                0x0000000008002ab2       0x2e ./Core/Src/lcd.o
                0x0000000008002ab2                LCD_INIT
 .text.LCD_Rst  0x0000000008002ae0       0x30 ./Core/Src/lcd.o
                0x0000000008002ae0                LCD_Rst
 .text.LCD_BackLed_Control
                0x0000000008002b10       0x38 ./Core/Src/lcd.o
                0x0000000008002b10                LCD_BackLed_Control
 .text.LCD_Write_Cmd
                0x0000000008002b48       0x1c ./Core/Src/lcd.o
                0x0000000008002b48                LCD_Write_Cmd
 .text.LCD_Write_Data
                0x0000000008002b64       0x20 ./Core/Src/lcd.o
                0x0000000008002b64                LCD_Write_Data
 .text.LCD_REG_Config
                0x0000000008002b84      0x234 ./Core/Src/lcd.o
                0x0000000008002b84                LCD_REG_Config
 .text.LCD_OpenWindow
                0x0000000008002db8       0xb2 ./Core/Src/lcd.o
                0x0000000008002db8                LCD_OpenWindow
 .text.LCD_FillColor
                0x0000000008002e6a       0x3c ./Core/Src/lcd.o
                0x0000000008002e6a                LCD_FillColor
 .text.LCD_Clear
                0x0000000008002ea6       0x46 ./Core/Src/lcd.o
                0x0000000008002ea6                LCD_Clear
 .text.LCD_DrawChar
                0x0000000008002eec       0x9c ./Core/Src/lcd.o
                0x0000000008002eec                LCD_DrawChar
 .text.LCD_DrawString
                0x0000000008002f88       0xc0 ./Core/Src/lcd.o
                0x0000000008002f88                LCD_DrawString
 .text.LCD_DrawBox
                0x0000000008003048       0x5e ./Core/Src/lcd.o
                0x0000000008003048                LCD_DrawBox
 .text.LCD_DrawDot
                0x00000000080030a6       0x30 ./Core/Src/lcd.o
                0x00000000080030a6                LCD_DrawDot
 *fill*         0x00000000080030d6        0x2 
 .text.LCD_maze
                0x00000000080030d8      0x524 ./Core/Src/lcd.o
                0x00000000080030d8                LCD_maze
 .text.LCD_Drawelement
                0x00000000080035fc       0xd2 ./Core/Src/lcd.o
                0x00000000080035fc                LCD_Drawelement
 *fill*         0x00000000080036ce        0x2 
 .text.LCD_Drawkey
                0x00000000080036d0       0xd0 ./Core/Src/lcd.o
                0x00000000080036d0                LCD_Drawkey
 .text.LCD_Drawheart
                0x00000000080037a0       0xd0 ./Core/Src/lcd.o
                0x00000000080037a0                LCD_Drawheart
 .text.LCD_DrawChar_Color
                0x0000000008003870       0x9c ./Core/Src/lcd.o
                0x0000000008003870                LCD_DrawChar_Color
 .text.LCD_DrawCross
                0x000000000800390c       0x44 ./Core/Src/lcd.o
                0x000000000800390c                LCD_DrawCross
 .text.LCD_DrawString_Color
                0x0000000008003950       0x6a ./Core/Src/lcd.o
                0x0000000008003950                LCD_DrawString_Color
 *fill*         0x00000000080039ba        0x2 
 .text.main     0x00000000080039bc       0xb8 ./Core/Src/main.o
                0x00000000080039bc                main
 .text.SystemClock_Config
                0x0000000008003a74       0xbe ./Core/Src/main.o
                0x0000000008003a74                SystemClock_Config
 *fill*         0x0000000008003b32        0x2 
 .text.MX_ADC1_Init
                0x0000000008003b34       0x7c ./Core/Src/main.o
 .text.MX_ADC3_Init
                0x0000000008003bb0       0x9c ./Core/Src/main.o
 .text.MX_I2C2_Init
                0x0000000008003c4c       0x5c ./Core/Src/main.o
 .text.MX_I2S2_Init
                0x0000000008003ca8       0x50 ./Core/Src/main.o
 .text.MX_SDIO_SD_Init
                0x0000000008003cf8       0x60 ./Core/Src/main.o
 .text.MX_SPI1_Init
                0x0000000008003d58       0x6c ./Core/Src/main.o
 .text.MX_TIM1_Init
                0x0000000008003dc4       0xa0 ./Core/Src/main.o
 .text.MX_TIM2_Init
                0x0000000008003e64       0x98 ./Core/Src/main.o
 .text.MX_TIM3_Init
                0x0000000008003efc       0x9c ./Core/Src/main.o
 .text.MX_USART1_UART_Init
                0x0000000008003f98       0x54 ./Core/Src/main.o
 .text.MX_DMA_Init
                0x0000000008003fec       0x74 ./Core/Src/main.o
 .text.MX_GPIO_Init
                0x0000000008004060      0x254 ./Core/Src/main.o
 .text.MX_FSMC_Init
                0x00000000080042b4       0xc8 ./Core/Src/main.o
 .text.HAL_TIM_PeriodElapsedCallback
                0x000000000800437c       0x40 ./Core/Src/main.o
                0x000000000800437c                HAL_TIM_PeriodElapsedCallback
 .text.Error_Handler
                0x00000000080043bc        0xa ./Core/Src/main.o
                0x00000000080043bc                Error_Handler
 *fill*         0x00000000080043c6        0x2 
 .text.print_digit
                0x00000000080043c8       0xa4 ./Core/Src/max7219.o
                0x00000000080043c8                print_digit
 .text.max7219_Init
                0x000000000800446c       0x48 ./Core/Src/max7219.o
                0x000000000800446c                max7219_Init
 .text.max7219_Clean
                0x00000000080044b4       0x3e ./Core/Src/max7219.o
                0x00000000080044b4                max7219_Clean
 *fill*         0x00000000080044f2        0x2 
 .text.max7219_SendData
                0x00000000080044f4       0x74 ./Core/Src/max7219.o
                0x00000000080044f4                max7219_SendData
 .text.restart  0x0000000008004568       0x50 ./Core/Src/maze.o
                0x0000000008004568                restart
 .text.maze_all
                0x00000000080045b8       0x20 ./Core/Src/maze.o
                0x00000000080045b8                maze_all
 .text.start_page
                0x00000000080045d8       0xe8 ./Core/Src/maze.o
                0x00000000080045d8                start_page
 .text.adjust_level
                0x00000000080046c0       0x9c ./Core/Src/maze.o
                0x00000000080046c0                adjust_level
 .text.LCD_Display
                0x000000000800475c       0xf0 ./Core/Src/maze.o
                0x000000000800475c                LCD_Display
 .text.generate_whole_maze
                0x000000000800484c       0xc8 ./Core/Src/maze.o
                0x000000000800484c                generate_whole_maze
 .text.setRandomSeed
                0x0000000008004914      0x104 ./Core/Src/maze.o
                0x0000000008004914                setRandomSeed
 .text.get_random_row_col
                0x0000000008004a18       0x8c ./Core/Src/maze.o
                0x0000000008004a18                get_random_row_col
 .text.get_random_start
                0x0000000008004aa4      0x12c ./Core/Src/maze.o
                0x0000000008004aa4                get_random_start
 .text.get_random_end
                0x0000000008004bd0      0x168 ./Core/Src/maze.o
                0x0000000008004bd0                get_random_end
 .text.init_maze_array
                0x0000000008004d38       0x64 ./Core/Src/maze.o
                0x0000000008004d38                init_maze_array
 .text.free_maze_array
                0x0000000008004d9c       0x64 ./Core/Src/maze.o
                0x0000000008004d9c                free_maze_array
 .text.generate_maze
                0x0000000008004e00      0x18c ./Core/Src/maze.o
                0x0000000008004e00                generate_maze
 .text.add_start_end_maze
                0x0000000008004f8c       0x50 ./Core/Src/maze.o
                0x0000000008004f8c                add_start_end_maze
 .text.add_key_maze
                0x0000000008004fdc       0x90 ./Core/Src/maze.o
                0x0000000008004fdc                add_key_maze
 .text.shuffle_array
                0x000000000800506c       0x64 ./Core/Src/maze.o
                0x000000000800506c                shuffle_array
 .text.add_obstacle_maze
                0x00000000080050d0      0x150 ./Core/Src/maze.o
                0x00000000080050d0                add_obstacle_maze
 .text.move     0x0000000008005220       0x8c ./Core/Src/move.o
                0x0000000008005220                move
 .text.move_up  0x00000000080052ac       0x30 ./Core/Src/move.o
                0x00000000080052ac                move_up
 .text.move_down
                0x00000000080052dc       0x30 ./Core/Src/move.o
                0x00000000080052dc                move_down
 .text.move_left
                0x000000000800530c       0x30 ./Core/Src/move.o
                0x000000000800530c                move_left
 .text.move_right
                0x000000000800533c       0x30 ./Core/Src/move.o
                0x000000000800533c                move_right
 .text.handle_move
                0x000000000800536c       0xf4 ./Core/Src/move.o
                0x000000000800536c                handle_move
 .text.check_valid
                0x0000000008005460       0x38 ./Core/Src/move.o
                0x0000000008005460                check_valid
 .text.game_record
                0x0000000008005498      0x1f4 ./Core/Src/sd_card.o
                0x0000000008005498                game_record
 .text.HAL_MspInit
                0x000000000800568c       0x64 ./Core/Src/stm32f1xx_hal_msp.o
                0x000000000800568c                HAL_MspInit
 .text.HAL_ADC_MspInit
                0x00000000080056f0      0x124 ./Core/Src/stm32f1xx_hal_msp.o
                0x00000000080056f0                HAL_ADC_MspInit
 .text.HAL_I2C_MspInit
                0x0000000008005814       0x80 ./Core/Src/stm32f1xx_hal_msp.o
                0x0000000008005814                HAL_I2C_MspInit
 .text.HAL_I2S_MspInit
                0x0000000008005894       0xd8 ./Core/Src/stm32f1xx_hal_msp.o
                0x0000000008005894                HAL_I2S_MspInit
 .text.HAL_SD_MspInit
                0x000000000800596c       0xb4 ./Core/Src/stm32f1xx_hal_msp.o
                0x000000000800596c                HAL_SD_MspInit
 .text.HAL_SPI_MspInit
                0x0000000008005a20       0xd0 ./Core/Src/stm32f1xx_hal_msp.o
                0x0000000008005a20                HAL_SPI_MspInit
 .text.HAL_TIM_Base_MspInit
                0x0000000008005af0       0x98 ./Core/Src/stm32f1xx_hal_msp.o
                0x0000000008005af0                HAL_TIM_Base_MspInit
 .text.HAL_UART_MspInit
                0x0000000008005b88       0x98 ./Core/Src/stm32f1xx_hal_msp.o
                0x0000000008005b88                HAL_UART_MspInit
 .text.HAL_FSMC_MspInit
                0x0000000008005c20       0x88 ./Core/Src/stm32f1xx_hal_msp.o
 .text.HAL_SRAM_MspInit
                0x0000000008005ca8       0x14 ./Core/Src/stm32f1xx_hal_msp.o
                0x0000000008005ca8                HAL_SRAM_MspInit
 .text.NMI_Handler
                0x0000000008005cbc        0x6 ./Core/Src/stm32f1xx_it.o
                0x0000000008005cbc                NMI_Handler
 .text.HardFault_Handler
                0x0000000008005cc2        0x6 ./Core/Src/stm32f1xx_it.o
                0x0000000008005cc2                HardFault_Handler
 .text.MemManage_Handler
                0x0000000008005cc8        0x6 ./Core/Src/stm32f1xx_it.o
                0x0000000008005cc8                MemManage_Handler
 .text.BusFault_Handler
                0x0000000008005cce        0x6 ./Core/Src/stm32f1xx_it.o
                0x0000000008005cce                BusFault_Handler
 .text.UsageFault_Handler
                0x0000000008005cd4        0x6 ./Core/Src/stm32f1xx_it.o
                0x0000000008005cd4                UsageFault_Handler
 .text.SVC_Handler
                0x0000000008005cda        0xc ./Core/Src/stm32f1xx_it.o
                0x0000000008005cda                SVC_Handler
 .text.DebugMon_Handler
                0x0000000008005ce6        0xc ./Core/Src/stm32f1xx_it.o
                0x0000000008005ce6                DebugMon_Handler
 .text.PendSV_Handler
                0x0000000008005cf2        0xc ./Core/Src/stm32f1xx_it.o
                0x0000000008005cf2                PendSV_Handler
 .text.SysTick_Handler
                0x0000000008005cfe        0xc ./Core/Src/stm32f1xx_it.o
                0x0000000008005cfe                SysTick_Handler
 *fill*         0x0000000008005d0a        0x2 
 .text.EXTI0_IRQHandler
                0x0000000008005d0c       0x34 ./Core/Src/stm32f1xx_it.o
                0x0000000008005d0c                EXTI0_IRQHandler
 .text.EXTI4_IRQHandler
                0x0000000008005d40       0x34 ./Core/Src/stm32f1xx_it.o
                0x0000000008005d40                EXTI4_IRQHandler
 .text.DMA1_Channel3_IRQHandler
                0x0000000008005d74       0x14 ./Core/Src/stm32f1xx_it.o
                0x0000000008005d74                DMA1_Channel3_IRQHandler
 .text.DMA1_Channel5_IRQHandler
                0x0000000008005d88       0x14 ./Core/Src/stm32f1xx_it.o
                0x0000000008005d88                DMA1_Channel5_IRQHandler
 .text.TIM3_IRQHandler
                0x0000000008005d9c       0x14 ./Core/Src/stm32f1xx_it.o
                0x0000000008005d9c                TIM3_IRQHandler
 .text.DMA2_Channel4_5_IRQHandler
                0x0000000008005db0       0x14 ./Core/Src/stm32f1xx_it.o
                0x0000000008005db0                DMA2_Channel4_5_IRQHandler
 .text._getpid  0x0000000008005dc4        0xe ./Core/Src/syscalls.o
                0x0000000008005dc4                _getpid
 .text._kill    0x0000000008005dd2       0x20 ./Core/Src/syscalls.o
                0x0000000008005dd2                _kill
 .text._exit    0x0000000008005df2       0x14 ./Core/Src/syscalls.o
                0x0000000008005df2                _exit
 .text._read    0x0000000008005e06       0x3a ./Core/Src/syscalls.o
                0x0000000008005e06                _read
 .text._write   0x0000000008005e40       0x38 ./Core/Src/syscalls.o
                0x0000000008005e40                _write
 .text._close   0x0000000008005e78       0x16 ./Core/Src/syscalls.o
                0x0000000008005e78                _close
 .text._fstat   0x0000000008005e8e       0x1e ./Core/Src/syscalls.o
                0x0000000008005e8e                _fstat
 .text._isatty  0x0000000008005eac       0x14 ./Core/Src/syscalls.o
                0x0000000008005eac                _isatty
 .text._lseek   0x0000000008005ec0       0x18 ./Core/Src/syscalls.o
                0x0000000008005ec0                _lseek
 .text._sbrk    0x0000000008005ed8       0x6c ./Core/Src/sysmem.o
                0x0000000008005ed8                _sbrk
 .text.SystemInit
                0x0000000008005f44        0xc ./Core/Src/system_stm32f1xx.o
                0x0000000008005f44                SystemInit
 .text.delay    0x0000000008005f50       0x30 ./Core/Src/temp.o
                0x0000000008005f50                delay
 .text.gpio_set_input
                0x0000000008005f80       0x2c ./Core/Src/temp.o
                0x0000000008005f80                gpio_set_input
 .text.gpio_set_output
                0x0000000008005fac       0x30 ./Core/Src/temp.o
                0x0000000008005fac                gpio_set_output
 .text.ds18b20_init
                0x0000000008005fdc       0x50 ./Core/Src/temp.o
                0x0000000008005fdc                ds18b20_init
 .text.write_ds
                0x000000000800602c       0x78 ./Core/Src/temp.o
                0x000000000800602c                write_ds
 .text.read_ds  0x00000000080060a4       0x70 ./Core/Src/temp.o
                0x00000000080060a4                read_ds
 .text.temp_value
                0x0000000008006114       0xa0 ./Core/Src/temp.o
                0x0000000008006114                temp_value
 .text.play_audio
                0x00000000080061b4      0x124 ./Core/Src/wav.o
                0x00000000080061b4                play_audio
 .text.HAL_I2S_TxHalfCpltCallback
                0x00000000080062d8       0x1c ./Core/Src/wav.o
                0x00000000080062d8                HAL_I2S_TxHalfCpltCallback
 .text.HAL_I2S_TxCpltCallback
                0x00000000080062f4       0x2c ./Core/Src/wav.o
                0x00000000080062f4                HAL_I2S_TxCpltCallback
 .text.XPT2046_DelayUS
                0x0000000008006320       0x38 ./Core/Src/xpt2046.o
 .text.XPT2046_WriteCMD
                0x0000000008006358       0x88 ./Core/Src/xpt2046.o
 .text.XPT2046_ReadCMD
                0x00000000080063e0       0x78 ./Core/Src/xpt2046.o
 .text.XPT2046_ReadAdc
                0x0000000008006458       0x20 ./Core/Src/xpt2046.o
 .text.XPT2046_ReadAdc_XY
                0x0000000008006478       0x38 ./Core/Src/xpt2046.o
 .text.XPT2046_ReadAdc_Smooth_XY
                0x00000000080064b0      0x22c ./Core/Src/xpt2046.o
 .text.XPT2046_Calculate_CalibrationFactor
                0x00000000080066dc      0x31a ./Core/Src/xpt2046.o
 *fill*         0x00000000080069f6        0x2 
 .text.XPT2046_Touch_Calibrate
                0x00000000080069f8      0x478 ./Core/Src/xpt2046.o
                0x00000000080069f8                XPT2046_Touch_Calibrate
 .text.XPT2046_Get_TouchedPoint
                0x0000000008006e70      0x10e ./Core/Src/xpt2046.o
                0x0000000008006e70                XPT2046_Get_TouchedPoint
 *fill*         0x0000000008006f7e        0x2 
 .text.Check_touchkey
                0x0000000008006f80       0x60 ./Core/Src/xpt2046.o
                0x0000000008006f80                Check_touchkey
 .text.Check_touchkey_start
                0x0000000008006fe0       0x48 ./Core/Src/xpt2046.o
                0x0000000008006fe0                Check_touchkey_start
 .text.Check_touchkey_flag
                0x0000000008007028       0x5c ./Core/Src/xpt2046.o
                0x0000000008007028                Check_touchkey_flag
 .text.Reset_Handler
                0x0000000008007084       0x48 ./Core/Startup/startup_stm32f103vetx.o
                0x0000000008007084                Reset_Handler
 .text.Default_Handler
                0x00000000080070cc        0x2 ./Core/Startup/startup_stm32f103vetx.o
                0x00000000080070cc                DMA2_Channel3_IRQHandler
                0x00000000080070cc                EXTI2_IRQHandler
                0x00000000080070cc                TIM8_TRG_COM_IRQHandler
                0x00000000080070cc                TIM8_CC_IRQHandler
                0x00000000080070cc                TIM1_CC_IRQHandler
                0x00000000080070cc                TIM6_IRQHandler
                0x00000000080070cc                PVD_IRQHandler
                0x00000000080070cc                SDIO_IRQHandler
                0x00000000080070cc                EXTI3_IRQHandler
                0x00000000080070cc                I2C2_EV_IRQHandler
                0x00000000080070cc                ADC1_2_IRQHandler
                0x00000000080070cc                SPI1_IRQHandler
                0x00000000080070cc                TAMPER_IRQHandler
                0x00000000080070cc                TIM8_UP_IRQHandler
                0x00000000080070cc                DMA2_Channel2_IRQHandler
                0x00000000080070cc                DMA1_Channel4_IRQHandler
                0x00000000080070cc                USART3_IRQHandler
                0x00000000080070cc                RTC_IRQHandler
                0x00000000080070cc                DMA1_Channel7_IRQHandler
                0x00000000080070cc                CAN1_RX1_IRQHandler
                0x00000000080070cc                UART5_IRQHandler
                0x00000000080070cc                ADC3_IRQHandler
                0x00000000080070cc                TIM4_IRQHandler
                0x00000000080070cc                DMA2_Channel1_IRQHandler
                0x00000000080070cc                I2C1_EV_IRQHandler
                0x00000000080070cc                DMA1_Channel6_IRQHandler
                0x00000000080070cc                UART4_IRQHandler
                0x00000000080070cc                RCC_IRQHandler
                0x00000000080070cc                TIM1_TRG_COM_IRQHandler
                0x00000000080070cc                DMA1_Channel1_IRQHandler
                0x00000000080070cc                Default_Handler
                0x00000000080070cc                EXTI15_10_IRQHandler
                0x00000000080070cc                TIM7_IRQHandler
                0x00000000080070cc                TIM5_IRQHandler
                0x00000000080070cc                EXTI9_5_IRQHandler
                0x00000000080070cc                SPI2_IRQHandler
                0x00000000080070cc                USB_LP_CAN1_RX0_IRQHandler
                0x00000000080070cc                USB_HP_CAN1_TX_IRQHandler
                0x00000000080070cc                FSMC_IRQHandler
                0x00000000080070cc                TIM1_UP_IRQHandler
                0x00000000080070cc                WWDG_IRQHandler
                0x00000000080070cc                TIM2_IRQHandler
                0x00000000080070cc                TIM1_BRK_IRQHandler
                0x00000000080070cc                EXTI1_IRQHandler
                0x00000000080070cc                USART2_IRQHandler
                0x00000000080070cc                I2C2_ER_IRQHandler
                0x00000000080070cc                DMA1_Channel2_IRQHandler
                0x00000000080070cc                TIM8_BRK_IRQHandler
                0x00000000080070cc                CAN1_SCE_IRQHandler
                0x00000000080070cc                FLASH_IRQHandler
                0x00000000080070cc                USART1_IRQHandler
                0x00000000080070cc                SPI3_IRQHandler
                0x00000000080070cc                I2C1_ER_IRQHandler
                0x00000000080070cc                USBWakeUp_IRQHandler
                0x00000000080070cc                RTC_Alarm_IRQHandler
 *fill*         0x00000000080070ce        0x2 
 .text.HAL_Init
                0x00000000080070d0       0x2c ./Drivers/STM32F1xx_HAL_Driver/Src/stm32f1xx_hal.o
                0x00000000080070d0                HAL_Init
 .text.HAL_InitTick
                0x00000000080070fc       0x60 ./Drivers/STM32F1xx_HAL_Driver/Src/stm32f1xx_hal.o
                0x00000000080070fc                HAL_InitTick
 .text.HAL_IncTick
                0x000000000800715c       0x24 ./Drivers/STM32F1xx_HAL_Driver/Src/stm32f1xx_hal.o
                0x000000000800715c                HAL_IncTick
 .text.HAL_GetTick
                0x0000000008007180       0x14 ./Drivers/STM32F1xx_HAL_Driver/Src/stm32f1xx_hal.o
                0x0000000008007180                HAL_GetTick
 .text.HAL_Delay
                0x0000000008007194       0x48 ./Drivers/STM32F1xx_HAL_Driver/Src/stm32f1xx_hal.o
                0x0000000008007194                HAL_Delay
 .text.HAL_ADC_Init
                0x00000000080071dc      0x1d4 ./Drivers/STM32F1xx_HAL_Driver/Src/stm32f1xx_hal_adc.o
                0x00000000080071dc                HAL_ADC_Init
 .text.HAL_ADC_Start
                0x00000000080073b0      0x15c ./Drivers/STM32F1xx_HAL_Driver/Src/stm32f1xx_hal_adc.o
                0x00000000080073b0                HAL_ADC_Start
 .text.HAL_ADC_PollForConversion
                0x000000000800750c      0x20c ./Drivers/STM32F1xx_HAL_Driver/Src/stm32f1xx_hal_adc.o
                0x000000000800750c                HAL_ADC_PollForConversion
 .text.HAL_ADC_Start_DMA
                0x0000000008007718      0x1bc ./Drivers/STM32F1xx_HAL_Driver/Src/stm32f1xx_hal_adc.o
                0x0000000008007718                HAL_ADC_Start_DMA
 .text.HAL_ADC_GetValue
                0x00000000080078d4       0x18 ./Drivers/STM32F1xx_HAL_Driver/Src/stm32f1xx_hal_adc.o
                0x00000000080078d4                HAL_ADC_GetValue
 .text.HAL_ADC_ConvCpltCallback
                0x00000000080078ec       0x12 ./Drivers/STM32F1xx_HAL_Driver/Src/stm32f1xx_hal_adc.o
                0x00000000080078ec                HAL_ADC_ConvCpltCallback
 .text.HAL_ADC_ConvHalfCpltCallback
                0x00000000080078fe       0x12 ./Drivers/STM32F1xx_HAL_Driver/Src/stm32f1xx_hal_adc.o
                0x00000000080078fe                HAL_ADC_ConvHalfCpltCallback
 .text.HAL_ADC_ErrorCallback
                0x0000000008007910       0x12 ./Drivers/STM32F1xx_HAL_Driver/Src/stm32f1xx_hal_adc.o
                0x0000000008007910                HAL_ADC_ErrorCallback
 *fill*         0x0000000008007922        0x2 
 .text.HAL_ADC_ConfigChannel
                0x0000000008007924      0x1f0 ./Drivers/STM32F1xx_HAL_Driver/Src/stm32f1xx_hal_adc.o
                0x0000000008007924                HAL_ADC_ConfigChannel
 .text.ADC_Enable
                0x0000000008007b14       0xb4 ./Drivers/STM32F1xx_HAL_Driver/Src/stm32f1xx_hal_adc.o
                0x0000000008007b14                ADC_Enable
 .text.ADC_ConversionStop_Disable
                0x0000000008007bc8       0x82 ./Drivers/STM32F1xx_HAL_Driver/Src/stm32f1xx_hal_adc.o
                0x0000000008007bc8                ADC_ConversionStop_Disable
 .text.ADC_DMAConvCplt
                0x0000000008007c4a       0x7c ./Drivers/STM32F1xx_HAL_Driver/Src/stm32f1xx_hal_adc.o
                0x0000000008007c4a                ADC_DMAConvCplt
 .text.ADC_DMAHalfConvCplt
                0x0000000008007cc6       0x1c ./Drivers/STM32F1xx_HAL_Driver/Src/stm32f1xx_hal_adc.o
                0x0000000008007cc6                ADC_DMAHalfConvCplt
 .text.ADC_DMAError
                0x0000000008007ce2       0x34 ./Drivers/STM32F1xx_HAL_Driver/Src/stm32f1xx_hal_adc.o
                0x0000000008007ce2                ADC_DMAError
 *fill*         0x0000000008007d16        0x2 
 .text.HAL_ADCEx_Calibration_Start
                0x0000000008007d18      0x158 ./Drivers/STM32F1xx_HAL_Driver/Src/stm32f1xx_hal_adc_ex.o
                0x0000000008007d18                HAL_ADCEx_Calibration_Start
 .text.__NVIC_SetPriorityGrouping
                0x0000000008007e70       0x48 ./Drivers/STM32F1xx_HAL_Driver/Src/stm32f1xx_hal_cortex.o
 .text.__NVIC_GetPriorityGrouping
                0x0000000008007eb8       0x1c ./Drivers/STM32F1xx_HAL_Driver/Src/stm32f1xx_hal_cortex.o
 .text.__NVIC_EnableIRQ
                0x0000000008007ed4       0x38 ./Drivers/STM32F1xx_HAL_Driver/Src/stm32f1xx_hal_cortex.o
 .text.__NVIC_SetPriority
                0x0000000008007f0c       0x54 ./Drivers/STM32F1xx_HAL_Driver/Src/stm32f1xx_hal_cortex.o
 .text.NVIC_EncodePriority
                0x0000000008007f60       0x64 ./Drivers/STM32F1xx_HAL_Driver/Src/stm32f1xx_hal_cortex.o
 .text.SysTick_Config
                0x0000000008007fc4       0x44 ./Drivers/STM32F1xx_HAL_Driver/Src/stm32f1xx_hal_cortex.o
 .text.HAL_NVIC_SetPriorityGrouping
                0x0000000008008008       0x16 ./Drivers/STM32F1xx_HAL_Driver/Src/stm32f1xx_hal_cortex.o
                0x0000000008008008                HAL_NVIC_SetPriorityGrouping
 .text.HAL_NVIC_SetPriority
                0x000000000800801e       0x38 ./Drivers/STM32F1xx_HAL_Driver/Src/stm32f1xx_hal_cortex.o
                0x000000000800801e                HAL_NVIC_SetPriority
 .text.HAL_NVIC_EnableIRQ
                0x0000000008008056       0x1c ./Drivers/STM32F1xx_HAL_Driver/Src/stm32f1xx_hal_cortex.o
                0x0000000008008056                HAL_NVIC_EnableIRQ
 .text.HAL_SYSTICK_Config
                0x0000000008008072       0x18 ./Drivers/STM32F1xx_HAL_Driver/Src/stm32f1xx_hal_cortex.o
                0x0000000008008072                HAL_SYSTICK_Config
 *fill*         0x000000000800808a        0x2 
 .text.HAL_DMA_Init
                0x000000000800808c       0xec ./Drivers/STM32F1xx_HAL_Driver/Src/stm32f1xx_hal_dma.o
                0x000000000800808c                HAL_DMA_Init
 .text.HAL_DMA_Start_IT
                0x0000000008008178       0xbe ./Drivers/STM32F1xx_HAL_Driver/Src/stm32f1xx_hal_dma.o
                0x0000000008008178                HAL_DMA_Start_IT
 .text.HAL_DMA_Abort
                0x0000000008008236       0x74 ./Drivers/STM32F1xx_HAL_Driver/Src/stm32f1xx_hal_dma.o
                0x0000000008008236                HAL_DMA_Abort
 *fill*         0x00000000080082aa        0x2 
 .text.HAL_DMA_IRQHandler
                0x00000000080082ac      0x478 ./Drivers/STM32F1xx_HAL_Driver/Src/stm32f1xx_hal_dma.o
                0x00000000080082ac                HAL_DMA_IRQHandler
 .text.DMA_SetConfig
                0x0000000008008724       0x5a ./Drivers/STM32F1xx_HAL_Driver/Src/stm32f1xx_hal_dma.o
 *fill*         0x000000000800877e        0x2 
 .text.HAL_GPIO_Init
                0x0000000008008780      0x328 ./Drivers/STM32F1xx_HAL_Driver/Src/stm32f1xx_hal_gpio.o
                0x0000000008008780                HAL_GPIO_Init
 .text.HAL_GPIO_ReadPin
                0x0000000008008aa8       0x2e ./Drivers/STM32F1xx_HAL_Driver/Src/stm32f1xx_hal_gpio.o
                0x0000000008008aa8                HAL_GPIO_ReadPin
 .text.HAL_GPIO_WritePin
                0x0000000008008ad6       0x30 ./Drivers/STM32F1xx_HAL_Driver/Src/stm32f1xx_hal_gpio.o
                0x0000000008008ad6                HAL_GPIO_WritePin
 *fill*         0x0000000008008b06        0x2 
 .text.HAL_GPIO_EXTI_IRQHandler
                0x0000000008008b08       0x30 ./Drivers/STM32F1xx_HAL_Driver/Src/stm32f1xx_hal_gpio.o
                0x0000000008008b08                HAL_GPIO_EXTI_IRQHandler
 .text.HAL_GPIO_EXTI_Callback
                0x0000000008008b38       0x14 ./Drivers/STM32F1xx_HAL_Driver/Src/stm32f1xx_hal_gpio.o
                0x0000000008008b38                HAL_GPIO_EXTI_Callback
 .text.HAL_I2C_Init
                0x0000000008008b4c      0x288 ./Drivers/STM32F1xx_HAL_Driver/Src/stm32f1xx_hal_i2c.o
                0x0000000008008b4c                HAL_I2C_Init
 .text.HAL_I2S_Init
                0x0000000008008dd4      0x1cc ./Drivers/STM32F1xx_HAL_Driver/Src/stm32f1xx_hal_i2s.o
                0x0000000008008dd4                HAL_I2S_Init
 .text.HAL_I2S_Transmit_DMA
                0x0000000008008fa0      0x150 ./Drivers/STM32F1xx_HAL_Driver/Src/stm32f1xx_hal_i2s.o
                0x0000000008008fa0                HAL_I2S_Transmit_DMA
 .text.HAL_I2S_DMAStop
                0x00000000080090f0      0x178 ./Drivers/STM32F1xx_HAL_Driver/Src/stm32f1xx_hal_i2s.o
                0x00000000080090f0                HAL_I2S_DMAStop
 .text.HAL_I2S_ErrorCallback
                0x0000000008009268       0x12 ./Drivers/STM32F1xx_HAL_Driver/Src/stm32f1xx_hal_i2s.o
                0x0000000008009268                HAL_I2S_ErrorCallback
 .text.I2S_DMATxCplt
                0x000000000800927a       0x42 ./Drivers/STM32F1xx_HAL_Driver/Src/stm32f1xx_hal_i2s.o
 .text.I2S_DMATxHalfCplt
                0x00000000080092bc       0x1c ./Drivers/STM32F1xx_HAL_Driver/Src/stm32f1xx_hal_i2s.o
 .text.I2S_DMAError
                0x00000000080092d8       0x4c ./Drivers/STM32F1xx_HAL_Driver/Src/stm32f1xx_hal_i2s.o
 .text.I2S_WaitFlagStateUntilTimeout
                0x0000000008009324       0x72 ./Drivers/STM32F1xx_HAL_Driver/Src/stm32f1xx_hal_i2s.o
 *fill*         0x0000000008009396        0x2 
 .text.HAL_RCC_OscConfig
                0x0000000008009398      0x504 ./Drivers/STM32F1xx_HAL_Driver/Src/stm32f1xx_hal_rcc.o
                0x0000000008009398                HAL_RCC_OscConfig
 .text.HAL_RCC_ClockConfig
                0x000000000800989c      0x1d4 ./Drivers/STM32F1xx_HAL_Driver/Src/stm32f1xx_hal_rcc.o
                0x000000000800989c                HAL_RCC_ClockConfig
 .text.HAL_RCC_GetSysClockFreq
                0x0000000008009a70       0xbc ./Drivers/STM32F1xx_HAL_Driver/Src/stm32f1xx_hal_rcc.o
                0x0000000008009a70                HAL_RCC_GetSysClockFreq
 .text.HAL_RCC_GetHCLKFreq
                0x0000000008009b2c       0x14 ./Drivers/STM32F1xx_HAL_Driver/Src/stm32f1xx_hal_rcc.o
                0x0000000008009b2c                HAL_RCC_GetHCLKFreq
 .text.HAL_RCC_GetPCLK1Freq
                0x0000000008009b40       0x28 ./Drivers/STM32F1xx_HAL_Driver/Src/stm32f1xx_hal_rcc.o
                0x0000000008009b40                HAL_RCC_GetPCLK1Freq
 .text.HAL_RCC_GetPCLK2Freq
                0x0000000008009b68       0x28 ./Drivers/STM32F1xx_HAL_Driver/Src/stm32f1xx_hal_rcc.o
                0x0000000008009b68                HAL_RCC_GetPCLK2Freq
 .text.RCC_Delay
                0x0000000008009b90       0x3c ./Drivers/STM32F1xx_HAL_Driver/Src/stm32f1xx_hal_rcc.o
 .text.HAL_RCCEx_PeriphCLKConfig
                0x0000000008009bcc      0x16c ./Drivers/STM32F1xx_HAL_Driver/Src/stm32f1xx_hal_rcc_ex.o
                0x0000000008009bcc                HAL_RCCEx_PeriphCLKConfig
 .text.HAL_RCCEx_GetPeriphCLKFreq
                0x0000000008009d38      0x1c8 ./Drivers/STM32F1xx_HAL_Driver/Src/stm32f1xx_hal_rcc_ex.o
                0x0000000008009d38                HAL_RCCEx_GetPeriphCLKFreq
 .text.HAL_SD_Init
                0x0000000008009f00       0x60 ./Drivers/STM32F1xx_HAL_Driver/Src/stm32f1xx_hal_sd.o
                0x0000000008009f00                HAL_SD_Init
 .text.HAL_SD_InitCard
                0x0000000008009f60       0xfc ./Drivers/STM32F1xx_HAL_Driver/Src/stm32f1xx_hal_sd.o
                0x0000000008009f60                HAL_SD_InitCard
 .text.HAL_SD_ReadBlocks
                0x000000000800a05c      0x3bc ./Drivers/STM32F1xx_HAL_Driver/Src/stm32f1xx_hal_sd.o
                0x000000000800a05c                HAL_SD_ReadBlocks
 .text.HAL_SD_WriteBlocks
                0x000000000800a418      0x30c ./Drivers/STM32F1xx_HAL_Driver/Src/stm32f1xx_hal_sd.o
                0x000000000800a418                HAL_SD_WriteBlocks
 .text.HAL_SD_GetCardCSD
                0x000000000800a724      0x348 ./Drivers/STM32F1xx_HAL_Driver/Src/stm32f1xx_hal_sd.o
                0x000000000800a724                HAL_SD_GetCardCSD
 .text.HAL_SD_GetCardInfo
                0x000000000800aa6c       0x56 ./Drivers/STM32F1xx_HAL_Driver/Src/stm32f1xx_hal_sd.o
                0x000000000800aa6c                HAL_SD_GetCardInfo
 *fill*         0x000000000800aac2        0x2 
 .text.HAL_SD_ConfigWideBusOperation
                0x000000000800aac4      0x134 ./Drivers/STM32F1xx_HAL_Driver/Src/stm32f1xx_hal_sd.o
                0x000000000800aac4                HAL_SD_ConfigWideBusOperation
 .text.HAL_SD_GetCardState
                0x000000000800abf8       0x40 ./Drivers/STM32F1xx_HAL_Driver/Src/stm32f1xx_hal_sd.o
                0x000000000800abf8                HAL_SD_GetCardState
 .text.SD_InitCard
                0x000000000800ac38      0x19c ./Drivers/STM32F1xx_HAL_Driver/Src/stm32f1xx_hal_sd.o
 .text.SD_PowerON
                0x000000000800add4      0x11c ./Drivers/STM32F1xx_HAL_Driver/Src/stm32f1xx_hal_sd.o
 .text.SD_SendStatus
                0x000000000800aef0       0x50 ./Drivers/STM32F1xx_HAL_Driver/Src/stm32f1xx_hal_sd.o
 .text.SD_WideBus_Enable
                0x000000000800af40       0x96 ./Drivers/STM32F1xx_HAL_Driver/Src/stm32f1xx_hal_sd.o
 .text.SD_WideBus_Disable
                0x000000000800afd6       0x96 ./Drivers/STM32F1xx_HAL_Driver/Src/stm32f1xx_hal_sd.o
 .text.SD_FindSCR
                0x000000000800b06c      0x1a6 ./Drivers/STM32F1xx_HAL_Driver/Src/stm32f1xx_hal_sd.o
 .text.HAL_SPI_Init
                0x000000000800b212      0x108 ./Drivers/STM32F1xx_HAL_Driver/Src/stm32f1xx_hal_spi.o
                0x000000000800b212                HAL_SPI_Init
 *fill*         0x000000000800b31a        0x2 
 .text.HAL_SPI_Transmit_DMA
                0x000000000800b31c      0x16c ./Drivers/STM32F1xx_HAL_Driver/Src/stm32f1xx_hal_spi.o
                0x000000000800b31c                HAL_SPI_Transmit_DMA
 .text.HAL_SPI_TxCpltCallback
                0x000000000800b488       0x12 ./Drivers/STM32F1xx_HAL_Driver/Src/stm32f1xx_hal_spi.o
                0x000000000800b488                HAL_SPI_TxCpltCallback
 .text.HAL_SPI_TxHalfCpltCallback
                0x000000000800b49a       0x12 ./Drivers/STM32F1xx_HAL_Driver/Src/stm32f1xx_hal_spi.o
                0x000000000800b49a                HAL_SPI_TxHalfCpltCallback
 .text.HAL_SPI_ErrorCallback
                0x000000000800b4ac       0x12 ./Drivers/STM32F1xx_HAL_Driver/Src/stm32f1xx_hal_spi.o
                0x000000000800b4ac                HAL_SPI_ErrorCallback
 .text.SPI_DMATransmitCplt
                0x000000000800b4be       0xa6 ./Drivers/STM32F1xx_HAL_Driver/Src/stm32f1xx_hal_spi.o
 .text.SPI_DMAHalfTransmitCplt
                0x000000000800b564       0x1c ./Drivers/STM32F1xx_HAL_Driver/Src/stm32f1xx_hal_spi.o
 .text.SPI_DMAError
                0x000000000800b580       0x40 ./Drivers/STM32F1xx_HAL_Driver/Src/stm32f1xx_hal_spi.o
 .text.SPI_WaitFlagStateUntilTimeout
                0x000000000800b5c0      0x110 ./Drivers/STM32F1xx_HAL_Driver/Src/stm32f1xx_hal_spi.o
 .text.SPI_EndRxTxTransaction
                0x000000000800b6d0       0x3c ./Drivers/STM32F1xx_HAL_Driver/Src/stm32f1xx_hal_spi.o
 .text.HAL_SRAM_Init
                0x000000000800b70c       0x9a ./Drivers/STM32F1xx_HAL_Driver/Src/stm32f1xx_hal_sram.o
                0x000000000800b70c                HAL_SRAM_Init
 .text.HAL_TIM_Base_Init
                0x000000000800b7a6       0x9e ./Drivers/STM32F1xx_HAL_Driver/Src/stm32f1xx_hal_tim.o
                0x000000000800b7a6                HAL_TIM_Base_Init
 .text.HAL_TIM_Base_Start
                0x000000000800b844       0xb0 ./Drivers/STM32F1xx_HAL_Driver/Src/stm32f1xx_hal_tim.o
                0x000000000800b844                HAL_TIM_Base_Start
 .text.HAL_TIM_Base_Start_IT
                0x000000000800b8f4       0xc0 ./Drivers/STM32F1xx_HAL_Driver/Src/stm32f1xx_hal_tim.o
                0x000000000800b8f4                HAL_TIM_Base_Start_IT
 .text.HAL_TIM_IRQHandler
                0x000000000800b9b4      0x210 ./Drivers/STM32F1xx_HAL_Driver/Src/stm32f1xx_hal_tim.o
                0x000000000800b9b4                HAL_TIM_IRQHandler
 .text.HAL_TIM_ConfigClockSource
                0x000000000800bbc4      0x188 ./Drivers/STM32F1xx_HAL_Driver/Src/stm32f1xx_hal_tim.o
                0x000000000800bbc4                HAL_TIM_ConfigClockSource
 .text.HAL_TIM_OC_DelayElapsedCallback
                0x000000000800bd4c       0x12 ./Drivers/STM32F1xx_HAL_Driver/Src/stm32f1xx_hal_tim.o
                0x000000000800bd4c                HAL_TIM_OC_DelayElapsedCallback
 .text.HAL_TIM_IC_CaptureCallback
                0x000000000800bd5e       0x12 ./Drivers/STM32F1xx_HAL_Driver/Src/stm32f1xx_hal_tim.o
                0x000000000800bd5e                HAL_TIM_IC_CaptureCallback
 .text.HAL_TIM_PWM_PulseFinishedCallback
                0x000000000800bd70       0x12 ./Drivers/STM32F1xx_HAL_Driver/Src/stm32f1xx_hal_tim.o
                0x000000000800bd70                HAL_TIM_PWM_PulseFinishedCallback
 .text.HAL_TIM_TriggerCallback
                0x000000000800bd82       0x12 ./Drivers/STM32F1xx_HAL_Driver/Src/stm32f1xx_hal_tim.o
                0x000000000800bd82                HAL_TIM_TriggerCallback
 .text.TIM_Base_SetConfig
                0x000000000800bd94       0xf4 ./Drivers/STM32F1xx_HAL_Driver/Src/stm32f1xx_hal_tim.o
                0x000000000800bd94                TIM_Base_SetConfig
 .text.TIM_TI1_ConfigInputStage
                0x000000000800be88       0x5c ./Drivers/STM32F1xx_HAL_Driver/Src/stm32f1xx_hal_tim.o
 .text.TIM_TI2_ConfigInputStage
                0x000000000800bee4       0x5e ./Drivers/STM32F1xx_HAL_Driver/Src/stm32f1xx_hal_tim.o
 .text.TIM_ITRx_SetConfig
                0x000000000800bf42       0x34 ./Drivers/STM32F1xx_HAL_Driver/Src/stm32f1xx_hal_tim.o
 .text.TIM_ETR_SetConfig
                0x000000000800bf76       0x3e ./Drivers/STM32F1xx_HAL_Driver/Src/stm32f1xx_hal_tim.o
                0x000000000800bf76                TIM_ETR_SetConfig
 .text.HAL_TIMEx_MasterConfigSynchronization
                0x000000000800bfb4       0xd8 ./Drivers/STM32F1xx_HAL_Driver/Src/stm32f1xx_hal_tim_ex.o
                0x000000000800bfb4                HAL_TIMEx_MasterConfigSynchronization
 .text.HAL_TIMEx_CommutCallback
                0x000000000800c08c       0x12 ./Drivers/STM32F1xx_HAL_Driver/Src/stm32f1xx_hal_tim_ex.o
                0x000000000800c08c                HAL_TIMEx_CommutCallback
 .text.HAL_TIMEx_BreakCallback
                0x000000000800c09e       0x12 ./Drivers/STM32F1xx_HAL_Driver/Src/stm32f1xx_hal_tim_ex.o
                0x000000000800c09e                HAL_TIMEx_BreakCallback
 .text.HAL_UART_Init
                0x000000000800c0b0       0x9a ./Drivers/STM32F1xx_HAL_Driver/Src/stm32f1xx_hal_uart.o
                0x000000000800c0b0                HAL_UART_Init
 .text.HAL_UART_Receive
                0x000000000800c14a      0x144 ./Drivers/STM32F1xx_HAL_Driver/Src/stm32f1xx_hal_uart.o
                0x000000000800c14a                HAL_UART_Receive
 .text.UART_WaitOnFlagUntilTimeout
                0x000000000800c28e       0x94 ./Drivers/STM32F1xx_HAL_Driver/Src/stm32f1xx_hal_uart.o
 *fill*         0x000000000800c322        0x2 
 .text.UART_SetConfig
                0x000000000800c324      0x11c ./Drivers/STM32F1xx_HAL_Driver/Src/stm32f1xx_hal_uart.o
 .text.FSMC_NORSRAM_Init
                0x000000000800c440       0xd4 ./Drivers/STM32F1xx_HAL_Driver/Src/stm32f1xx_ll_fsmc.o
                0x000000000800c440                FSMC_NORSRAM_Init
 .text.FSMC_NORSRAM_Timing_Init
                0x000000000800c514       0x68 ./Drivers/STM32F1xx_HAL_Driver/Src/stm32f1xx_ll_fsmc.o
                0x000000000800c514                FSMC_NORSRAM_Timing_Init
 .text.FSMC_NORSRAM_Extended_Timing_Init
                0x000000000800c57c       0x70 ./Drivers/STM32F1xx_HAL_Driver/Src/stm32f1xx_ll_fsmc.o
                0x000000000800c57c                FSMC_NORSRAM_Extended_Timing_Init
 .text.SDIO_Init
                0x000000000800c5ec       0x54 ./Drivers/STM32F1xx_HAL_Driver/Src/stm32f1xx_ll_sdmmc.o
                0x000000000800c5ec                SDIO_Init
 .text.SDIO_ReadFIFO
                0x000000000800c640       0x18 ./Drivers/STM32F1xx_HAL_Driver/Src/stm32f1xx_ll_sdmmc.o
                0x000000000800c640                SDIO_ReadFIFO
 .text.SDIO_WriteFIFO
                0x000000000800c658       0x20 ./Drivers/STM32F1xx_HAL_Driver/Src/stm32f1xx_ll_sdmmc.o
                0x000000000800c658                SDIO_WriteFIFO
 .text.SDIO_PowerState_ON
                0x000000000800c678       0x1e ./Drivers/STM32F1xx_HAL_Driver/Src/stm32f1xx_ll_sdmmc.o
                0x000000000800c678                SDIO_PowerState_ON
 .text.SDIO_GetPowerState
                0x000000000800c696       0x1a ./Drivers/STM32F1xx_HAL_Driver/Src/stm32f1xx_ll_sdmmc.o
                0x000000000800c696                SDIO_GetPowerState
 .text.SDIO_SendCommand
                0x000000000800c6b0       0x52 ./Drivers/STM32F1xx_HAL_Driver/Src/stm32f1xx_ll_sdmmc.o
                0x000000000800c6b0                SDIO_SendCommand
 .text.SDIO_GetCommandResponse
                0x000000000800c702       0x18 ./Drivers/STM32F1xx_HAL_Driver/Src/stm32f1xx_ll_sdmmc.o
                0x000000000800c702                SDIO_GetCommandResponse
 .text.SDIO_GetResponse
                0x000000000800c71a       0x24 ./Drivers/STM32F1xx_HAL_Driver/Src/stm32f1xx_ll_sdmmc.o
                0x000000000800c71a                SDIO_GetResponse
 .text.SDIO_ConfigData
                0x000000000800c73e       0x56 ./Drivers/STM32F1xx_HAL_Driver/Src/stm32f1xx_ll_sdmmc.o
                0x000000000800c73e                SDIO_ConfigData
 .text.SDMMC_CmdBlockLength
                0x000000000800c794       0x44 ./Drivers/STM32F1xx_HAL_Driver/Src/stm32f1xx_ll_sdmmc.o
                0x000000000800c794                SDMMC_CmdBlockLength
 .text.SDMMC_CmdReadSingleBlock
                0x000000000800c7d8       0x44 ./Drivers/STM32F1xx_HAL_Driver/Src/stm32f1xx_ll_sdmmc.o
                0x000000000800c7d8                SDMMC_CmdReadSingleBlock
 .text.SDMMC_CmdReadMultiBlock
                0x000000000800c81c       0x44 ./Drivers/STM32F1xx_HAL_Driver/Src/stm32f1xx_ll_sdmmc.o
                0x000000000800c81c                SDMMC_CmdReadMultiBlock
 .text.SDMMC_CmdWriteSingleBlock
                0x000000000800c860       0x44 ./Drivers/STM32F1xx_HAL_Driver/Src/stm32f1xx_ll_sdmmc.o
                0x000000000800c860                SDMMC_CmdWriteSingleBlock
 .text.SDMMC_CmdWriteMultiBlock
                0x000000000800c8a4       0x44 ./Drivers/STM32F1xx_HAL_Driver/Src/stm32f1xx_ll_sdmmc.o
                0x000000000800c8a4                SDMMC_CmdWriteMultiBlock
 .text.SDMMC_CmdStopTransfer
                0x000000000800c8e8       0x44 ./Drivers/STM32F1xx_HAL_Driver/Src/stm32f1xx_ll_sdmmc.o
                0x000000000800c8e8                SDMMC_CmdStopTransfer
 .text.SDMMC_CmdSelDesel
                0x000000000800c92c       0x46 ./Drivers/STM32F1xx_HAL_Driver/Src/stm32f1xx_ll_sdmmc.o
                0x000000000800c92c                SDMMC_CmdSelDesel
 .text.SDMMC_CmdGoIdleState
                0x000000000800c972       0x3c ./Drivers/STM32F1xx_HAL_Driver/Src/stm32f1xx_ll_sdmmc.o
                0x000000000800c972                SDMMC_CmdGoIdleState
 .text.SDMMC_CmdOperCond
                0x000000000800c9ae       0x3e ./Drivers/STM32F1xx_HAL_Driver/Src/stm32f1xx_ll_sdmmc.o
                0x000000000800c9ae                SDMMC_CmdOperCond
 .text.SDMMC_CmdAppCommand
                0x000000000800c9ec       0x44 ./Drivers/STM32F1xx_HAL_Driver/Src/stm32f1xx_ll_sdmmc.o
                0x000000000800c9ec                SDMMC_CmdAppCommand
 .text.SDMMC_CmdAppOperCommand
                0x000000000800ca30       0x46 ./Drivers/STM32F1xx_HAL_Driver/Src/stm32f1xx_ll_sdmmc.o
                0x000000000800ca30                SDMMC_CmdAppOperCommand
 .text.SDMMC_CmdBusWidth
                0x000000000800ca76       0x44 ./Drivers/STM32F1xx_HAL_Driver/Src/stm32f1xx_ll_sdmmc.o
                0x000000000800ca76                SDMMC_CmdBusWidth
 .text.SDMMC_CmdSendSCR
                0x000000000800caba       0x42 ./Drivers/STM32F1xx_HAL_Driver/Src/stm32f1xx_ll_sdmmc.o
                0x000000000800caba                SDMMC_CmdSendSCR
 .text.SDMMC_CmdSendCID
                0x000000000800cafc       0x3c ./Drivers/STM32F1xx_HAL_Driver/Src/stm32f1xx_ll_sdmmc.o
                0x000000000800cafc                SDMMC_CmdSendCID
 .text.SDMMC_CmdSendCSD
                0x000000000800cb38       0x3e ./Drivers/STM32F1xx_HAL_Driver/Src/stm32f1xx_ll_sdmmc.o
                0x000000000800cb38                SDMMC_CmdSendCSD
 .text.SDMMC_CmdSetRelAdd
                0x000000000800cb76       0x42 ./Drivers/STM32F1xx_HAL_Driver/Src/stm32f1xx_ll_sdmmc.o
                0x000000000800cb76                SDMMC_CmdSetRelAdd
 .text.SDMMC_CmdSendStatus
                0x000000000800cbb8       0x44 ./Drivers/STM32F1xx_HAL_Driver/Src/stm32f1xx_ll_sdmmc.o
                0x000000000800cbb8                SDMMC_CmdSendStatus
 .text.SDMMC_GetCmdError
                0x000000000800cbfc       0x54 ./Drivers/STM32F1xx_HAL_Driver/Src/stm32f1xx_ll_sdmmc.o
 .text.SDMMC_GetCmdResp1
                0x000000000800cc50      0x1dc ./Drivers/STM32F1xx_HAL_Driver/Src/stm32f1xx_ll_sdmmc.o
 .text.SDMMC_GetCmdResp2
                0x000000000800ce2c       0x90 ./Drivers/STM32F1xx_HAL_Driver/Src/stm32f1xx_ll_sdmmc.o
 .text.SDMMC_GetCmdResp3
                0x000000000800cebc       0x78 ./Drivers/STM32F1xx_HAL_Driver/Src/stm32f1xx_ll_sdmmc.o
 .text.SDMMC_GetCmdResp6
                0x000000000800cf34       0xec ./Drivers/STM32F1xx_HAL_Driver/Src/stm32f1xx_ll_sdmmc.o
 .text.SDMMC_GetCmdResp7
                0x000000000800d020       0x9c ./Drivers/STM32F1xx_HAL_Driver/Src/stm32f1xx_ll_sdmmc.o
 .text.MX_FATFS_Init
                0x000000000800d0bc       0x24 ./FATFS/App/fatfs.o
                0x000000000800d0bc                MX_FATFS_Init
 .text.get_fattime
                0x000000000800d0e0        0xe ./FATFS/App/fatfs.o
                0x000000000800d0e0                get_fattime
 *fill*         0x000000000800d0ee        0x2 
 .text.BSP_SD_Init
                0x000000000800d0f0       0x30 ./FATFS/Target/bsp_driver_sd.o
                0x000000000800d0f0                BSP_SD_Init
 .text.BSP_SD_ReadBlocks
                0x000000000800d120       0x3c ./FATFS/Target/bsp_driver_sd.o
                0x000000000800d120                BSP_SD_ReadBlocks
 .text.BSP_SD_WriteBlocks
                0x000000000800d15c       0x3c ./FATFS/Target/bsp_driver_sd.o
                0x000000000800d15c                BSP_SD_WriteBlocks
 .text.BSP_SD_GetCardState
                0x000000000800d198       0x20 ./FATFS/Target/bsp_driver_sd.o
                0x000000000800d198                BSP_SD_GetCardState
 .text.BSP_SD_GetCardInfo
                0x000000000800d1b8       0x1c ./FATFS/Target/bsp_driver_sd.o
                0x000000000800d1b8                BSP_SD_GetCardInfo
 .text.BSP_SD_IsDetected
                0x000000000800d1d4       0x18 ./FATFS/Target/bsp_driver_sd.o
                0x000000000800d1d4                BSP_SD_IsDetected
 .text.disk_status
                0x000000000800d1ec       0x34 ./Middlewares/Third_Party/FatFs/src/diskio.o
                0x000000000800d1ec                disk_status
 .text.disk_initialize
                0x000000000800d220       0x4c ./Middlewares/Third_Party/FatFs/src/diskio.o
                0x000000000800d220                disk_initialize
 .text.disk_read
                0x000000000800d26c       0x40 ./Middlewares/Third_Party/FatFs/src/diskio.o
                0x000000000800d26c                disk_read
 .text.disk_write
                0x000000000800d2ac       0x40 ./Middlewares/Third_Party/FatFs/src/diskio.o
                0x000000000800d2ac                disk_write
 .text.disk_ioctl
                0x000000000800d2ec       0x3c ./Middlewares/Third_Party/FatFs/src/diskio.o
                0x000000000800d2ec                disk_ioctl
 .text.mem_cpy  0x000000000800d328       0x3c ./Middlewares/Third_Party/FatFs/src/ff.o
 .text.mem_set  0x000000000800d364       0x34 ./Middlewares/Third_Party/FatFs/src/ff.o
 .text.mem_cmp  0x000000000800d398       0x4c ./Middlewares/Third_Party/FatFs/src/ff.o
 .text.chk_chr  0x000000000800d3e4       0x34 ./Middlewares/Third_Party/FatFs/src/ff.o
 .text.chk_lock
                0x000000000800d418       0xe0 ./Middlewares/Third_Party/FatFs/src/ff.o
 .text.enq_lock
                0x000000000800d4f8       0x48 ./Middlewares/Third_Party/FatFs/src/ff.o
 .text.inc_lock
                0x000000000800d540      0x178 ./Middlewares/Third_Party/FatFs/src/ff.o
 .text.dec_lock
                0x000000000800d6b8       0x88 ./Middlewares/Third_Party/FatFs/src/ff.o
 .text.clear_lock
                0x000000000800d740       0x54 ./Middlewares/Third_Party/FatFs/src/ff.o
 .text.sync_window
                0x000000000800d794       0xa4 ./Middlewares/Third_Party/FatFs/src/ff.o
 .text.move_window
                0x000000000800d838       0x64 ./Middlewares/Third_Party/FatFs/src/ff.o
 .text.sync_fs  0x000000000800d89c      0x17e ./Middlewares/Third_Party/FatFs/src/ff.o
 .text.clust2sect
                0x000000000800da1a       0x48 ./Middlewares/Third_Party/FatFs/src/ff.o
                0x000000000800da1a                clust2sect
 .text.get_fat  0x000000000800da62      0x1f8 ./Middlewares/Third_Party/FatFs/src/ff.o
                0x000000000800da62                get_fat
 .text.put_fat  0x000000000800dc5a      0x2a6 ./Middlewares/Third_Party/FatFs/src/ff.o
                0x000000000800dc5a                put_fat
 .text.remove_chain
                0x000000000800df00       0xc2 ./Middlewares/Third_Party/FatFs/src/ff.o
 .text.create_chain
                0x000000000800dfc2      0x150 ./Middlewares/Third_Party/FatFs/src/ff.o
 .text.clmt_clust
                0x000000000800e112       0x80 ./Middlewares/Third_Party/FatFs/src/ff.o
 .text.dir_sdi  0x000000000800e192      0x19c ./Middlewares/Third_Party/FatFs/src/ff.o
 .text.dir_next
                0x000000000800e32e      0x294 ./Middlewares/Third_Party/FatFs/src/ff.o
 .text.dir_alloc
                0x000000000800e5c2       0x9c ./Middlewares/Third_Party/FatFs/src/ff.o
 .text.ld_clust
                0x000000000800e65e       0x5c ./Middlewares/Third_Party/FatFs/src/ff.o
 .text.st_clust
                0x000000000800e6ba       0x4c ./Middlewares/Third_Party/FatFs/src/ff.o
 .text.dir_find
                0x000000000800e706       0xa6 ./Middlewares/Third_Party/FatFs/src/ff.o
 .text.dir_register
                0x000000000800e7ac       0x80 ./Middlewares/Third_Party/FatFs/src/ff.o
 .text.create_name
                0x000000000800e82c      0x184 ./Middlewares/Third_Party/FatFs/src/ff.o
 .text.follow_path
                0x000000000800e9b0       0xec ./Middlewares/Third_Party/FatFs/src/ff.o
 .text.get_ldnumber
                0x000000000800ea9c       0x86 ./Middlewares/Third_Party/FatFs/src/ff.o
 *fill*         0x000000000800eb22        0x2 
 .text.check_fs
                0x000000000800eb24       0xdc ./Middlewares/Third_Party/FatFs/src/ff.o
 .text.find_volume
                0x000000000800ec00      0x664 ./Middlewares/Third_Party/FatFs/src/ff.o
 .text.validate
                0x000000000800f264       0x76 ./Middlewares/Third_Party/FatFs/src/ff.o
 *fill*         0x000000000800f2da        0x2 
 .text.f_mount  0x000000000800f2dc       0x94 ./Middlewares/Third_Party/FatFs/src/ff.o
                0x000000000800f2dc                f_mount
 .text.f_open   0x000000000800f370      0x60c ./Middlewares/Third_Party/FatFs/src/ff.o
                0x000000000800f370                f_open
 .text.f_read   0x000000000800f97c      0x3d0 ./Middlewares/Third_Party/FatFs/src/ff.o
                0x000000000800f97c                f_read
 .text.f_write  0x000000000800fd4c      0x472 ./Middlewares/Third_Party/FatFs/src/ff.o
                0x000000000800fd4c                f_write
 .text.f_sync   0x00000000080101be      0x19c ./Middlewares/Third_Party/FatFs/src/ff.o
                0x00000000080101be                f_sync
 .text.f_close  0x000000000801035a       0x56 ./Middlewares/Third_Party/FatFs/src/ff.o
                0x000000000801035a                f_close
 .text.f_lseek  0x00000000080103b0      0x5e2 ./Middlewares/Third_Party/FatFs/src/ff.o
                0x00000000080103b0                f_lseek
 .text.f_gets   0x0000000008010992       0x7a ./Middlewares/Third_Party/FatFs/src/ff.o
                0x0000000008010992                f_gets
 .text.putc_bfd
                0x0000000008010a0c       0x7a ./Middlewares/Third_Party/FatFs/src/ff.o
 .text.f_puts   0x0000000008010a86       0x72 ./Middlewares/Third_Party/FatFs/src/ff.o
                0x0000000008010a86                f_puts
 .text.FATFS_LinkDriverEx
                0x0000000008010af8       0x94 ./Middlewares/Third_Party/FatFs/src/ff_gen_drv.o
                0x0000000008010af8                FATFS_LinkDriverEx
 .text.FATFS_LinkDriver
                0x0000000008010b8c       0x1e ./Middlewares/Third_Party/FatFs/src/ff_gen_drv.o
                0x0000000008010b8c                FATFS_LinkDriver
 *fill*         0x0000000008010baa        0x2 
 .text.SD_initialize
                0x0000000008010bac       0x3c ./Middlewares/Third_Party/FatFs/src/drivers/sd_diskio.o
                0x0000000008010bac                SD_initialize
 .text.SD_status
                0x0000000008010be8       0x3c ./Middlewares/Third_Party/FatFs/src/drivers/sd_diskio.o
                0x0000000008010be8                SD_status
 .text.SD_read  0x0000000008010c24       0x5c ./Middlewares/Third_Party/FatFs/src/drivers/sd_diskio.o
                0x0000000008010c24                SD_read
 .text.SD_write
                0x0000000008010c80       0x5c ./Middlewares/Third_Party/FatFs/src/drivers/sd_diskio.o
                0x0000000008010c80                SD_write
 .text.SD_ioctl
                0x0000000008010cdc       0xac ./Middlewares/Third_Party/FatFs/src/drivers/sd_diskio.o
                0x0000000008010cdc                SD_ioctl
 .text.__errno  0x0000000008010d88        0xc /Applications/STM32CubeIDE.app/Contents/Eclipse/plugins/com.st.stm32cube.ide.mcu.externaltools.gnu-tools-for-stm32.10.3-2021.10.macos64_1.0.0.202111181127/tools/bin/../lib/gcc/arm-none-eabi/10.3.1/../../../../arm-none-eabi/lib/thumb/v7-m/nofp/libc_nano.a(lib_a-errno.o)
                0x0000000008010d88                __errno
 .text.__libc_init_array
                0x0000000008010d94       0x48 /Applications/STM32CubeIDE.app/Contents/Eclipse/plugins/com.st.stm32cube.ide.mcu.externaltools.gnu-tools-for-stm32.10.3-2021.10.macos64_1.0.0.202111181127/tools/bin/../lib/gcc/arm-none-eabi/10.3.1/../../../../arm-none-eabi/lib/thumb/v7-m/nofp/libc_nano.a(lib_a-init.o)
                0x0000000008010d94                __libc_init_array
 .text.malloc   0x0000000008010ddc       0x10 /Applications/STM32CubeIDE.app/Contents/Eclipse/plugins/com.st.stm32cube.ide.mcu.externaltools.gnu-tools-for-stm32.10.3-2021.10.macos64_1.0.0.202111181127/tools/bin/../lib/gcc/arm-none-eabi/10.3.1/../../../../arm-none-eabi/lib/thumb/v7-m/nofp/libc_nano.a(lib_a-malloc.o)
                0x0000000008010ddc                malloc
 .text.free     0x0000000008010dec       0x10 /Applications/STM32CubeIDE.app/Contents/Eclipse/plugins/com.st.stm32cube.ide.mcu.externaltools.gnu-tools-for-stm32.10.3-2021.10.macos64_1.0.0.202111181127/tools/bin/../lib/gcc/arm-none-eabi/10.3.1/../../../../arm-none-eabi/lib/thumb/v7-m/nofp/libc_nano.a(lib_a-malloc.o)
                0x0000000008010dec                free
 .text.memset   0x0000000008010dfc       0x10 /Applications/STM32CubeIDE.app/Contents/Eclipse/plugins/com.st.stm32cube.ide.mcu.externaltools.gnu-tools-for-stm32.10.3-2021.10.macos64_1.0.0.202111181127/tools/bin/../lib/gcc/arm-none-eabi/10.3.1/../../../../arm-none-eabi/lib/thumb/v7-m/nofp/libc_nano.a(lib_a-memset.o)
                0x0000000008010dfc                memset
 .text._free_r  0x0000000008010e0c       0x90 /Applications/STM32CubeIDE.app/Contents/Eclipse/plugins/com.st.stm32cube.ide.mcu.externaltools.gnu-tools-for-stm32.10.3-2021.10.macos64_1.0.0.202111181127/tools/bin/../lib/gcc/arm-none-eabi/10.3.1/../../../../arm-none-eabi/lib/thumb/v7-m/nofp/libc_nano.a(lib_a-nano-freer.o)
                0x0000000008010e0c                _free_r
 .text.sbrk_aligned
                0x0000000008010e9c       0x40 /Applications/STM32CubeIDE.app/Contents/Eclipse/plugins/com.st.stm32cube.ide.mcu.externaltools.gnu-tools-for-stm32.10.3-2021.10.macos64_1.0.0.202111181127/tools/bin/../lib/gcc/arm-none-eabi/10.3.1/../../../../arm-none-eabi/lib/thumb/v7-m/nofp/libc_nano.a(lib_a-nano-mallocr.o)
 .text._malloc_r
                0x0000000008010edc       0xe8 /Applications/STM32CubeIDE.app/Contents/Eclipse/plugins/com.st.stm32cube.ide.mcu.externaltools.gnu-tools-for-stm32.10.3-2021.10.macos64_1.0.0.202111181127/tools/bin/../lib/gcc/arm-none-eabi/10.3.1/../../../../arm-none-eabi/lib/thumb/v7-m/nofp/libc_nano.a(lib_a-nano-mallocr.o)
                0x0000000008010edc                _malloc_r
 .text.__cvt    0x0000000008010fc4       0xbe /Applications/STM32CubeIDE.app/Contents/Eclipse/plugins/com.st.stm32cube.ide.mcu.externaltools.gnu-tools-for-stm32.10.3-2021.10.macos64_1.0.0.202111181127/tools/bin/../lib/gcc/arm-none-eabi/10.3.1/../../../../arm-none-eabi/lib/thumb/v7-m/nofp/libc_nano.a(lib_a-nano-vfprintf_float.o)
                0x0000000008010fc4                __cvt
 .text.__exponent
                0x0000000008011082       0x7c /Applications/STM32CubeIDE.app/Contents/Eclipse/plugins/com.st.stm32cube.ide.mcu.externaltools.gnu-tools-for-stm32.10.3-2021.10.macos64_1.0.0.202111181127/tools/bin/../lib/gcc/arm-none-eabi/10.3.1/../../../../arm-none-eabi/lib/thumb/v7-m/nofp/libc_nano.a(lib_a-nano-vfprintf_float.o)
                0x0000000008011082                __exponent
 *fill*         0x00000000080110fe        0x2 
 .text._printf_float
                0x0000000008011100      0x458 /Applications/STM32CubeIDE.app/Contents/Eclipse/plugins/com.st.stm32cube.ide.mcu.externaltools.gnu-tools-for-stm32.10.3-2021.10.macos64_1.0.0.202111181127/tools/bin/../lib/gcc/arm-none-eabi/10.3.1/../../../../arm-none-eabi/lib/thumb/v7-m/nofp/libc_nano.a(lib_a-nano-vfprintf_float.o)
                0x0000000008011100                _printf_float
 .text._printf_common
                0x0000000008011558       0xde /Applications/STM32CubeIDE.app/Contents/Eclipse/plugins/com.st.stm32cube.ide.mcu.externaltools.gnu-tools-for-stm32.10.3-2021.10.macos64_1.0.0.202111181127/tools/bin/../lib/gcc/arm-none-eabi/10.3.1/../../../../arm-none-eabi/lib/thumb/v7-m/nofp/libc_nano.a(lib_a-nano-vfprintf_i.o)
                0x0000000008011558                _printf_common
 *fill*         0x0000000008011636        0x2 
 .text._printf_i
                0x0000000008011638      0x24c /Applications/STM32CubeIDE.app/Contents/Eclipse/plugins/com.st.stm32cube.ide.mcu.externaltools.gnu-tools-for-stm32.10.3-2021.10.macos64_1.0.0.202111181127/tools/bin/../lib/gcc/arm-none-eabi/10.3.1/../../../../arm-none-eabi/lib/thumb/v7-m/nofp/libc_nano.a(lib_a-nano-vfprintf_i.o)
                0x0000000008011638                _printf_i
 .text.srand    0x0000000008011884       0x5c /Applications/STM32CubeIDE.app/Contents/Eclipse/plugins/com.st.stm32cube.ide.mcu.externaltools.gnu-tools-for-stm32.10.3-2021.10.macos64_1.0.0.202111181127/tools/bin/../lib/gcc/arm-none-eabi/10.3.1/../../../../arm-none-eabi/lib/thumb/v7-m/nofp/libc_nano.a(lib_a-rand.o)
                0x0000000008011884                srand
 .text.rand     0x00000000080118e0       0x7c /Applications/STM32CubeIDE.app/Contents/Eclipse/plugins/com.st.stm32cube.ide.mcu.externaltools.gnu-tools-for-stm32.10.3-2021.10.macos64_1.0.0.202111181127/tools/bin/../lib/gcc/arm-none-eabi/10.3.1/../../../../arm-none-eabi/lib/thumb/v7-m/nofp/libc_nano.a(lib_a-rand.o)
                0x00000000080118e0                rand
 .text._sbrk_r  0x000000000801195c       0x20 /Applications/STM32CubeIDE.app/Contents/Eclipse/plugins/com.st.stm32cube.ide.mcu.externaltools.gnu-tools-for-stm32.10.3-2021.10.macos64_1.0.0.202111181127/tools/bin/../lib/gcc/arm-none-eabi/10.3.1/../../../../arm-none-eabi/lib/thumb/v7-m/nofp/libc_nano.a(lib_a-sbrkr.o)
                0x000000000801195c                _sbrk_r
 .text.sprintf  0x000000000801197c       0x40 /Applications/STM32CubeIDE.app/Contents/Eclipse/plugins/com.st.stm32cube.ide.mcu.externaltools.gnu-tools-for-stm32.10.3-2021.10.macos64_1.0.0.202111181127/tools/bin/../lib/gcc/arm-none-eabi/10.3.1/../../../../arm-none-eabi/lib/thumb/v7-m/nofp/libc_nano.a(lib_a-sprintf.o)
                0x000000000801197c                sprintf
                0x000000000801197c                siprintf
 .text.strncmp  0x00000000080119bc       0x28 /Applications/STM32CubeIDE.app/Contents/Eclipse/plugins/com.st.stm32cube.ide.mcu.externaltools.gnu-tools-for-stm32.10.3-2021.10.macos64_1.0.0.202111181127/tools/bin/../lib/gcc/arm-none-eabi/10.3.1/../../../../arm-none-eabi/lib/thumb/v7-m/nofp/libc_nano.a(lib_a-strncmp.o)
                0x00000000080119bc                strncmp
 .text.getpid   0x00000000080119e4        0xc /Applications/STM32CubeIDE.app/Contents/Eclipse/plugins/com.st.stm32cube.ide.mcu.externaltools.gnu-tools-for-stm32.10.3-2021.10.macos64_1.0.0.202111181127/tools/bin/../lib/gcc/arm-none-eabi/10.3.1/../../../../arm-none-eabi/lib/thumb/v7-m/nofp/libc_nano.a(lib_a-sysgetpid.o)
                0x00000000080119e4                getpid
 .text.gettimeofday
                0x00000000080119f0       0x10 /Applications/STM32CubeIDE.app/Contents/Eclipse/plugins/com.st.stm32cube.ide.mcu.externaltools.gnu-tools-for-stm32.10.3-2021.10.macos64_1.0.0.202111181127/tools/bin/../lib/gcc/arm-none-eabi/10.3.1/../../../../arm-none-eabi/lib/thumb/v7-m/nofp/libc_nano.a(lib_a-sysgettod.o)
                0x00000000080119f0                gettimeofday
 .text.__assert_func
                0x0000000008011a00       0x3c /Applications/STM32CubeIDE.app/Contents/Eclipse/plugins/com.st.stm32cube.ide.mcu.externaltools.gnu-tools-for-stm32.10.3-2021.10.macos64_1.0.0.202111181127/tools/bin/../lib/gcc/arm-none-eabi/10.3.1/../../../../arm-none-eabi/lib/thumb/v7-m/nofp/libc_nano.a(lib_a-assert.o)
                0x0000000008011a00                __assert_func
 .text.quorem   0x0000000008011a3c      0x118 /Applications/STM32CubeIDE.app/Contents/Eclipse/plugins/com.st.stm32cube.ide.mcu.externaltools.gnu-tools-for-stm32.10.3-2021.10.macos64_1.0.0.202111181127/tools/bin/../lib/gcc/arm-none-eabi/10.3.1/../../../../arm-none-eabi/lib/thumb/v7-m/nofp/libc_nano.a(lib_a-dtoa.o)
 *fill*         0x0000000008011b54        0x4 
 .text._dtoa_r  0x0000000008011b58      0xbdc /Applications/STM32CubeIDE.app/Contents/Eclipse/plugins/com.st.stm32cube.ide.mcu.externaltools.gnu-tools-for-stm32.10.3-2021.10.macos64_1.0.0.202111181127/tools/bin/../lib/gcc/arm-none-eabi/10.3.1/../../../../arm-none-eabi/lib/thumb/v7-m/nofp/libc_nano.a(lib_a-dtoa.o)
                0x0000000008011b58                _dtoa_r
 .text.fprintf  0x0000000008012734       0x24 /Applications/STM32CubeIDE.app/Contents/Eclipse/plugins/com.st.stm32cube.ide.mcu.externaltools.gnu-tools-for-stm32.10.3-2021.10.macos64_1.0.0.202111181127/tools/bin/../lib/gcc/arm-none-eabi/10.3.1/../../../../arm-none-eabi/lib/thumb/v7-m/nofp/libc_nano.a(lib_a-fprintf.o)
                0x0000000008012734                fprintf
                0x0000000008012734                fiprintf
 .text._gettimeofday_r
                0x0000000008012758       0x24 /Applications/STM32CubeIDE.app/Contents/Eclipse/plugins/com.st.stm32cube.ide.mcu.externaltools.gnu-tools-for-stm32.10.3-2021.10.macos64_1.0.0.202111181127/tools/bin/../lib/gcc/arm-none-eabi/10.3.1/../../../../arm-none-eabi/lib/thumb/v7-m/nofp/libc_nano.a(lib_a-gettimeofdayr.o)
                0x0000000008012758                _gettimeofday_r
 .text._localeconv_r
                0x000000000801277c        0x8 /Applications/STM32CubeIDE.app/Contents/Eclipse/plugins/com.st.stm32cube.ide.mcu.externaltools.gnu-tools-for-stm32.10.3-2021.10.macos64_1.0.0.202111181127/tools/bin/../lib/gcc/arm-none-eabi/10.3.1/../../../../arm-none-eabi/lib/thumb/v7-m/nofp/libc_nano.a(lib_a-localeconv.o)
                0x000000000801277c                _localeconv_r
 .text.memchr   0x0000000008012784       0x1c /Applications/STM32CubeIDE.app/Contents/Eclipse/plugins/com.st.stm32cube.ide.mcu.externaltools.gnu-tools-for-stm32.10.3-2021.10.macos64_1.0.0.202111181127/tools/bin/../lib/gcc/arm-none-eabi/10.3.1/../../../../arm-none-eabi/lib/thumb/v7-m/nofp/libc_nano.a(lib_a-memchr-stub.o)
                0x0000000008012784                memchr
 .text.memcpy   0x00000000080127a0       0x1c /Applications/STM32CubeIDE.app/Contents/Eclipse/plugins/com.st.stm32cube.ide.mcu.externaltools.gnu-tools-for-stm32.10.3-2021.10.macos64_1.0.0.202111181127/tools/bin/../lib/gcc/arm-none-eabi/10.3.1/../../../../arm-none-eabi/lib/thumb/v7-m/nofp/libc_nano.a(lib_a-memcpy-stub.o)
                0x00000000080127a0                memcpy
 .text.__malloc_lock
                0x00000000080127bc        0xc /Applications/STM32CubeIDE.app/Contents/Eclipse/plugins/com.st.stm32cube.ide.mcu.externaltools.gnu-tools-for-stm32.10.3-2021.10.macos64_1.0.0.202111181127/tools/bin/../lib/gcc/arm-none-eabi/10.3.1/../../../../arm-none-eabi/lib/thumb/v7-m/nofp/libc_nano.a(lib_a-mlock.o)
                0x00000000080127bc                __malloc_lock
 .text.__malloc_unlock
                0x00000000080127c8        0xc /Applications/STM32CubeIDE.app/Contents/Eclipse/plugins/com.st.stm32cube.ide.mcu.externaltools.gnu-tools-for-stm32.10.3-2021.10.macos64_1.0.0.202111181127/tools/bin/../lib/gcc/arm-none-eabi/10.3.1/../../../../arm-none-eabi/lib/thumb/v7-m/nofp/libc_nano.a(lib_a-mlock.o)
                0x00000000080127c8                __malloc_unlock
 .text._Balloc  0x00000000080127d4       0x80 /Applications/STM32CubeIDE.app/Contents/Eclipse/plugins/com.st.stm32cube.ide.mcu.externaltools.gnu-tools-for-stm32.10.3-2021.10.macos64_1.0.0.202111181127/tools/bin/../lib/gcc/arm-none-eabi/10.3.1/../../../../arm-none-eabi/lib/thumb/v7-m/nofp/libc_nano.a(lib_a-mprec.o)
                0x00000000080127d4                _Balloc
 .text._Bfree   0x0000000008012854       0x44 /Applications/STM32CubeIDE.app/Contents/Eclipse/plugins/com.st.stm32cube.ide.mcu.externaltools.gnu-tools-for-stm32.10.3-2021.10.macos64_1.0.0.202111181127/tools/bin/../lib/gcc/arm-none-eabi/10.3.1/../../../../arm-none-eabi/lib/thumb/v7-m/nofp/libc_nano.a(lib_a-mprec.o)
                0x0000000008012854                _Bfree
 .text.__multadd
                0x0000000008012898       0x8c /Applications/STM32CubeIDE.app/Contents/Eclipse/plugins/com.st.stm32cube.ide.mcu.externaltools.gnu-tools-for-stm32.10.3-2021.10.macos64_1.0.0.202111181127/tools/bin/../lib/gcc/arm-none-eabi/10.3.1/../../../../arm-none-eabi/lib/thumb/v7-m/nofp/libc_nano.a(lib_a-mprec.o)
                0x0000000008012898                __multadd
 .text.__hi0bits
                0x0000000008012924       0x40 /Applications/STM32CubeIDE.app/Contents/Eclipse/plugins/com.st.stm32cube.ide.mcu.externaltools.gnu-tools-for-stm32.10.3-2021.10.macos64_1.0.0.202111181127/tools/bin/../lib/gcc/arm-none-eabi/10.3.1/../../../../arm-none-eabi/lib/thumb/v7-m/nofp/libc_nano.a(lib_a-mprec.o)
                0x0000000008012924                __hi0bits
 .text.__lo0bits
                0x0000000008012964       0x5a /Applications/STM32CubeIDE.app/Contents/Eclipse/plugins/com.st.stm32cube.ide.mcu.externaltools.gnu-tools-for-stm32.10.3-2021.10.macos64_1.0.0.202111181127/tools/bin/../lib/gcc/arm-none-eabi/10.3.1/../../../../arm-none-eabi/lib/thumb/v7-m/nofp/libc_nano.a(lib_a-mprec.o)
                0x0000000008012964                __lo0bits
 *fill*         0x00000000080129be        0x2 
 .text.__i2b    0x00000000080129c0       0x2c /Applications/STM32CubeIDE.app/Contents/Eclipse/plugins/com.st.stm32cube.ide.mcu.externaltools.gnu-tools-for-stm32.10.3-2021.10.macos64_1.0.0.202111181127/tools/bin/../lib/gcc/arm-none-eabi/10.3.1/../../../../arm-none-eabi/lib/thumb/v7-m/nofp/libc_nano.a(lib_a-mprec.o)
                0x00000000080129c0                __i2b
 .text.__multiply
                0x00000000080129ec      0x150 /Applications/STM32CubeIDE.app/Contents/Eclipse/plugins/com.st.stm32cube.ide.mcu.externaltools.gnu-tools-for-stm32.10.3-2021.10.macos64_1.0.0.202111181127/tools/bin/../lib/gcc/arm-none-eabi/10.3.1/../../../../arm-none-eabi/lib/thumb/v7-m/nofp/libc_nano.a(lib_a-mprec.o)
                0x00000000080129ec                __multiply
 .text.__pow5mult
                0x0000000008012b3c       0xb4 /Applications/STM32CubeIDE.app/Contents/Eclipse/plugins/com.st.stm32cube.ide.mcu.externaltools.gnu-tools-for-stm32.10.3-2021.10.macos64_1.0.0.202111181127/tools/bin/../lib/gcc/arm-none-eabi/10.3.1/../../../../arm-none-eabi/lib/thumb/v7-m/nofp/libc_nano.a(lib_a-mprec.o)
                0x0000000008012b3c                __pow5mult
 .text.__lshift
                0x0000000008012bf0       0xe0 /Applications/STM32CubeIDE.app/Contents/Eclipse/plugins/com.st.stm32cube.ide.mcu.externaltools.gnu-tools-for-stm32.10.3-2021.10.macos64_1.0.0.202111181127/tools/bin/../lib/gcc/arm-none-eabi/10.3.1/../../../../arm-none-eabi/lib/thumb/v7-m/nofp/libc_nano.a(lib_a-mprec.o)
                0x0000000008012bf0                __lshift
 .text.__mcmp   0x0000000008012cd0       0x36 /Applications/STM32CubeIDE.app/Contents/Eclipse/plugins/com.st.stm32cube.ide.mcu.externaltools.gnu-tools-for-stm32.10.3-2021.10.macos64_1.0.0.202111181127/tools/bin/../lib/gcc/arm-none-eabi/10.3.1/../../../../arm-none-eabi/lib/thumb/v7-m/nofp/libc_nano.a(lib_a-mprec.o)
                0x0000000008012cd0                __mcmp
 *fill*         0x0000000008012d06        0x2 
 .text.__mdiff  0x0000000008012d08      0x118 /Applications/STM32CubeIDE.app/Contents/Eclipse/plugins/com.st.stm32cube.ide.mcu.externaltools.gnu-tools-for-stm32.10.3-2021.10.macos64_1.0.0.202111181127/tools/bin/../lib/gcc/arm-none-eabi/10.3.1/../../../../arm-none-eabi/lib/thumb/v7-m/nofp/libc_nano.a(lib_a-mprec.o)
                0x0000000008012d08                __mdiff
 .text.__d2b    0x0000000008012e20       0xb8 /Applications/STM32CubeIDE.app/Contents/Eclipse/plugins/com.st.stm32cube.ide.mcu.externaltools.gnu-tools-for-stm32.10.3-2021.10.macos64_1.0.0.202111181127/tools/bin/../lib/gcc/arm-none-eabi/10.3.1/../../../../arm-none-eabi/lib/thumb/v7-m/nofp/libc_nano.a(lib_a-mprec.o)
                0x0000000008012e20                __d2b
 .text._calloc_r
                0x0000000008012ed8       0x28 /Applications/STM32CubeIDE.app/Contents/Eclipse/plugins/com.st.stm32cube.ide.mcu.externaltools.gnu-tools-for-stm32.10.3-2021.10.macos64_1.0.0.202111181127/tools/bin/../lib/gcc/arm-none-eabi/10.3.1/../../../../arm-none-eabi/lib/thumb/v7-m/nofp/libc_nano.a(lib_a-nano-callocr.o)
                0x0000000008012ed8                _calloc_r
 .text.__ssputs_r
                0x0000000008012f00       0xb6 /Applications/STM32CubeIDE.app/Contents/Eclipse/plugins/com.st.stm32cube.ide.mcu.externaltools.gnu-tools-for-stm32.10.3-2021.10.macos64_1.0.0.202111181127/tools/bin/../lib/gcc/arm-none-eabi/10.3.1/../../../../arm-none-eabi/lib/thumb/v7-m/nofp/libc_nano.a(lib_a-nano-svfprintf.o)
                0x0000000008012f00                __ssputs_r
 *fill*         0x0000000008012fb6        0x2 
 .text._svfprintf_r
                0x0000000008012fb8      0x200 /Applications/STM32CubeIDE.app/Contents/Eclipse/plugins/com.st.stm32cube.ide.mcu.externaltools.gnu-tools-for-stm32.10.3-2021.10.macos64_1.0.0.202111181127/tools/bin/../lib/gcc/arm-none-eabi/10.3.1/../../../../arm-none-eabi/lib/thumb/v7-m/nofp/libc_nano.a(lib_a-nano-svfprintf.o)
                0x0000000008012fb8                _svfprintf_r
                0x0000000008012fb8                _svfiprintf_r
 .text.__sfputc_r
                0x00000000080131b8       0x2a /Applications/STM32CubeIDE.app/Contents/Eclipse/plugins/com.st.stm32cube.ide.mcu.externaltools.gnu-tools-for-stm32.10.3-2021.10.macos64_1.0.0.202111181127/tools/bin/../lib/gcc/arm-none-eabi/10.3.1/../../../../arm-none-eabi/lib/thumb/v7-m/nofp/libc_nano.a(lib_a-nano-vfprintf.o)
 .text.__sfputs_r
                0x00000000080131e2       0x24 /Applications/STM32CubeIDE.app/Contents/Eclipse/plugins/com.st.stm32cube.ide.mcu.externaltools.gnu-tools-for-stm32.10.3-2021.10.macos64_1.0.0.202111181127/tools/bin/../lib/gcc/arm-none-eabi/10.3.1/../../../../arm-none-eabi/lib/thumb/v7-m/nofp/libc_nano.a(lib_a-nano-vfprintf.o)
                0x00000000080131e2                __sfputs_r
 *fill*         0x0000000008013206        0x2 
 .text._vfprintf_r
                0x0000000008013208      0x260 /Applications/STM32CubeIDE.app/Contents/Eclipse/plugins/com.st.stm32cube.ide.mcu.externaltools.gnu-tools-for-stm32.10.3-2021.10.macos64_1.0.0.202111181127/tools/bin/../lib/gcc/arm-none-eabi/10.3.1/../../../../arm-none-eabi/lib/thumb/v7-m/nofp/libc_nano.a(lib_a-nano-vfprintf.o)
                0x0000000008013208                _vfiprintf_r
                0x0000000008013208                _vfprintf_r
 .text._kill_r  0x0000000008013468       0x24 /Applications/STM32CubeIDE.app/Contents/Eclipse/plugins/com.st.stm32cube.ide.mcu.externaltools.gnu-tools-for-stm32.10.3-2021.10.macos64_1.0.0.202111181127/tools/bin/../lib/gcc/arm-none-eabi/10.3.1/../../../../arm-none-eabi/lib/thumb/v7-m/nofp/libc_nano.a(lib_a-signalr.o)
                0x0000000008013468                _kill_r
 .text._getpid_r
                0x000000000801348c        0x4 /Applications/STM32CubeIDE.app/Contents/Eclipse/plugins/com.st.stm32cube.ide.mcu.externaltools.gnu-tools-for-stm32.10.3-2021.10.macos64_1.0.0.202111181127/tools/bin/../lib/gcc/arm-none-eabi/10.3.1/../../../../arm-none-eabi/lib/thumb/v7-m/nofp/libc_nano.a(lib_a-signalr.o)
                0x000000000801348c                _getpid_r
 .text.__swbuf_r