../Core/Src/handle.c:30:6:update_display	24	static
../Core/Src/handle.c:44:6:handle_lose	16	static
../Core/Src/handle.c:56:6:handle_empty	8	static
../Core/Src/handle.c:65:6:handle_endpt	16	static
../Core/Src/handle.c:94:6:handle_key	8	static
../Core/Src/handle.c:109:6:handle_game1	24	static
../Core/Src/handle.c:139:6:handle_game2	56	dynamic
../Core/Src/handle.c:183:6:handle_game3	24	static
../Core/Src/handle.c:218:6:handle_dark	40	static
../Core/Src/handle.c:277:6:handle_bright	40	static
../Core/Src/handle.c:340:6:handle_ice	56	static
../Core/Src/handle.c:398:6:handle_fire	56	static
../Core/Src/handle.c:458:6:handle_ghost	24	static
../Core/Src/handle.c:510:6:handle_stone	24	static
../Core/Src/handle.c:543:6:handle_door	24	static
../Core/Src/handle.c:576:6:handle_addheart	8	static
../Core/Src/handle.c:596:6:handle_prison	8	static
../Core/Src/handle.c:611:6:handle_hidden	24	static
