../Core/Src/lcd.c:10:6:Delay	16	static
../Core/Src/lcd.c:12:6:LCD_INIT	16	static
../Core/Src/lcd.c:22:6:LCD_Rst	8	static
../Core/Src/lcd.c:31:6:LCD_BackLed_Control	16	static
../Core/Src/lcd.c:42:6:LCD_Write_Cmd	16	static
../Core/Src/lcd.c:50:6:LCD_Write_Data	16	static
../Core/Src/lcd.c:58:10:LCD_Read_Data	4	static
../Core/Src/lcd.c:64:6:LCD_REG_Config	8	static
../Core/Src/lcd.c:228:6:LCD_OpenWindow	24	static
../Core/Src/lcd.c:245:6:LCD_FillColor	24	static
../Core/Src/lcd.c:260:6:LCD_Clear	24	static
../Core/Src/lcd.c:269:10:LCD_Read_PixelData	16	static
../Core/Src/lcd.c:289:10:LCD_GetPointPixel	24	static
../Core/Src/lcd.c:303:6:LCD_DrawLine	64	static
../Core/Src/lcd.c:375:6:LCD_DrawChar	32	static
../Core/Src/lcd.c:409:6:LCD_DrawString	40	static
../Core/Src/lcd.c:456:6:LCD_DrawBox	32	static
../Core/Src/lcd.c:466:6:LCD_DrawDot	16	static
../Core/Src/lcd.c:475:6:LCD_maze	32	static
../Core/Src/lcd.c:546:6:LCD_Drawelement	40	static
../Core/Src/lcd.c:567:6:LCD_Drawkey	32	static
../Core/Src/lcd.c:588:6:LCD_Drawheart	32	static
../Core/Src/lcd.c:610:6:LCD_DrawChar_Color	32	static
../Core/Src/lcd.c:640:6:LCD_DrawCross	24	static
../Core/Src/lcd.c:648:6:LCD_DrawString_Color	40	static
../Core/Src/lcd.c:675:6:LCD_GramScan	16	static
