../Core/Src/main.c:184:5:main	8	static
../Core/Src/main.c:264:6:SystemClock_Config	96	static
../Core/Src/main.c:312:13:MX_ADC1_Init	24	static
../Core/Src/main.c:359:13:MX_ADC3_Init	24	static
../Core/Src/main.c:415:13:MX_I2C2_Init	8	static
../Core/Src/main.c:449:13:MX_I2S2_Init	8	static
../Core/Src/main.c:481:13:MX_SDIO_SD_Init	8	static
../Core/Src/main.c:510:13:MX_SPI1_Init	8	static
../Core/Src/main.c:548:13:MX_TIM1_Init	32	static
../Core/Src/main.c:594:13:MX_TIM2_Init	32	static
../Core/Src/main.c:639:13:MX_TIM3_Init	32	static
../Core/Src/main.c:684:13:MX_USART1_UART_Init	8	static
../Core/Src/main.c:715:13:MX_DMA_Init	16	static
../Core/Src/main.c:740:13:MX_GPIO_Init	48	static
../Core/Src/main.c:853:13:MX_FSMC_Init	40	static
../Core/Src/main.c:910:6:HAL_TIM_PeriodElapsedCallback	16	static
../Core/Src/main.c:925:6:Error_Handler	4	static,ignoring_inline_asm
