../Core/Src/handle.c:28:6:update_display	24	static
../Core/Src/handle.c:42:6:handle_lose	16	static
../Core/Src/handle.c:53:6:handle_empty	8	static
../Core/Src/handle.c:62:6:handle_endpt	16	static
../Core/Src/handle.c:90:6:handle_key	8	static
../Core/Src/handle.c:105:6:handle_game1	24	static
../Core/Src/handle.c:135:6:handle_game2	8	static
../Core/Src/handle.c:189:6:handle_game3	24	static
../Core/Src/handle.c:222:6:handle_dark	40	static
../Core/Src/handle.c:281:6:handle_bright	40	static
../Core/Src/handle.c:344:6:handle_ice	56	static
../Core/Src/handle.c:402:6:handle_fire	56	static
../Core/Src/handle.c:462:6:handle_ghost	24	static
../Core/Src/handle.c:514:6:handle_stone	8	static
../Core/Src/handle.c:526:6:handle_door	8	static
../Core/Src/handle.c:538:6:handle_addheart	8	static
../Core/Src/handle.c:558:6:handle_prison	8	static
../Core/Src/handle.c:573:6:handle_hidden	24	static
