../Core/Src/main.c:226:5:main	8	static
../Core/Src/main.c:318:6:SystemClock_Config	96	static
../Core/Src/main.c:366:13:MX_ADC1_Init	24	static
../Core/Src/main.c:413:13:MX_ADC3_Init	24	static
../Core/Src/main.c:470:13:MX_I2C2_Init	8	static
../Core/Src/main.c:504:13:MX_I2S2_Init	8	static
../Core/Src/main.c:536:13:MX_SDIO_SD_Init	8	static
../Core/Src/main.c:565:13:MX_SPI1_Init	8	static
../Core/Src/main.c:603:13:MX_TIM1_Init	32	static
../Core/Src/main.c:649:13:MX_TIM2_Init	32	static
../Core/Src/main.c:694:13:MX_TIM3_Init	32	static
../Core/Src/main.c:739:13:MX_USART1_UART_Init	8	static
../Core/Src/main.c:770:13:MX_DMA_Init	16	static
../Core/Src/main.c:795:13:MX_GPIO_Init	48	static
../Core/Src/main.c:911:13:MX_FSMC_Init	40	static
../Core/Src/main.c:968:6:HAL_TIM_PeriodElapsedCallback	16	static
../Core/Src/main.c:983:6:Error_Handler	4	static,ignoring_inline_asm
