../Core/Src/maze.c:26:6:restart	16	static
../Core/Src/maze.c:37:6:maze_all	8	static
../Core/Src/maze.c:46:6:start_page	16	static
../Core/Src/maze.c:146:6:adjust_level	4	static
../Core/Src/maze.c:177:6:LCD_Display	32	static
../Core/Src/maze.c:195:6:generate_whole_maze	24	static
../Core/Src/maze.c:223:6:setRandomSeed	104	static
../Core/Src/maze.c:235:6:get_random_row_col	8	static
../Core/Src/maze.c:253:6:get_random_start	8	static
../Core/Src/maze.c:283:6:get_random_end	8	static
../Core/Src/maze.c:334:6:init_maze_array	16	static
../Core/Src/maze.c:347:6:free_maze_array	16	static
../Core/Src/maze.c:361:6:generate_maze	112	static
../Core/Src/maze.c:400:6:add_start_end_maze	4	static
../Core/Src/maze.c:409:6:add_key_maze	16	static
../Core/Src/maze.c:425:6:shuffle_array	32	static
../Core/Src/maze.c:437:6:add_obstacle_maze	40	static
