../Core/Src/stm32f1xx_hal_msp.c:68:6:HAL_MspInit	24	static
../Core/Src/stm32f1xx_hal_msp.c:94:6:HAL_ADC_MspInit	48	static
../Core/Src/stm32f1xx_hal_msp.c:164:6:HAL_ADC_MspDeInit	16	static
../Core/Src/stm32f1xx_hal_msp.c:212:6:HAL_I2C_MspInit	40	static
../Core/Src/stm32f1xx_hal_msp.c:246:6:HAL_I2C_MspDeInit	16	static
../Core/Src/stm32f1xx_hal_msp.c:277:6:HAL_I2S_MspInit	40	static
../Core/Src/stm32f1xx_hal_msp.c:329:6:HAL_I2S_MspDeInit	16	static
../Core/Src/stm32f1xx_hal_msp.c:361:6:HAL_SD_MspInit	48	static
../Core/Src/stm32f1xx_hal_msp.c:402:6:HAL_SD_MspDeInit	16	static
../Core/Src/stm32f1xx_hal_msp.c:434:6:HAL_SPI_MspInit	40	static
../Core/Src/stm32f1xx_hal_msp.c:485:6:HAL_SPI_MspDeInit	16	static
../Core/Src/stm32f1xx_hal_msp.c:516:6:HAL_TIM_Base_MspInit	32	static
../Core/Src/stm32f1xx_hal_msp.c:563:6:HAL_TIM_Base_MspDeInit	16	static
../Core/Src/stm32f1xx_hal_msp.c:610:6:HAL_UART_MspInit	40	static
../Core/Src/stm32f1xx_hal_msp.c:649:6:HAL_UART_MspDeInit	16	static
../Core/Src/stm32f1xx_hal_msp.c:674:13:HAL_FSMC_MspInit	32	static
../Core/Src/stm32f1xx_hal_msp.c:728:6:HAL_SRAM_MspInit	16	static
../Core/Src/stm32f1xx_hal_msp.c:740:13:HAL_FSMC_MspDeInit	8	static
../Core/Src/stm32f1xx_hal_msp.c:786:6:HAL_SRAM_MspDeInit	16	static
